Archive member included to satisfy reference by file (symbol)

c:/nxp/mcuxpressoide_10.2.0_759/ide/tools/bin/../lib/gcc/arm-none-eabi/7.2.1/../../../../arm-none-eabi/lib/thumb/v7e-m/fpv4-sp/hard\libcr_semihost_nf.a(_cr__main.o)
                              ./startup/startup_mk64f12.o (__main)
c:/nxp/mcuxpressoide_10.2.0_759/ide/tools/bin/../lib/gcc/arm-none-eabi/7.2.1/../../../../arm-none-eabi/lib/thumb/v7e-m/fpv4-sp/hard\libcr_semihost_nf.a(_cr_assert.o)
                              ./utilities/fsl_debug_console.o (__assertion_failed)
c:/nxp/mcuxpressoide_10.2.0_759/ide/tools/bin/../lib/gcc/arm-none-eabi/7.2.1/../../../../arm-none-eabi/lib/thumb/v7e-m/fpv4-sp/hard\libcr_semihost_nf.a(__ciob.o)
                              c:/nxp/mcuxpressoide_10.2.0_759/ide/tools/bin/../lib/gcc/arm-none-eabi/7.2.1/../../../../arm-none-eabi/lib/thumb/v7e-m/fpv4-sp/hard\libcr_semihost_nf.a(_cr_assert.o) (__Ciob)
c:/nxp/mcuxpressoide_10.2.0_759/ide/tools/bin/../lib/gcc/arm-none-eabi/7.2.1/../../../../arm-none-eabi/lib/thumb/v7e-m/fpv4-sp/hard\libcr_semihost_nf.a(__sys_appexit.o)
                              c:/nxp/mcuxpressoide_10.2.0_759/ide/tools/bin/../lib/gcc/arm-none-eabi/7.2.1/../../../../arm-none-eabi/lib/thumb/v7e-m/fpv4-sp/hard\libcr_semihost_nf.a(_cr_assert.o) (__sys_appexit)
c:/nxp/mcuxpressoide_10.2.0_759/ide/tools/bin/../lib/gcc/arm-none-eabi/7.2.1/../../../../arm-none-eabi/lib/thumb/v7e-m/fpv4-sp/hard\libcr_c.a(memcpy.o)
                              ./drivers/fsl_ftfx_cache.o (memcpy)
c:/nxp/mcuxpressoide_10.2.0_759/ide/tools/bin/../lib/gcc/arm-none-eabi/7.2.1/../../../../arm-none-eabi/lib/thumb/v7e-m/fpv4-sp/hard\libcr_c.a(memset.o)
                              ./drivers/fsl_ftfx_cache.o (memset)
c:/nxp/mcuxpressoide_10.2.0_759/ide/tools/bin/../lib/gcc/arm-none-eabi/7.2.1/../../../../arm-none-eabi/lib/thumb/v7e-m/fpv4-sp/hard\libcr_c.a(_deferredlazyseek.o)
                              c:/nxp/mcuxpressoide_10.2.0_759/ide/tools/bin/../lib/gcc/arm-none-eabi/7.2.1/../../../../arm-none-eabi/lib/thumb/v7e-m/fpv4-sp/hard\libcr_semihost_nf.a(_cr_assert.o) (__flsbuf)
c:/nxp/mcuxpressoide_10.2.0_759/ide/tools/bin/../lib/gcc/arm-none-eabi/7.2.1/../../../../arm-none-eabi/lib/thumb/v7e-m/fpv4-sp/hard\libcr_c.a(_fflush.o)
                              c:/nxp/mcuxpressoide_10.2.0_759/ide/tools/bin/../lib/gcc/arm-none-eabi/7.2.1/../../../../arm-none-eabi/lib/thumb/v7e-m/fpv4-sp/hard\libcr_c.a(_deferredlazyseek.o) (_fflush)
c:/nxp/mcuxpressoide_10.2.0_759/ide/tools/bin/../lib/gcc/arm-none-eabi/7.2.1/../../../../arm-none-eabi/lib/thumb/v7e-m/fpv4-sp/hard\libcr_c.a(_writebuf.o)
                              c:/nxp/mcuxpressoide_10.2.0_759/ide/tools/bin/../lib/gcc/arm-none-eabi/7.2.1/../../../../arm-none-eabi/lib/thumb/v7e-m/fpv4-sp/hard\libcr_c.a(_deferredlazyseek.o) (_Cwritebuf)
c:/nxp/mcuxpressoide_10.2.0_759/ide/tools/bin/../lib/gcc/arm-none-eabi/7.2.1/../../../../arm-none-eabi/lib/thumb/v7e-m/fpv4-sp/hard\libcr_c.a(alloc.o)
                              ./drivers/fsl_common.o (malloc)
c:/nxp/mcuxpressoide_10.2.0_759/ide/tools/bin/../lib/gcc/arm-none-eabi/7.2.1/../../../../arm-none-eabi/lib/thumb/v7e-m/fpv4-sp/hard\libcr_c.a(fputs.o)
                              c:/nxp/mcuxpressoide_10.2.0_759/ide/tools/bin/../lib/gcc/arm-none-eabi/7.2.1/../../../../arm-none-eabi/lib/thumb/v7e-m/fpv4-sp/hard\libcr_semihost_nf.a(_cr_assert.o) (fputs)
c:/nxp/mcuxpressoide_10.2.0_759/ide/tools/bin/../lib/gcc/arm-none-eabi/7.2.1/../../../../arm-none-eabi/lib/thumb/v7e-m/fpv4-sp/hard\libcr_c.a(fseek.o)
                              c:/nxp/mcuxpressoide_10.2.0_759/ide/tools/bin/../lib/gcc/arm-none-eabi/7.2.1/../../../../arm-none-eabi/lib/thumb/v7e-m/fpv4-sp/hard\libcr_c.a(_deferredlazyseek.o) (fseek)
c:/nxp/mcuxpressoide_10.2.0_759/ide/tools/bin/../lib/gcc/arm-none-eabi/7.2.1/../../../../arm-none-eabi/lib/thumb/v7e-m/fpv4-sp/hard\libcr_c.a(ftell.o)
                              c:/nxp/mcuxpressoide_10.2.0_759/ide/tools/bin/../lib/gcc/arm-none-eabi/7.2.1/../../../../arm-none-eabi/lib/thumb/v7e-m/fpv4-sp/hard\libcr_c.a(fseek.o) (ftell)
c:/nxp/mcuxpressoide_10.2.0_759/ide/tools/bin/../lib/gcc/arm-none-eabi/7.2.1/../../../../arm-none-eabi/lib/thumb/v7e-m/fpv4-sp/hard\libcr_c.a(initio.o)
                              c:/nxp/mcuxpressoide_10.2.0_759/ide/tools/bin/../lib/gcc/arm-none-eabi/7.2.1/../../../../arm-none-eabi/lib/thumb/v7e-m/fpv4-sp/hard\libcr_semihost_nf.a(_cr__main.o) (_initio)
c:/nxp/mcuxpressoide_10.2.0_759/ide/tools/bin/../lib/gcc/arm-none-eabi/7.2.1/../../../../arm-none-eabi/lib/thumb/v7e-m/fpv4-sp/hard\libcr_c.a(printf.o)
                              ./utilities/fsl_assert.o (_printf)
c:/nxp/mcuxpressoide_10.2.0_759/ide/tools/bin/../lib/gcc/arm-none-eabi/7.2.1/../../../../arm-none-eabi/lib/thumb/v7e-m/fpv4-sp/hard\libcr_c.a(setvbuf.o)
                              c:/nxp/mcuxpressoide_10.2.0_759/ide/tools/bin/../lib/gcc/arm-none-eabi/7.2.1/../../../../arm-none-eabi/lib/thumb/v7e-m/fpv4-sp/hard\libcr_c.a(initio.o) (setvbuf)
[...]
Memory Configuration

Name             Origin             Length             Attributes
PROGRAM_FLASH    0x00000000         0x00100000         xr
SRAM_UPPER       0x20000000         0x00030000         xrw
SRAM_LOWER       0x1fff0000         0x00010000         xrw
FLEX_RAM         0x14000000         0x00001000         xrw
*default*        0x00000000         0xffffffff

Linker script and memory map

LOAD ./utilities/fsl_assert.o
LOAD ./utilities/fsl_debug_console.o
LOAD ./utilities/fsl_io.o
LOAD ./utilities/fsl_log.o
LOAD ./utilities/fsl_str.o
LOAD ./startup/startup_mk64f12.o
LOAD ./source/freertos_uart.o
LOAD ./source/semihost_hardfault.o
LOAD ./drivers/freertos/fsl_uart_freertos.o
LOAD ./drivers/fsl_clock.o
LOAD ./drivers/fsl_common.o
LOAD ./drivers/fsl_ftfx_cache.o
LOAD ./drivers/fsl_ftfx_controller.o
LOAD ./drivers/fsl_ftfx_flash.o
LOAD ./drivers/fsl_ftfx_flexnvm.o
LOAD ./drivers/fsl_gpio.o
LOAD ./drivers/fsl_smc.o
LOAD ./drivers/fsl_uart.o
LOAD ./board/src/board.o
LOAD ./board/src/clock_config.o
LOAD ./board/peripherals.o
LOAD ./board/pin_mux.o
LOAD ./amazon-freertos/portable/fsl_tickless_systick.o
LOAD ./amazon-freertos/FreeRTOS/portable/heap_4.o
LOAD ./amazon-freertos/FreeRTOS/portable/port.o
LOAD ./amazon-freertos/FreeRTOS/event_groups.o
LOAD ./amazon-freertos/FreeRTOS/list.o
LOAD ./amazon-freertos/FreeRTOS/queue.o
LOAD ./amazon-freertos/FreeRTOS/stream_buffer.o
LOAD ./amazon-freertos/FreeRTOS/tasks.o
LOAD ./amazon-freertos/FreeRTOS/timers.o
LOAD ./CMSIS/system_MK64F12.o
START GROUP
LOAD c:/nxp/mcuxpressoide_10.2.0_759/ide/tools/bin/../lib/gcc/arm-none-eabi/7.2.1/../../../../arm-none-eabi/lib/thumb/v7e-m/fpv4-sp/hard\libcr_semihost_nf.a
LOAD c:/nxp/mcuxpressoide_10.2.0_759/ide/tools/bin/../lib/gcc/arm-none-eabi/7.2.1/../../../../arm-none-eabi/lib/thumb/v7e-m/fpv4-sp/hard\libcr_c.a
LOAD c:/nxp/mcuxpressoide_10.2.0_759/ide/tools/bin/../lib/gcc/arm-none-eabi/7.2.1/thumb/v7e-m/fpv4-sp/hard\libcr_eabihelpers.a
END GROUP
                0x00000000                __base_PROGRAM_FLASH = 0x0
                0x00000000                __base_Flash = 0x0
                0x00100000                __top_PROGRAM_FLASH = 0x100000
                0x00100000                __top_Flash = 0x100000
                0x20000000                __base_SRAM_UPPER = 0x20000000
                0x20000000                __base_RAM = 0x20000000
                0x20030000                __top_SRAM_UPPER = 0x20030000
                0x20030000                __top_RAM = 0x20030000
                0x1fff0000                __base_SRAM_LOWER = 0x1fff0000
                0x1fff0000                __base_RAM2 = 0x1fff0000
                0x20000000                __top_SRAM_LOWER = 0x20000000
                0x20000000                __top_RAM2 = 0x20000000
                0x14000000                __base_FLEX_RAM = 0x14000000
                0x14000000                __base_RAM3 = 0x14000000
                0x14001000                __top_FLEX_RAM = 0x14001000
                0x14001000                __top_RAM3 = 0x14001000

.text           0x00000000     0x79f8
 FILL mask 0xff
                0x00000000                __vectors_start__ = ABSOLUTE (.)
 *(SORT_BY_ALIGNMENT(.isr_vector))
 .isr_vector    0x00000000      0x198 ./startup/startup_mk64f12.o
                0x00000000                g_pfnVectors
                0x00000000                __Vectors
                0x00000198                . = ALIGN (0x4)
                0x00000198                __section_table_start = .
                0x00000198                __data_section_table = .
                0x00000198        0x4 LONG 0x79f8 LOADADDR (.data)
                0x0000019c        0x4 LONG 0x20000000 ADDR (.data)
                0x000001a0        0x4 LONG 0x38 SIZEOF (.data)
                0x000001a4        0x4 LONG 0x79f8 LOADADDR (.data_RAM2)
                0x000001a8        0x4 LONG 0x1fff0000 ADDR (.data_RAM2)
                0x000001ac        0x4 LONG 0x0 SIZEOF (.data_RAM2)
                0x000001b0        0x4 LONG 0x79f8 LOADADDR (.data_RAM3)
                0x000001b4        0x4 LONG 0x14000000 ADDR (.data_RAM3)
                0x000001b8        0x4 LONG 0x0 SIZEOF (.data_RAM3)
                0x000001bc                __data_section_table_end = .
                0x000001bc                __bss_section_table = .
                0x000001bc        0x4 LONG 0x20000038 ADDR (.bss)
                0x000001c0        0x4 LONG 0x2b00 SIZEOF (.bss)
                0x000001c4        0x4 LONG 0x1fff0000 ADDR (.bss_RAM2)
                0x000001c8        0x4 LONG 0x0 SIZEOF (.bss_RAM2)
                0x000001cc        0x4 LONG 0x14000000 ADDR (.bss_RAM3)
                0x000001d0        0x4 LONG 0x0 SIZEOF (.bss_RAM3)
                0x000001d4                __bss_section_table_end = .
                0x000001d4                __section_table_end = .
 *(SORT_BY_ALIGNMENT(.after_vectors*))
 .after_vectors.reset
                0x000001d4       0x4c ./startup/startup_mk64f12.o
                0x000001d4                ResetISR
 .after_vectors.init_data
                0x00000220       0x1e ./startup/startup_mk64f12.o
                0x00000220                data_init
 .after_vectors.init_bss
                0x0000023e       0x12 ./startup/startup_mk64f12.o
                0x0000023e                bss_init
 .after_vectors
                0x00000250       0x14 ./startup/startup_mk64f12.o
                0x00000250                NMI_Handler
                0x00000254                MemManage_Handler
                0x00000256                BusFault_Handler
                0x00000258                UsageFault_Handler
                0x0000025c                DebugMon_Handler
                0x00000262                LPTMR0_DriverIRQHandler
                0x00000262                DMA_Error_DriverIRQHandler
                0x00000262                SPI1_DriverIRQHandler
                0x00000262                FTM1_DriverIRQHandler
                0x00000262                FTM2_DriverIRQHandler
                0x00000262                PIT2_DriverIRQHandler
                0x00000262                SDHC_DriverIRQHandler
                0x00000262                I2S0_Tx_DriverIRQHandler
                0x00000262                RTC_Seconds_DriverIRQHandler
                0x00000262                DMA6_DriverIRQHandler
                0x00000262                LLWU_DriverIRQHandler
                0x00000262                MCM_DriverIRQHandler
                0x00000262                MCG_DriverIRQHandler
                0x00000262                ENET_1588_Timer_DriverIRQHandler
                0x00000262                I2C2_DriverIRQHandler
                0x00000262                DAC1_DriverIRQHandler
                0x00000262                DMA12_DriverIRQHandler
                0x00000262                CMP1_DriverIRQHandler
                0x00000262                FTM0_DriverIRQHandler
                0x00000262                IntDefaultHandler
                0x00000262                USB0_DriverIRQHandler
                0x00000262                UART5_ERR_DriverIRQHandler
                0x00000262                PORTC_DriverIRQHandler
                0x00000262                DMA11_DriverIRQHandler
                0x00000262                DAC0_DriverIRQHandler
                0x00000262                DMA10_DriverIRQHandler
                0x00000262                CMP2_DriverIRQHandler
                0x00000262                UART2_ERR_DriverIRQHandler
                0x00000262                SPI2_DriverIRQHandler
                0x00000262                LVD_LVW_DriverIRQHandler
                0x00000262                PIT0_DriverIRQHandler
                0x00000262                PORTB_DriverIRQHandler
                0x00000262                DMA5_DriverIRQHandler
                0x00000262                DMA4_DriverIRQHandler
                0x00000262                USBDCD_DriverIRQHandler
                0x00000262                UART3_ERR_DriverIRQHandler
                0x00000262                DMA3_DriverIRQHandler
                0x00000262                DMA8_DriverIRQHandler
                0x00000262                DMA9_DriverIRQHandler
                0x00000262                UART0_ERR_DriverIRQHandler
                0x00000262                CMT_DriverIRQHandler
                0x00000262                Reserved71_DriverIRQHandler
                0x00000262                ADC1_DriverIRQHandler
                0x00000262                PORTA_DriverIRQHandler
                0x00000262                DMA14_DriverIRQHandler
                0x00000262                PIT3_DriverIRQHandler
                0x00000262                PIT1_DriverIRQHandler
                0x00000262                WDOG_EWM_DriverIRQHandler
                0x00000262                PDB0_DriverIRQHandler
                0x00000262                RTC_DriverIRQHandler
                0x00000262                I2S0_Rx_DriverIRQHandler
                0x00000262                Read_Collision_DriverIRQHandler
                0x00000262                SWI_DriverIRQHandler
                0x00000262                UART4_ERR_DriverIRQHandler
                0x00000262                DMA0_DriverIRQHandler
                0x00000262                UART0_LON_DriverIRQHandler
                0x00000262                DMA1_DriverIRQHandler
                0x00000262                I2C1_DriverIRQHandler
                0x00000262                ENET_Receive_DriverIRQHandler
                0x00000262                DMA13_DriverIRQHandler
                0x00000262                ENET_Error_DriverIRQHandler
                0x00000262                DMA15_DriverIRQHandler
                0x00000262                SPI0_DriverIRQHandler
                0x00000262                ADC0_DriverIRQHandler
                0x00000262                CMP0_DriverIRQHandler
                0x00000262                CAN0_DriverIRQHandler
                0x00000262                FTM3_DriverIRQHandler
                0x00000262                RNG_DriverIRQHandler
                0x00000262                UART1_ERR_DriverIRQHandler
                0x00000262                DMA2_DriverIRQHandler
                0x00000262                ENET_Transmit_DriverIRQHandler
                0x00000262                PORTD_DriverIRQHandler
                0x00000262                PORTE_DriverIRQHandler
                0x00000262                FTFE_DriverIRQHandler
                0x00000262                I2C0_DriverIRQHandler
                0x00000262                DMA7_DriverIRQHandler
                0x00000400                . = 0x400
 *fill*         0x00000264      0x19c ff
                0x00000400                PROVIDE (__FLASH_CONFIG_START__, .)
 *(SORT_BY_ALIGNMENT(.FlashConfig))
 .FlashConfig   0x00000400       0x10 ./startup/startup_mk64f12.o
                0x00000400                Flash_Config
                0x00000410                PROVIDE (__FLASH_CONFIG_END__, .)
                0x00000001                ASSERT (! ((__FLASH_CONFIG_START__ == __FLASH_CONFIG_END__)), Linker Flash Config Support Enabled, but no .FlashConfig section provided within application)
 *(SORT_BY_ALIGNMENT(.text*))
 .text.SVC_Handler
                0x00000410       0x28 ./amazon-freertos/FreeRTOS/portable/port.o
                0x00000410                SVC_Handler
 *fill*         0x00000438        0x8 ff
 .text.PendSV_Handler
                0x00000440       0x68 ./amazon-freertos/FreeRTOS/portable/port.o
                0x00000440                PendSV_Handler
 .text.__NVIC_SetPriority
                0x000004a8       0x54 ./source/freertos_uart.o
 .text.main     0x000004fc       0x4c ./source/freertos_uart.o
                0x000004fc                main
 .text.uart_task
                0x00000548      0x110 ./source/freertos_uart.o
 .text.UART_RTOS_Callback
                0x00000658       0xc0 ./drivers/freertos/fsl_uart_freertos.o
 .text.UART_RTOS_Init
                0x00000718      0x16c ./drivers/freertos/fsl_uart_freertos.o
                0x00000718                UART_RTOS_Init
 .text.CLOCK_SetEr32kClock
                0x00000884       0x30 ./drivers/fsl_clock.o
 .text.CLOCK_SetPllFllSelClock
                0x000008b4       0x3c ./drivers/fsl_clock.o
 .text.CLOCK_GetMcgExtClkFreq
                0x000008f0       0x78 ./drivers/fsl_clock.o
 .text.CLOCK_GetFllExtRefClkFreq
                0x00000968       0xd0 ./drivers/fsl_clock.o
 .text.CLOCK_GetInternalRefClkSelectFreq
                0x00000a38       0x44 ./drivers/fsl_clock.o
 .text.CLOCK_GetFllRefClkFreq
                0x00000a7c       0x2c ./drivers/fsl_clock.o
 .text.CLOCK_GetOscRangeFromFreq
                0x00000aa8       0x3c ./drivers/fsl_clock.o
 .text.CLOCK_GetOsc0ErClkFreq
                0x00000ae4       0x38 ./drivers/fsl_clock.o
                0x00000ae4                CLOCK_GetOsc0ErClkFreq
 .text.CLOCK_GetEr32kClkFreq
                0x00000b1c       0x70 ./drivers/fsl_clock.o
                0x00000b1c                CLOCK_GetEr32kClkFreq
 .text.CLOCK_GetPllFllSelClkFreq
                0x00000b8c       0x54 ./drivers/fsl_clock.o
                0x00000b8c                CLOCK_GetPllFllSelClkFreq
 .text.CLOCK_GetFreq
                0x00000be0      0x148 ./drivers/fsl_clock.o
                0x00000be0                CLOCK_GetFreq
 .text.CLOCK_SetSimConfig
                0x00000d28       0x38 ./drivers/fsl_clock.o
                0x00000d28                CLOCK_SetSimConfig
 .text.CLOCK_GetOutClkFreq
                0x00000d60       0x64 ./drivers/fsl_clock.o
                0x00000d60                CLOCK_GetOutClkFreq
 .text.CLOCK_GetFllFreq
                0x00000dc4       0x7c ./drivers/fsl_clock.o
                0x00000dc4                CLOCK_GetFllFreq
 .text.CLOCK_GetInternalRefClkFreq
                0x00000e40       0x24 ./drivers/fsl_clock.o
                0x00000e40                CLOCK_GetInternalRefClkFreq
 .text.CLOCK_GetPll0Freq
                0x00000e64       0x68 ./drivers/fsl_clock.o
                0x00000e64                CLOCK_GetPll0Freq
 .text.CLOCK_SetExternalRefClkConfig
                0x00000ecc       0x6c ./drivers/fsl_clock.o
                0x00000ecc                CLOCK_SetExternalRefClkConfig
 .text.CLOCK_SetInternalRefClkConfig
                0x00000f38      0x104 ./drivers/fsl_clock.o
                0x00000f38                CLOCK_SetInternalRefClkConfig
 .text.CLOCK_EnablePll0
                0x0000103c       0x84 ./drivers/fsl_clock.o
                0x0000103c                CLOCK_EnablePll0
 .text.CLOCK_InitOsc0
                0x000010c0       0x8c ./drivers/fsl_clock.o
                0x000010c0                CLOCK_InitOsc0
 .text.CLOCK_SetPbeMode
                0x0000114c       0xa8 ./drivers/fsl_clock.o
                0x0000114c                CLOCK_SetPbeMode
 .text.CLOCK_BootToPeeMode
                0x000011f4       0x64 ./drivers/fsl_clock.o
                0x000011f4                CLOCK_BootToPeeMode
 .text.__NVIC_EnableIRQ
                0x00001258       0x3c ./drivers/fsl_uart.o
 .text.UART_GetInstance
                0x00001294       0x54 ./drivers/fsl_uart.o
                0x00001294                UART_GetInstance
 .text.UART_TransferGetRxRingBufferLength
                0x000012e8       0x60 ./drivers/fsl_uart.o
                0x000012e8                UART_TransferGetRxRingBufferLength
 .text.UART_TransferIsRxRingBufferFull
                0x00001348       0x40 ./drivers/fsl_uart.o
 .text.UART_Init
                0x00001388      0x2d8 ./drivers/fsl_uart.o
                0x00001388                UART_Init
 .text.UART_Deinit
                0x00001660       0x4c ./drivers/fsl_uart.o
                0x00001660                UART_Deinit
 .text.UART_GetDefaultConfig
                0x000016ac       0x60 ./drivers/fsl_uart.o
                0x000016ac                UART_GetDefaultConfig
 .text.UART_EnableInterrupts
                0x0000170c       0x70 ./drivers/fsl_uart.o
                0x0000170c                UART_EnableInterrupts
 .text.UART_DisableInterrupts
                0x0000177c       0x80 ./drivers/fsl_uart.o
                0x0000177c                UART_DisableInterrupts
 .text.UART_WriteNonBlocking
                0x000017fc       0x44 ./drivers/fsl_uart.o
 .text.UART_ReadNonBlocking
                0x00001840       0x48 ./drivers/fsl_uart.o
 .text.UART_TransferCreateHandle
                0x00001888       0x84 ./drivers/fsl_uart.o
                0x00001888                UART_TransferCreateHandle
 .text.UART_TransferStartRingBuffer
                0x0000190c       0x74 ./drivers/fsl_uart.o
                0x0000190c                UART_TransferStartRingBuffer
 .text.UART_TransferSendNonBlocking
                0x00001980       0x9c ./drivers/fsl_uart.o
                0x00001980                UART_TransferSendNonBlocking
 .text.UART_TransferReceiveNonBlocking
                0x00001a1c      0x1b0 ./drivers/fsl_uart.o
                0x00001a1c                UART_TransferReceiveNonBlocking
 .text.UART_TransferAbortReceive
                0x00001bcc       0x5c ./drivers/fsl_uart.o
                0x00001bcc                UART_TransferAbortReceive
 .text.UART_TransferHandleIRQ
                0x00001c28      0x510 ./drivers/fsl_uart.o
                0x00001c28                UART_TransferHandleIRQ
 .text.UART0_DriverIRQHandler
                0x00002138       0x28 ./drivers/fsl_uart.o
                0x00002138                UART0_DriverIRQHandler
 .text.UART1_DriverIRQHandler
                0x00002160       0x28 ./drivers/fsl_uart.o
                0x00002160                UART1_DriverIRQHandler
 .text.UART2_DriverIRQHandler
                0x00002188       0x28 ./drivers/fsl_uart.o
                0x00002188                UART2_DriverIRQHandler
 .text.UART3_DriverIRQHandler
                0x000021b0       0x28 ./drivers/fsl_uart.o
                0x000021b0                UART3_DriverIRQHandler
 .text.UART4_DriverIRQHandler
                0x000021d8       0x28 ./drivers/fsl_uart.o
                0x000021d8                UART4_DriverIRQHandler
 .text.UART5_DriverIRQHandler
                0x00002200       0x28 ./drivers/fsl_uart.o
                0x00002200                UART5_DriverIRQHandler
 .text.CLOCK_SetSimSafeDivs
                0x00002228       0x20 ./board/src/clock_config.o
 .text.CLOCK_SetXtal0Freq
                0x00002248       0x20 ./board/src/clock_config.o
 .text.CLOCK_CONFIG_SetFllExtRefDiv
                0x00002268       0x3c ./board/src/clock_config.o
 .text.BOARD_BootClockRUN
                0x000022a4       0x60 ./board/src/clock_config.o
                0x000022a4                BOARD_BootClockRUN
 .text.BOARD_InitPins
                0x00002304       0x48 ./board/pin_mux.o
                0x00002304                BOARD_InitPins
 .text.vPortSetupTimerInterrupt
                0x0000234c       0x48 ./amazon-freertos/portable/fsl_tickless_systick.o
                0x0000234c                vPortSetupTimerInterrupt
 .text.pvPortMalloc
                0x00002394      0x184 ./amazon-freertos/FreeRTOS/portable/heap_4.o
                0x00002394                pvPortMalloc
 .text.vPortFree
                0x00002518       0xb0 ./amazon-freertos/FreeRTOS/portable/heap_4.o
                0x00002518                vPortFree
 .text.prvHeapInit
                0x000025c8       0xc4 ./amazon-freertos/FreeRTOS/portable/heap_4.o
 .text.prvInsertBlockIntoFreeList
                0x0000268c       0xb4 ./amazon-freertos/FreeRTOS/portable/heap_4.o
 .text.pxPortInitialiseStack
                0x00002740       0x68 ./amazon-freertos/FreeRTOS/portable/port.o
                0x00002740                pxPortInitialiseStack
 .text.prvTaskExitError
                0x000027a8       0x54 ./amazon-freertos/FreeRTOS/portable/port.o
 .text.prvPortStartFirstTask
                0x000027fc       0x28 ./amazon-freertos/FreeRTOS/portable/port.o
 .text.xPortStartScheduler
                0x00002824      0x13c ./amazon-freertos/FreeRTOS/portable/port.o
                0x00002824                xPortStartScheduler
 .text.vPortEnterCritical
                0x00002960       0x5c ./amazon-freertos/FreeRTOS/portable/port.o
                0x00002960                vPortEnterCritical
 .text.vPortExitCritical
                0x000029bc       0x50 ./amazon-freertos/FreeRTOS/portable/port.o
                0x000029bc                vPortExitCritical
 .text.SysTick_Handler
                0x00002a0c       0x40 ./amazon-freertos/FreeRTOS/portable/port.o
                0x00002a0c                SysTick_Handler
 .text.vPortEnableVFP
                0x00002a4c       0x14 ./amazon-freertos/FreeRTOS/portable/port.o
 .text.vPortValidateInterruptPriority
                0x00002a60       0x7c ./amazon-freertos/FreeRTOS/portable/port.o
                0x00002a60                vPortValidateInterruptPriority
 .text.xEventGroupWaitBits
                0x00002adc      0x194 ./amazon-freertos/FreeRTOS/event_groups.o
                0x00002adc                xEventGroupWaitBits
 .text.xEventGroupSetBitsFromISR
                0x00002c70       0x28 ./amazon-freertos/FreeRTOS/event_groups.o
                0x00002c70                xEventGroupSetBitsFromISR
 .text.xQueueGenericReset
                0x00002c98       0xd0 ./amazon-freertos/FreeRTOS/queue.o
                0x00002c98                xQueueGenericReset
 .text.xQueueGenericSend
                0x00002d68      0x1f4 ./amazon-freertos/FreeRTOS/queue.o
                0x00002d68                xQueueGenericSend
 .text.xQueueReceive
                0x00002f5c      0x1b8 ./amazon-freertos/FreeRTOS/queue.o
                0x00002f5c                xQueueReceive
 .text.xQueueSemaphoreTake
                0x00003114      0x214 ./amazon-freertos/FreeRTOS/queue.o
                0x00003114                xQueueSemaphoreTake
 .text.vQueueAddToRegistry
                0x00003328       0x50 ./amazon-freertos/FreeRTOS/queue.o
                0x00003328                vQueueAddToRegistry
 .text.vQueueUnregisterQueue
                0x00003378       0x54 ./amazon-freertos/FreeRTOS/queue.o
                0x00003378                vQueueUnregisterQueue
 .text.prvAddNewTaskToReadyList
                0x000033cc       0xdc ./amazon-freertos/FreeRTOS/tasks.o
 .text.vTaskSuspend
                0x000034a8      0x124 ./amazon-freertos/FreeRTOS/tasks.o
                0x000034a8                vTaskSuspend
 .text.vTaskStartScheduler
                0x000035cc       0x98 ./amazon-freertos/FreeRTOS/tasks.o
                0x000035cc                vTaskStartScheduler
 .text.vTaskSuspendAll
                0x00003664       0x1c ./amazon-freertos/FreeRTOS/tasks.o
                0x00003664                vTaskSuspendAll
 .text.xTaskResumeAll
                0x00003680      0x138 ./amazon-freertos/FreeRTOS/tasks.o
                0x00003680                xTaskResumeAll
 .text.xTaskGetTickCount
                0x000037b8       0x20 ./amazon-freertos/FreeRTOS/tasks.o
                0x000037b8                xTaskGetTickCount
 .text.xTaskIncrementTick
                0x000037d8      0x158 ./amazon-freertos/FreeRTOS/tasks.o
                0x000037d8                xTaskIncrementTick
 .text.vTaskSwitchContext
                0x00003930       0xb4 ./amazon-freertos/FreeRTOS/tasks.o
                0x00003930                vTaskSwitchContext
 .text.vTaskPlaceOnEventList
                0x000039e4       0x48 ./amazon-freertos/FreeRTOS/tasks.o
                0x000039e4                vTaskPlaceOnEventList
 .text.vTaskPlaceOnUnorderedEventList
                0x00003a2c       0x74 ./amazon-freertos/FreeRTOS/tasks.o
                0x00003a2c                vTaskPlaceOnUnorderedEventList
 .text.vTaskPlaceOnEventListRestricted
                0x00003aa0       0x54 ./amazon-freertos/FreeRTOS/tasks.o
                0x00003aa0                vTaskPlaceOnEventListRestricted
 .text.xTaskRemoveFromEventList
                0x00003af4       0xc4 ./amazon-freertos/FreeRTOS/tasks.o
                0x00003af4                xTaskRemoveFromEventList
 .text.vTaskRemoveFromUnorderedEventList
                0x00003bb8       0xc0 ./amazon-freertos/FreeRTOS/tasks.o
                0x00003bb8                vTaskRemoveFromUnorderedEventList
 .text.vTaskInternalSetTimeOutState
                0x00003c78       0x2c ./amazon-freertos/FreeRTOS/tasks.o
                0x00003c78                vTaskInternalSetTimeOutState
 .text.xTaskCheckForTimeOut
                0x00003ca4       0xc0 ./amazon-freertos/FreeRTOS/tasks.o
                0x00003ca4                xTaskCheckForTimeOut
 .text.vTaskMissedYield
                0x00003d64       0x18 ./amazon-freertos/FreeRTOS/tasks.o
                0x00003d64                vTaskMissedYield
 .text.prvIdleTask
                0x00003d7c       0x30 ./amazon-freertos/FreeRTOS/tasks.o
 .text.prvInitialiseTaskLists
                0x00003dac       0x80 ./amazon-freertos/FreeRTOS/tasks.o
 .text.prvCheckTasksWaitingTermination
                0x00003e2c       0x58 ./amazon-freertos/FreeRTOS/tasks.o
 .text.prvResetNextTaskUnblockTime
                0x00003e84       0x4c ./amazon-freertos/FreeRTOS/tasks.o
 .text.xTaskGetSchedulerState
                0x00003ed0       0x3c ./amazon-freertos/FreeRTOS/tasks.o
                0x00003ed0                xTaskGetSchedulerState
 .text.xTaskPriorityInherit
                0x00003f0c      0x10c ./amazon-freertos/FreeRTOS/tasks.o
                0x00003f0c                xTaskPriorityInherit
 .text.xTaskPriorityDisinherit
                0x00004018      0x108 ./amazon-freertos/FreeRTOS/tasks.o
                0x00004018                xTaskPriorityDisinherit
 .text.vTaskPriorityDisinheritAfterTimeout
                0x00004120      0x13c ./amazon-freertos/FreeRTOS/tasks.o
                0x00004120                vTaskPriorityDisinheritAfterTimeout
 .text.uxTaskResetEventItemValue
                0x0000425c       0x30 ./amazon-freertos/FreeRTOS/tasks.o
                0x0000425c                uxTaskResetEventItemValue
 .text.pvTaskIncrementMutexHeldCount
                0x0000428c       0x28 ./amazon-freertos/FreeRTOS/tasks.o
                0x0000428c                pvTaskIncrementMutexHeldCount
 .text.prvAddCurrentTaskToDelayedList
                0x000042b4       0xcc ./amazon-freertos/FreeRTOS/tasks.o
 .text.xTimerCreateTimerTask
                0x00004380       0x60 ./amazon-freertos/FreeRTOS/timers.o
                0x00004380                xTimerCreateTimerTask
 .text.xTimerGenericCommand
                0x000043e0       0x98 ./amazon-freertos/FreeRTOS/timers.o
                0x000043e0                xTimerGenericCommand
 .text.prvProcessExpiredTimer
                0x00004478       0x80 ./amazon-freertos/FreeRTOS/timers.o
 .text.prvProcessTimerOrBlockTask
                0x000044f8       0x9c ./amazon-freertos/FreeRTOS/timers.o
 .text.prvGetNextExpireTime
                0x00004594       0x48 ./amazon-freertos/FreeRTOS/timers.o
 .text.prvSampleTimeNow
                0x000045dc       0x40 ./amazon-freertos/FreeRTOS/timers.o
 .text.prvInsertTimerInActiveList
                0x0000461c       0x84 ./amazon-freertos/FreeRTOS/timers.o
 .text.prvProcessReceivedCommands
                0x000046a0      0x154 ./amazon-freertos/FreeRTOS/timers.o
 .text.prvSwitchTimerLists
                0x000047f4       0xc0 ./amazon-freertos/FreeRTOS/timers.o
 .text.prvCheckForValidListAndQueue
                0x000048b4       0x6c ./amazon-freertos/FreeRTOS/timers.o
 .text.xTimerPendFunctionCallFromISR
                0x00004920       0x40 ./amazon-freertos/FreeRTOS/timers.o
                0x00004920                xTimerPendFunctionCallFromISR
 .text.SystemInit
                0x00004960       0x3c ./CMSIS/system_MK64F12.o
                0x00004960                SystemInit
 .text.__assertion_failed
                0x0000499c       0x4c c:/nxp/mcuxpressoide_10.2.0_759/ide/tools/bin/../lib/gcc/arm-none-eabi/7.2.1/../../../../arm-none-eabi/lib/thumb/v7e-m/fpv4-sp/hard\libcr_semihost_nf.a(_cr_assert.o)
                0x0000499c                __assertion_failed
 .text.__sys_appexit
                0x000049e8        0xc c:/nxp/mcuxpressoide_10.2.0_759/ide/tools/bin/../lib/gcc/arm-none-eabi/7.2.1/../../../../arm-none-eabi/lib/thumb/v7e-m/fpv4-sp/hard\libcr_semihost_nf.a(__sys_appexit.o)
                0x000049e8                __sys_appexit
                0x000049e8                __exit
 .text._Cwritebuf
                0x000049f4       0x6c c:/nxp/mcuxpressoide_10.2.0_759/ide/tools/bin/../lib/gcc/arm-none-eabi/7.2.1/../../../../arm-none-eabi/lib/thumb/v7e-m/fpv4-sp/hard\libcr_c.a(_writebuf.o)
                0x000049f4                _Cwritebuf
 .text.malloc   0x00004a60       0xc8 c:/nxp/mcuxpressoide_10.2.0_759/ide/tools/bin/../lib/gcc/arm-none-eabi/7.2.1/../../../../arm-none-eabi/lib/thumb/v7e-m/fpv4-sp/hard\libcr_c.a(alloc.o)
                0x00004a60                malloc
 .text._Csys_alloc
                0x00004b28       0x20 c:/nxp/mcuxpressoide_10.2.0_759/ide/tools/bin/../lib/gcc/arm-none-eabi/7.2.1/../../../../arm-none-eabi/lib/thumb/v7e-m/fpv4-sp/hard\libcr_c.a(alloc.o)
                0x00004b28                _Csys_alloc
 .text.fseek    0x00004b48      0x100 c:/nxp/mcuxpressoide_10.2.0_759/ide/tools/bin/../lib/gcc/arm-none-eabi/7.2.1/../../../../arm-none-eabi/lib/thumb/v7e-m/fpv4-sp/hard\libcr_c.a(fseek.o)
                0x00004b48                fseek
 .text.ftell    0x00004c48       0x44 c:/nxp/mcuxpressoide_10.2.0_759/ide/tools/bin/../lib/gcc/arm-none-eabi/7.2.1/../../../../arm-none-eabi/lib/thumb/v7e-m/fpv4-sp/hard\libcr_c.a(ftell.o)
                0x00004c48                ftell
 .text._initio  0x00004c8c       0x78 c:/nxp/mcuxpressoide_10.2.0_759/ide/tools/bin/../lib/gcc/arm-none-eabi/7.2.1/../../../../arm-none-eabi/lib/thumb/v7e-m/fpv4-sp/hard\libcr_c.a(initio.o)
                0x00004c8c                _initio
 .text.__vfprintf
                0x00004d04      0xb98 c:/nxp/mcuxpressoide_10.2.0_759/ide/tools/bin/../lib/gcc/arm-none-eabi/7.2.1/../../../../arm-none-eabi/lib/thumb/v7e-m/fpv4-sp/hard\libcr_c.a(printf.o)
                0x00004d04                __vfprintf
 .text._vsnprintf
                0x0000589c       0x5c c:/nxp/mcuxpressoide_10.2.0_759/ide/tools/bin/../lib/gcc/arm-none-eabi/7.2.1/../../../../arm-none-eabi/lib/thumb/v7e-m/fpv4-sp/hard\libcr_c.a(printf.o)
                0x0000589c                _vsnprintf
 .text._printf  0x000058f8       0x54 c:/nxp/mcuxpressoide_10.2.0_759/ide/tools/bin/../lib/gcc/arm-none-eabi/7.2.1/../../../../arm-none-eabi/lib/thumb/v7e-m/fpv4-sp/hard\libcr_c.a(printf.o)
                0x000058f8                _printf
 .text.setvbuf  0x0000594c       0x40 c:/nxp/mcuxpressoide_10.2.0_759/ide/tools/bin/../lib/gcc/arm-none-eabi/7.2.1/../../../../arm-none-eabi/lib/thumb/v7e-m/fpv4-sp/hard\libcr_c.a(setvbuf.o)
                0x0000594c                setvbuf
 .text._sbrk    0x0000598c       0x3c c:/nxp/mcuxpressoide_10.2.0_759/ide/tools/bin/../lib/gcc/arm-none-eabi/7.2.1/../../../../arm-none-eabi/lib/thumb/v7e-m/fpv4-sp/hard\libcr_c.a(_cr_sbrk.o)
                0x0000598c                _sbrk
 .text.fflush   0x000059c8       0x44 c:/nxp/mcuxpressoide_10.2.0_759/ide/tools/bin/../lib/gcc/arm-none-eabi/7.2.1/../../../../arm-none-eabi/lib/thumb/v7e-m/fpv4-sp/hard\libcr_c.a(fflush.o)
                0x000059c8                fflush
 .text.__check_heap_overflow
                0x00005a0c       0x18 c:/nxp/mcuxpressoide_10.2.0_759/ide/tools/bin/../lib/gcc/arm-none-eabi/7.2.1/../../../../arm-none-eabi/lib/thumb/v7e-m/fpv4-sp/hard\libcr_c.a(_cr_check_heap.o)
                0x00005a0c                __check_heap_overflow
 .text.DMA0_IRQHandler
                0x00005a24        0x8 ./startup/startup_mk64f12.o
                0x00005a24                DMA0_IRQHandler
 .text.DMA1_IRQHandler
                0x00005a2c        0x8 ./startup/startup_mk64f12.o
                0x00005a2c                DMA1_IRQHandler
 .text.DMA2_IRQHandler
                0x00005a34        0x8 ./startup/startup_mk64f12.o
                0x00005a34                DMA2_IRQHandler
 .text.DMA3_IRQHandler
                0x00005a3c        0x8 ./startup/startup_mk64f12.o
                0x00005a3c                DMA3_IRQHandler
 .text.DMA4_IRQHandler
                0x00005a44        0x8 ./startup/startup_mk64f12.o
                0x00005a44                DMA4_IRQHandler
 .text.DMA5_IRQHandler
                0x00005a4c        0x8 ./startup/startup_mk64f12.o
                0x00005a4c                DMA5_IRQHandler
 .text.DMA6_IRQHandler
                0x00005a54        0x8 ./startup/startup_mk64f12.o
                0x00005a54                DMA6_IRQHandler
 .text.DMA7_IRQHandler
                0x00005a5c        0x8 ./startup/startup_mk64f12.o
                0x00005a5c                DMA7_IRQHandler
 .text.DMA8_IRQHandler
                0x00005a64        0x8 ./startup/startup_mk64f12.o
                0x00005a64                DMA8_IRQHandler
 .text.DMA9_IRQHandler
                0x00005a6c        0x8 ./startup/startup_mk64f12.o
                0x00005a6c                DMA9_IRQHandler
 .text.DMA10_IRQHandler
                0x00005a74        0x8 ./startup/startup_mk64f12.o
                0x00005a74                DMA10_IRQHandler
 .text.DMA11_IRQHandler
                0x00005a7c        0x8 ./startup/startup_mk64f12.o
                0x00005a7c                DMA11_IRQHandler
 .text.DMA12_IRQHandler
                0x00005a84        0x8 ./startup/startup_mk64f12.o
                0x00005a84                DMA12_IRQHandler
 .text.DMA13_IRQHandler
                0x00005a8c        0x8 ./startup/startup_mk64f12.o
                0x00005a8c                DMA13_IRQHandler
 .text.DMA14_IRQHandler
                0x00005a94        0x8 ./startup/startup_mk64f12.o
                0x00005a94                DMA14_IRQHandler
 .text.DMA15_IRQHandler
                0x00005a9c        0x8 ./startup/startup_mk64f12.o
                0x00005a9c                DMA15_IRQHandler
 .text.DMA_Error_IRQHandler
                0x00005aa4        0x8 ./startup/startup_mk64f12.o
                0x00005aa4                DMA_Error_IRQHandler
 .text.MCM_IRQHandler
                0x00005aac        0x8 ./startup/startup_mk64f12.o
                0x00005aac                MCM_IRQHandler
 .text.FTFE_IRQHandler
                0x00005ab4        0x8 ./startup/startup_mk64f12.o
                0x00005ab4                FTFE_IRQHandler
 .text.Read_Collision_IRQHandler
                0x00005abc        0x8 ./startup/startup_mk64f12.o
                0x00005abc                Read_Collision_IRQHandler
 .text.LVD_LVW_IRQHandler
                0x00005ac4        0x8 ./startup/startup_mk64f12.o
                0x00005ac4                LVD_LVW_IRQHandler
 .text.LLWU_IRQHandler
                0x00005acc        0x8 ./startup/startup_mk64f12.o
                0x00005acc                LLWU_IRQHandler
 .text.WDOG_EWM_IRQHandler
                0x00005ad4        0x8 ./startup/startup_mk64f12.o
                0x00005ad4                WDOG_EWM_IRQHandler
 .text.RNG_IRQHandler
                0x00005adc        0x8 ./startup/startup_mk64f12.o
                0x00005adc                RNG_IRQHandler
 .text.I2C0_IRQHandler
                0x00005ae4        0x8 ./startup/startup_mk64f12.o
                0x00005ae4                I2C0_IRQHandler
 .text.I2C1_IRQHandler
                0x00005aec        0x8 ./startup/startup_mk64f12.o
                0x00005aec                I2C1_IRQHandler
 .text.SPI0_IRQHandler
                0x00005af4        0x8 ./startup/startup_mk64f12.o
                0x00005af4                SPI0_IRQHandler
 .text.SPI1_IRQHandler
                0x00005afc        0x8 ./startup/startup_mk64f12.o
                0x00005afc                SPI1_IRQHandler
 .text.I2S0_Tx_IRQHandler
                0x00005b04        0x8 ./startup/startup_mk64f12.o
                0x00005b04                I2S0_Tx_IRQHandler
 .text.I2S0_Rx_IRQHandler
                0x00005b0c        0x8 ./startup/startup_mk64f12.o
                0x00005b0c                I2S0_Rx_IRQHandler
 .text.UART0_LON_IRQHandler
                0x00005b14        0x8 ./startup/startup_mk64f12.o
                0x00005b14                UART0_LON_IRQHandler
 .text.UART0_RX_TX_IRQHandler
                0x00005b1c        0x8 ./startup/startup_mk64f12.o
                0x00005b1c                UART0_RX_TX_IRQHandler
 .text.UART0_ERR_IRQHandler
                0x00005b24        0x8 ./startup/startup_mk64f12.o
                0x00005b24                UART0_ERR_IRQHandler
 .text.UART1_RX_TX_IRQHandler
                0x00005b2c        0x8 ./startup/startup_mk64f12.o
                0x00005b2c                UART1_RX_TX_IRQHandler
 .text.UART1_ERR_IRQHandler
                0x00005b34        0x8 ./startup/startup_mk64f12.o
                0x00005b34                UART1_ERR_IRQHandler
 .text.UART2_RX_TX_IRQHandler
                0x00005b3c        0x8 ./startup/startup_mk64f12.o
                0x00005b3c                UART2_RX_TX_IRQHandler
 .text.UART2_ERR_IRQHandler
                0x00005b44        0x8 ./startup/startup_mk64f12.o
                0x00005b44                UART2_ERR_IRQHandler
 .text.UART3_RX_TX_IRQHandler
                0x00005b4c        0x8 ./startup/startup_mk64f12.o
                0x00005b4c                UART3_RX_TX_IRQHandler
 .text.UART3_ERR_IRQHandler
                0x00005b54        0x8 ./startup/startup_mk64f12.o
                0x00005b54                UART3_ERR_IRQHandler
 .text.ADC0_IRQHandler
                0x00005b5c        0x8 ./startup/startup_mk64f12.o
                0x00005b5c                ADC0_IRQHandler
 .text.CMP0_IRQHandler
                0x00005b64        0x8 ./startup/startup_mk64f12.o
                0x00005b64                CMP0_IRQHandler
 .text.CMP1_IRQHandler
                0x00005b6c        0x8 ./startup/startup_mk64f12.o
                0x00005b6c                CMP1_IRQHandler
 .text.FTM0_IRQHandler
                0x00005b74        0x8 ./startup/startup_mk64f12.o
                0x00005b74                FTM0_IRQHandler
 .text.FTM1_IRQHandler
                0x00005b7c        0x8 ./startup/startup_mk64f12.o
                0x00005b7c                FTM1_IRQHandler
 .text.FTM2_IRQHandler
                0x00005b84        0x8 ./startup/startup_mk64f12.o
                0x00005b84                FTM2_IRQHandler
 .text.CMT_IRQHandler
                0x00005b8c        0x8 ./startup/startup_mk64f12.o
                0x00005b8c                CMT_IRQHandler
 .text.RTC_IRQHandler
                0x00005b94        0x8 ./startup/startup_mk64f12.o
                0x00005b94                RTC_IRQHandler
 .text.RTC_Seconds_IRQHandler
                0x00005b9c        0x8 ./startup/startup_mk64f12.o
                0x00005b9c                RTC_Seconds_IRQHandler
 .text.PIT0_IRQHandler
                0x00005ba4        0x8 ./startup/startup_mk64f12.o
                0x00005ba4                PIT0_IRQHandler
 .text.PIT1_IRQHandler
                0x00005bac        0x8 ./startup/startup_mk64f12.o
                0x00005bac                PIT1_IRQHandler
 .text.PIT2_IRQHandler
                0x00005bb4        0x8 ./startup/startup_mk64f12.o
                0x00005bb4                PIT2_IRQHandler
 .text.PIT3_IRQHandler
                0x00005bbc        0x8 ./startup/startup_mk64f12.o
                0x00005bbc                PIT3_IRQHandler
 .text.PDB0_IRQHandler
                0x00005bc4        0x8 ./startup/startup_mk64f12.o
                0x00005bc4                PDB0_IRQHandler
 .text.USB0_IRQHandler
                0x00005bcc        0x8 ./startup/startup_mk64f12.o
                0x00005bcc                USB0_IRQHandler
 .text.USBDCD_IRQHandler
                0x00005bd4        0x8 ./startup/startup_mk64f12.o
                0x00005bd4                USBDCD_IRQHandler
 .text.Reserved71_IRQHandler
                0x00005bdc        0x8 ./startup/startup_mk64f12.o
                0x00005bdc                Reserved71_IRQHandler
 .text.DAC0_IRQHandler
                0x00005be4        0x8 ./startup/startup_mk64f12.o
                0x00005be4                DAC0_IRQHandler
 .text.MCG_IRQHandler
                0x00005bec        0x8 ./startup/startup_mk64f12.o
                0x00005bec                MCG_IRQHandler
 .text.LPTMR0_IRQHandler
                0x00005bf4        0x8 ./startup/startup_mk64f12.o
                0x00005bf4                LPTMR0_IRQHandler
 .text.PORTA_IRQHandler
                0x00005bfc        0x8 ./startup/startup_mk64f12.o
                0x00005bfc                PORTA_IRQHandler
 .text.PORTB_IRQHandler
                0x00005c04        0x8 ./startup/startup_mk64f12.o
                0x00005c04                PORTB_IRQHandler
 .text.PORTC_IRQHandler
                0x00005c0c        0x8 ./startup/startup_mk64f12.o
                0x00005c0c                PORTC_IRQHandler
 .text.PORTD_IRQHandler
                0x00005c14        0x8 ./startup/startup_mk64f12.o
                0x00005c14                PORTD_IRQHandler
 .text.PORTE_IRQHandler
                0x00005c1c        0x8 ./startup/startup_mk64f12.o
                0x00005c1c                PORTE_IRQHandler
 .text.SWI_IRQHandler
                0x00005c24        0x8 ./startup/startup_mk64f12.o
                0x00005c24                SWI_IRQHandler
 .text.SPI2_IRQHandler
                0x00005c2c        0x8 ./startup/startup_mk64f12.o
                0x00005c2c                SPI2_IRQHandler
 .text.UART4_RX_TX_IRQHandler
                0x00005c34        0x8 ./startup/startup_mk64f12.o
                0x00005c34                UART4_RX_TX_IRQHandler
 .text.UART4_ERR_IRQHandler
                0x00005c3c        0x8 ./startup/startup_mk64f12.o
                0x00005c3c                UART4_ERR_IRQHandler
 .text.UART5_RX_TX_IRQHandler
                0x00005c44        0x8 ./startup/startup_mk64f12.o
                0x00005c44                UART5_RX_TX_IRQHandler
 .text.UART5_ERR_IRQHandler
                0x00005c4c        0x8 ./startup/startup_mk64f12.o
                0x00005c4c                UART5_ERR_IRQHandler
 .text.CMP2_IRQHandler
                0x00005c54        0x8 ./startup/startup_mk64f12.o
                0x00005c54                CMP2_IRQHandler
 .text.FTM3_IRQHandler
                0x00005c5c        0x8 ./startup/startup_mk64f12.o
                0x00005c5c                FTM3_IRQHandler
 .text.DAC1_IRQHandler
                0x00005c64        0x8 ./startup/startup_mk64f12.o
                0x00005c64                DAC1_IRQHandler
 .text.ADC1_IRQHandler
                0x00005c6c        0x8 ./startup/startup_mk64f12.o
                0x00005c6c                ADC1_IRQHandler
 .text.I2C2_IRQHandler
                0x00005c74        0x8 ./startup/startup_mk64f12.o
                0x00005c74                I2C2_IRQHandler
 .text.CAN0_ORed_Message_buffer_IRQHandler
                0x00005c7c        0x8 ./startup/startup_mk64f12.o
                0x00005c7c                CAN0_ORed_Message_buffer_IRQHandler
 .text.CAN0_Bus_Off_IRQHandler
                0x00005c84        0x8 ./startup/startup_mk64f12.o
                0x00005c84                CAN0_Bus_Off_IRQHandler
 .text.CAN0_Error_IRQHandler
                0x00005c8c        0x8 ./startup/startup_mk64f12.o
                0x00005c8c                CAN0_Error_IRQHandler
 .text.CAN0_Tx_Warning_IRQHandler
                0x00005c94        0x8 ./startup/startup_mk64f12.o
                0x00005c94                CAN0_Tx_Warning_IRQHandler
 .text.CAN0_Rx_Warning_IRQHandler
                0x00005c9c        0x8 ./startup/startup_mk64f12.o
                0x00005c9c                CAN0_Rx_Warning_IRQHandler
 .text.CAN0_Wake_Up_IRQHandler
                0x00005ca4        0x8 ./startup/startup_mk64f12.o
                0x00005ca4                CAN0_Wake_Up_IRQHandler
 .text.SDHC_IRQHandler
                0x00005cac        0x8 ./startup/startup_mk64f12.o
                0x00005cac                SDHC_IRQHandler
 .text.ENET_1588_Timer_IRQHandler
                0x00005cb4        0x8 ./startup/startup_mk64f12.o
                0x00005cb4                ENET_1588_Timer_IRQHandler
 .text.ENET_Transmit_IRQHandler
                0x00005cbc        0x8 ./startup/startup_mk64f12.o
                0x00005cbc                ENET_Transmit_IRQHandler
 .text.ENET_Receive_IRQHandler
                0x00005cc4        0x8 ./startup/startup_mk64f12.o
                0x00005cc4                ENET_Receive_IRQHandler
 .text.ENET_Error_IRQHandler
                0x00005ccc        0x8 ./startup/startup_mk64f12.o
                0x00005ccc                ENET_Error_IRQHandler
 .text.HardFault_Handler
                0x00005cd4       0x2c ./source/semihost_hardfault.o
                0x00005cd4                HardFault_Handler
 .text.UART_EnableTx
                0x00005d00       0x40 ./drivers/freertos/fsl_uart_freertos.o
 .text.UART_EnableRx
                0x00005d40       0x40 ./drivers/freertos/fsl_uart_freertos.o
 .text.UART_RTOS_Deinit
                0x00005d80       0x6c ./drivers/freertos/fsl_uart_freertos.o
                0x00005d80                UART_RTOS_Deinit
 .text.UART_RTOS_Send
                0x00005dec       0xaa ./drivers/freertos/fsl_uart_freertos.o
                0x00005dec                UART_RTOS_Send
 .text.UART_RTOS_Receive
                0x00005e96      0x13a ./drivers/freertos/fsl_uart_freertos.o
                0x00005e96                UART_RTOS_Receive
 .text.OSC_SetExtRefClkConfig
                0x00005fd0       0x34 ./drivers/fsl_clock.o
 .text.OSC_SetCapLoad
                0x00006004       0x34 ./drivers/fsl_clock.o
 .text.CLOCK_GetPll0RefFreq
                0x00006038        0xe ./drivers/fsl_clock.o
 .text.CLOCK_GetFixedFreqClkFreq
                0x00006046       0x2e ./drivers/fsl_clock.o
                0x00006046                CLOCK_GetFixedFreqClkFreq
 .text.CLOCK_EnableClock
                0x00006074       0x34 ./drivers/fsl_uart.o
 .text.CLOCK_DisableClock
                0x000060a8       0x38 ./drivers/fsl_uart.o
 .text.EnableIRQ
                0x000060e0       0x2c ./drivers/fsl_uart.o
 .text.UART_GetStatusFlags
                0x0000610c       0x46 ./drivers/fsl_uart.o
                0x0000610c                UART_GetStatusFlags
 .text.UART_ClearStatusFlags
                0x00006152       0x8c ./drivers/fsl_uart.o
                0x00006152                UART_ClearStatusFlags
 .text.UART0_RX_TX_DriverIRQHandler
                0x000061de       0x10 ./drivers/fsl_uart.o
                0x000061de                UART0_RX_TX_DriverIRQHandler
 .text.UART1_RX_TX_DriverIRQHandler
                0x000061ee       0x10 ./drivers/fsl_uart.o
                0x000061ee                UART1_RX_TX_DriverIRQHandler
 .text.UART2_RX_TX_DriverIRQHandler
                0x000061fe       0x10 ./drivers/fsl_uart.o
                0x000061fe                UART2_RX_TX_DriverIRQHandler
 .text.UART3_RX_TX_DriverIRQHandler
                0x0000620e       0x10 ./drivers/fsl_uart.o
                0x0000620e                UART3_RX_TX_DriverIRQHandler
 .text.UART4_RX_TX_DriverIRQHandler
                0x0000621e       0x10 ./drivers/fsl_uart.o
                0x0000621e                UART4_RX_TX_DriverIRQHandler
 .text.UART5_RX_TX_DriverIRQHandler
                0x0000622e       0x10 ./drivers/fsl_uart.o
                0x0000622e                UART5_RX_TX_DriverIRQHandler
 .text.CLOCK_EnableClock
                0x0000623e       0x34 ./board/pin_mux.o
 .text.PORT_SetPinMux
                0x00006272       0x3a ./board/pin_mux.o
 .text.xEventGroupCreate
                0x000062ac       0x2e ./amazon-freertos/FreeRTOS/event_groups.o
                0x000062ac                xEventGroupCreate
 .text.xEventGroupClearBits
                0x000062da       0x6c ./amazon-freertos/FreeRTOS/event_groups.o
                0x000062da                xEventGroupClearBits
 .text.xEventGroupSetBits
                0x00006346      0x112 ./amazon-freertos/FreeRTOS/event_groups.o
                0x00006346                xEventGroupSetBits
 .text.vEventGroupDelete
                0x00006458       0x60 ./amazon-freertos/FreeRTOS/event_groups.o
                0x00006458                vEventGroupDelete
 .text.vEventGroupSetBitsCallback
                0x000064b8       0x1a ./amazon-freertos/FreeRTOS/event_groups.o
                0x000064b8                vEventGroupSetBitsCallback
 .text.prvTestWaitCondition
                0x000064d2       0x44 ./amazon-freertos/FreeRTOS/event_groups.o
 .text.vListInitialise
                0x00006516       0x40 ./amazon-freertos/FreeRTOS/list.o
                0x00006516                vListInitialise
 .text.vListInitialiseItem
                0x00006556       0x1a ./amazon-freertos/FreeRTOS/list.o
                0x00006556                vListInitialiseItem
 .text.vListInsertEnd
                0x00006570       0x48 ./amazon-freertos/FreeRTOS/list.o
                0x00006570                vListInsertEnd
 .text.vListInsert
                0x000065b8       0x72 ./amazon-freertos/FreeRTOS/list.o
                0x000065b8                vListInsert
 .text.uxListRemove
                0x0000662a       0x54 ./amazon-freertos/FreeRTOS/list.o
                0x0000662a                uxListRemove
 .text.xQueueGenericCreate
                0x0000667e       0x72 ./amazon-freertos/FreeRTOS/queue.o
                0x0000667e                xQueueGenericCreate
 .text.prvInitialiseNewQueue
                0x000066f0       0x46 ./amazon-freertos/FreeRTOS/queue.o
 .text.prvInitialiseMutex
                0x00006736       0x34 ./amazon-freertos/FreeRTOS/queue.o
 .text.xQueueCreateMutex
                0x0000676a       0x30 ./amazon-freertos/FreeRTOS/queue.o
                0x0000676a                xQueueCreateMutex
 .text.xQueueGenericSendFromISR
                0x0000679a      0x128 ./amazon-freertos/FreeRTOS/queue.o
                0x0000679a                xQueueGenericSendFromISR
 .text.vQueueDelete
                0x000068c2       0x3a ./amazon-freertos/FreeRTOS/queue.o
                0x000068c2                vQueueDelete
 .text.prvGetDisinheritPriorityAfterTimeout
                0x000068fc       0x30 ./amazon-freertos/FreeRTOS/queue.o
 .text.prvCopyDataToQueue
                0x0000692c       0xd4 ./amazon-freertos/FreeRTOS/queue.o
 .text.prvCopyDataFromQueue
                0x00006a00       0x4c ./amazon-freertos/FreeRTOS/queue.o
 .text.prvUnlockQueue
                0x00006a4c       0xa4 ./amazon-freertos/FreeRTOS/queue.o
 .text.prvIsQueueEmpty
                0x00006af0       0x2c ./amazon-freertos/FreeRTOS/queue.o
 .text.prvIsQueueFull
                0x00006b1c       0x30 ./amazon-freertos/FreeRTOS/queue.o
 .text.vQueueWaitForMessageRestricted
                0x00006b4c       0x68 ./amazon-freertos/FreeRTOS/queue.o
                0x00006b4c                vQueueWaitForMessageRestricted
 .text.xTaskCreate
                0x00006bb4       0x82 ./amazon-freertos/FreeRTOS/tasks.o
                0x00006bb4                xTaskCreate
 .text.prvInitialiseNewTask
                0x00006c36      0x132 ./amazon-freertos/FreeRTOS/tasks.o
 .text.prvDeleteTCB
                0x00006d68       0x20 ./amazon-freertos/FreeRTOS/tasks.o
 .text.prvTimerTask
                0x00006d88       0x24 ./amazon-freertos/FreeRTOS/timers.o
 .text.SystemInitHook
                0x00006dac        0xe ./CMSIS/system_MK64F12.o
                0x00006dac                SystemInitHook
 .text.__main   0x00006dba        0xe c:/nxp/mcuxpressoide_10.2.0_759/ide/tools/bin/../lib/gcc/arm-none-eabi/7.2.1/../../../../arm-none-eabi/lib/thumb/v7e-m/fpv4-sp/hard\libcr_semihost_nf.a(_cr__main.o)
                0x00006dba                __CR_SEMIHOST
                0x00006dba                __main
 .text.memcpy   0x00006dc8        0x4 c:/nxp/mcuxpressoide_10.2.0_759/ide/tools/bin/../lib/gcc/arm-none-eabi/7.2.1/../../../../arm-none-eabi/lib/thumb/v7e-m/fpv4-sp/hard\libcr_c.a(memcpy.o)
                0x00006dc8                memcpy
 .text.memset   0x00006dcc        0x4 c:/nxp/mcuxpressoide_10.2.0_759/ide/tools/bin/../lib/gcc/arm-none-eabi/7.2.1/../../../../arm-none-eabi/lib/thumb/v7e-m/fpv4-sp/hard\libcr_c.a(memset.o)
                0x00006dcc                memset
 .text._deferredlazyseek
                0x00006dd0       0x40 c:/nxp/mcuxpressoide_10.2.0_759/ide/tools/bin/../lib/gcc/arm-none-eabi/7.2.1/../../../../arm-none-eabi/lib/thumb/v7e-m/fpv4-sp/hard\libcr_c.a(_deferredlazyseek.o)
                0x00006dd0                _deferredlazyseek
 .text.__flsbuf
                0x00006e10      0x140 c:/nxp/mcuxpressoide_10.2.0_759/ide/tools/bin/../lib/gcc/arm-none-eabi/7.2.1/../../../../arm-none-eabi/lib/thumb/v7e-m/fpv4-sp/hard\libcr_c.a(_deferredlazyseek.o)
                0x00006e10                __flsbuf
 .text._fflush  0x00006f50       0x52 c:/nxp/mcuxpressoide_10.2.0_759/ide/tools/bin/../lib/gcc/arm-none-eabi/7.2.1/../../../../arm-none-eabi/lib/thumb/v7e-m/fpv4-sp/hard\libcr_c.a(_fflush.o)
                0x00006f50                _fflush
 .text.free     0x00006fa2       0x30 c:/nxp/mcuxpressoide_10.2.0_759/ide/tools/bin/../lib/gcc/arm-none-eabi/7.2.1/../../../../arm-none-eabi/lib/thumb/v7e-m/fpv4-sp/hard\libcr_c.a(alloc.o)
                0x00006fa2                free
 .text.fputs    0x00006fd2       0x2c c:/nxp/mcuxpressoide_10.2.0_759/ide/tools/bin/../lib/gcc/arm-none-eabi/7.2.1/../../../../arm-none-eabi/lib/thumb/v7e-m/fpv4-sp/hard\libcr_c.a(fputs.o)
                0x00006fd2                fputs
 .text.no_fp_display
                0x00006ffe        0x4 c:/nxp/mcuxpressoide_10.2.0_759/ide/tools/bin/../lib/gcc/arm-none-eabi/7.2.1/../../../../arm-none-eabi/lib/thumb/v7e-m/fpv4-sp/hard\libcr_c.a(printf.o)
 .text.strlen   0x00007002       0x4a c:/nxp/mcuxpressoide_10.2.0_759/ide/tools/bin/../lib/gcc/arm-none-eabi/7.2.1/../../../../arm-none-eabi/lib/thumb/v7e-m/fpv4-sp/hard\libcr_c.a(strlen.o)
                0x00007002                strlen
 .text._fdopen  0x0000704c       0x68 c:/nxp/mcuxpressoide_10.2.0_759/ide/tools/bin/../lib/gcc/arm-none-eabi/7.2.1/../../../../arm-none-eabi/lib/thumb/v7e-m/fpv4-sp/hard\libcr_c.a(_fdopen.o)
                0x0000704c                _fdopen
 .text.fclose   0x000070b4       0x58 c:/nxp/mcuxpressoide_10.2.0_759/ide/tools/bin/../lib/gcc/arm-none-eabi/7.2.1/../../../../arm-none-eabi/lib/thumb/v7e-m/fpv4-sp/hard\libcr_c.a(fclose.o)
                0x000070b4                fclose
 .text.remove   0x0000710c       0x14 c:/nxp/mcuxpressoide_10.2.0_759/ide/tools/bin/../lib/gcc/arm-none-eabi/7.2.1/../../../../arm-none-eabi/lib/thumb/v7e-m/fpv4-sp/hard\libcr_c.a(remove.o)
                0x0000710c                remove
 .text._do_fflush
                0x00007120       0x40 c:/nxp/mcuxpressoide_10.2.0_759/ide/tools/bin/../lib/gcc/arm-none-eabi/7.2.1/../../../../arm-none-eabi/lib/thumb/v7e-m/fpv4-sp/hard\libcr_c.a(_do_fflush.o)
                0x00007120                _do_fflush
 .text.__aeabi_memcpy
                0x00007160       0x34 c:/nxp/mcuxpressoide_10.2.0_759/ide/tools/bin/../lib/gcc/arm-none-eabi/7.2.1/thumb/v7e-m/fpv4-sp/hard\libcr_eabihelpers.a(memcpy.o)
                0x00007160                __aeabi_memcpy
                0x0000716a                __aeabi_memcpy8
                0x0000716a                __aeabi_memcpy4
 .text.__aeabi_memset_lowlevel
                0x00007194       0x32 c:/nxp/mcuxpressoide_10.2.0_759/ide/tools/bin/../lib/gcc/arm-none-eabi/7.2.1/thumb/v7e-m/fpv4-sp/hard\libcr_eabihelpers.a(memcpy.o)
                0x00007194                __aeabi_lowlevel_memset
 .text.__sys_close
                0x000071c6        0xc c:/nxp/mcuxpressoide_10.2.0_759/ide/tools/bin/../lib/gcc/arm-none-eabi/7.2.1/../../../../arm-none-eabi/lib/thumb/v7e-m/fpv4-sp/hard\libcr_semihost_nf.a(__sys_close.o)
                0x000071c6                __sys_close
 .text.__sys_flen
                0x000071d2        0xc c:/nxp/mcuxpressoide_10.2.0_759/ide/tools/bin/../lib/gcc/arm-none-eabi/7.2.1/../../../../arm-none-eabi/lib/thumb/v7e-m/fpv4-sp/hard\libcr_semihost_nf.a(__sys_flen.o)
                0x000071d2                __sys_flen
 .text.__sys_istty
                0x000071de        0xc c:/nxp/mcuxpressoide_10.2.0_759/ide/tools/bin/../lib/gcc/arm-none-eabi/7.2.1/../../../../arm-none-eabi/lib/thumb/v7e-m/fpv4-sp/hard\libcr_semihost_nf.a(__sys_istty.o)
                0x000071de                __sys_istty
 .text.__sys_remove
                0x000071ea        0xc c:/nxp/mcuxpressoide_10.2.0_759/ide/tools/bin/../lib/gcc/arm-none-eabi/7.2.1/../../../../arm-none-eabi/lib/thumb/v7e-m/fpv4-sp/hard\libcr_semihost_nf.a(__sys_remove.o)
                0x000071ea                __sys_remove
 .text.__sys_seek
                0x000071f6        0xc c:/nxp/mcuxpressoide_10.2.0_759/ide/tools/bin/../lib/gcc/arm-none-eabi/7.2.1/../../../../arm-none-eabi/lib/thumb/v7e-m/fpv4-sp/hard\libcr_semihost_nf.a(__sys_seek.o)
                0x000071f6                __sys_seek
 .text.__sys_tmpnam
                0x00007202        0xc c:/nxp/mcuxpressoide_10.2.0_759/ide/tools/bin/../lib/gcc/arm-none-eabi/7.2.1/../../../../arm-none-eabi/lib/thumb/v7e-m/fpv4-sp/hard\libcr_semihost_nf.a(__sys_tmpnam.o)
                0x00007202                __sys_tmpnam
 .text.__sys_write
                0x0000720e        0xc c:/nxp/mcuxpressoide_10.2.0_759/ide/tools/bin/../lib/gcc/arm-none-eabi/7.2.1/../../../../arm-none-eabi/lib/thumb/v7e-m/fpv4-sp/hard\libcr_semihost_nf.a(__sys_write.o)
                0x0000720e                __sys_write
 *(SORT_BY_ALIGNMENT(.rodata) SORT_BY_ALIGNMENT(.rodata.*) SORT_BY_ALIGNMENT(.constdata) SORT_BY_ALIGNMENT(.constdata.*))
 *fill*         0x0000721a        0x2 ff
 .rodata        0x0000721c       0x81 ./source/freertos_uart.o
 *fill*         0x0000729d        0x3 ff
 .rodata        0x000072a0      0x149 ./drivers/fsl_clock.o
 *fill*         0x000073e9        0x3 ff
 .rodata.fllFactorTable.7747
                0x000073ec       0x10 ./drivers/fsl_clock.o
 .rodata.s_uartBases
                0x000073fc       0x18 ./drivers/fsl_uart.o
 .rodata.s_uartIRQ
                0x00007414        0x6 ./drivers/fsl_uart.o
 *fill*         0x0000741a        0x2 ff
 .rodata.s_uartClock
                0x0000741c       0x18 ./drivers/fsl_uart.o
 .rodata        0x00007434      0x513 ./drivers/fsl_uart.o
 *fill*         0x00007947        0x1 ff
 .rodata.mcgConfig_BOARD_BootClockRUN
                0x00007948        0xb ./board/src/clock_config.o
                0x00007948                mcgConfig_BOARD_BootClockRUN
 *fill*         0x00007953        0x1 ff
 .rodata.simConfig_BOARD_BootClockRUN
                0x00007954        0x8 ./board/src/clock_config.o
                0x00007954                simConfig_BOARD_BootClockRUN
 .rodata.oscConfig_BOARD_BootClockRUN
                0x0000795c        0x8 ./board/src/clock_config.o
                0x0000795c                oscConfig_BOARD_BootClockRUN
 .rodata        0x00007964       0x18 ./amazon-freertos/FreeRTOS/tasks.o
                0x0000796c                FreeRTOSDebugConfig
 .rodata        0x0000797c        0xd ./amazon-freertos/FreeRTOS/timers.o
 *fill*         0x00007989        0x3 ff
 .rodata.__num_Ciob_streams
                0x0000798c        0x4 c:/nxp/mcuxpressoide_10.2.0_759/ide/tools/bin/../lib/gcc/arm-none-eabi/7.2.1/../../../../arm-none-eabi/lib/thumb/v7e-m/fpv4-sp/hard\libcr_semihost_nf.a(__ciob.o)
                0x0000798c                __num_Ciob_streams
 .rodata.__assertion_failed.str1.1
                0x00007990       0x15 c:/nxp/mcuxpressoide_10.2.0_759/ide/tools/bin/../lib/gcc/arm-none-eabi/7.2.1/../../../../arm-none-eabi/lib/thumb/v7e-m/fpv4-sp/hard\libcr_semihost_nf.a(_cr_assert.o)
 .rodata._Csys_alloc.str1.1
                0x000079a5       0x18 c:/nxp/mcuxpressoide_10.2.0_759/ide/tools/bin/../lib/gcc/arm-none-eabi/7.2.1/../../../../arm-none-eabi/lib/thumb/v7e-m/fpv4-sp/hard\libcr_c.a(alloc.o)
 .rodata._initio.str1.1
                0x000079bd        0x4 c:/nxp/mcuxpressoide_10.2.0_759/ide/tools/bin/../lib/gcc/arm-none-eabi/7.2.1/../../../../arm-none-eabi/lib/thumb/v7e-m/fpv4-sp/hard\libcr_c.a(initio.o)
 .rodata.__vfprintf.str1.1
                0x000079c1       0x35 c:/nxp/mcuxpressoide_10.2.0_759/ide/tools/bin/../lib/gcc/arm-none-eabi/7.2.1/../../../../arm-none-eabi/lib/thumb/v7e-m/fpv4-sp/hard\libcr_c.a(printf.o)
                                 0x38 (size before relaxing)
                0x000079f8                . = ALIGN (0x8)
 *fill*         0x000079f6        0x2 ff

.glue_7         0x000079f8        0x0
 .glue_7        0x000079f8        0x0 linker stubs

.glue_7t        0x000079f8        0x0
 .glue_7t       0x000079f8        0x0 linker stubs

.vfp11_veneer   0x000079f8        0x0
 .vfp11_veneer  0x000079f8        0x0 linker stubs

.v4_bx          0x000079f8        0x0
 .v4_bx         0x000079f8        0x0 linker stubs

.iplt           0x000079f8        0x0
 .iplt          0x000079f8        0x0 ./startup/startup_mk64f12.o

.rel.dyn        0x000079f8        0x0
 .rel.iplt      0x000079f8        0x0 ./startup/startup_mk64f12.o

.ARM.extab
 *(SORT_BY_ALIGNMENT(.ARM.extab*) SORT_BY_ALIGNMENT(.gnu.linkonce.armextab.*))
                0x000079f8                __exidx_start = .

.ARM.exidx
 *(SORT_BY_ALIGNMENT(.ARM.exidx*) SORT_BY_ALIGNMENT(.gnu.linkonce.armexidx.*))
                0x000079f8                __exidx_end = .
                0x000079f8                _etext = .

.m_usb_data
 *(SORT_BY_ALIGNMENT(m_usb_bdt))

.data_RAM2      0x1fff0000        0x0 load address 0x000079f8
 FILL mask 0xff
                [!provide]                PROVIDE (__start_data_RAM2, .)
 *(SORT_BY_ALIGNMENT(.ramfunc.$RAM2))
 *(SORT_BY_ALIGNMENT(.ramfunc.$SRAM_LOWER))
 *(SORT_BY_ALIGNMENT(.data.$RAM2*))
 *(SORT_BY_ALIGNMENT(.data.$SRAM_LOWER*))
                0x1fff0000                . = ALIGN (0x8)
                [!provide]                PROVIDE (__end_data_RAM2, .)

.data_RAM3      0x14000000        0x0 load address 0x000079f8
 FILL mask 0xff
                [!provide]                PROVIDE (__start_data_RAM3, .)
 *(SORT_BY_ALIGNMENT(.ramfunc.$RAM3))
 *(SORT_BY_ALIGNMENT(.ramfunc.$FLEX_RAM))
 *(SORT_BY_ALIGNMENT(.data.$RAM3*))
 *(SORT_BY_ALIGNMENT(.data.$FLEX_RAM*))
                0x14000000                . = ALIGN (0x8)
                [!provide]                PROVIDE (__end_data_RAM3, .)

.uninit_RESERVED
                0x20000000        0x0
 *(SORT_BY_ALIGNMENT(.bss.$RESERVED*))
                0x20000000                . = ALIGN (0x4)
                0x20000000                _end_uninit_RESERVED = .

.data           0x20000000       0x38 load address 0x000079f8
 FILL mask 0xff
                0x20000000                _data = .
 *(SORT_BY_ALIGNMENT(vtable))
 *(SORT_BY_ALIGNMENT(.ramfunc*))
 *(SORT_BY_ALIGNMENT(.data*))
 .data.to_send  0x20000000        0x4 ./source/freertos_uart.o
                0x20000000                to_send
 .data.send_ring_overrun
                0x20000004        0x4 ./source/freertos_uart.o
                0x20000004                send_ring_overrun
 .data.send_hardware_overrun
                0x20000008        0x4 ./source/freertos_uart.o
                0x20000008                send_hardware_overrun
 .data.uart_config
                0x2000000c       0x18 ./source/freertos_uart.o
                0x2000000c                uart_config
 .data.s_slowIrcFreq
                0x20000024        0x4 ./drivers/fsl_clock.o
 .data.s_fastIrcFreq
                0x20000028        0x4 ./drivers/fsl_clock.o
 .data.uxCriticalNesting
                0x2000002c        0x4 ./amazon-freertos/FreeRTOS/portable/port.o
 .data.SystemCoreClock
                0x20000030        0x4 ./CMSIS/system_MK64F12.o
                0x20000030                SystemCoreClock
                0x20000038                . = ALIGN (0x8)
 *fill*         0x20000034        0x4 ff
                0x20000038                _edata = .

.igot.plt       0x20000038        0x0 load address 0x00007a30
 .igot.plt      0x20000038        0x0 ./startup/startup_mk64f12.o

.bss_RAM2       0x1fff0000        0x0
                [!provide]                PROVIDE (__start_bss_RAM2, .)
 *(SORT_BY_ALIGNMENT(.bss.$RAM2*))
 *(SORT_BY_ALIGNMENT(.bss.$SRAM_LOWER*))
                0x1fff0000                . = ALIGN ((. != 0x0)?0x8:0x1)
                [!provide]                PROVIDE (__end_bss_RAM2, .)

.bss_RAM3       0x14000000        0x0
                [!provide]                PROVIDE (__start_bss_RAM3, .)
 *(SORT_BY_ALIGNMENT(.bss.$RAM3*))
 *(SORT_BY_ALIGNMENT(.bss.$FLEX_RAM*))
                0x14000000                . = ALIGN ((. != 0x0)?0x8:0x1)
                [!provide]                PROVIDE (__end_bss_RAM3, .)

.bss            0x20000038     0x2b00
                0x20000038                _bss = .
 *(SORT_BY_ALIGNMENT(.bss*))
 .bss.background_buffer
                0x20000038       0x20 ./source/freertos_uart.o
                0x20000038                background_buffer
 .bss.recv_buffer
                0x20000058        0x4 ./source/freertos_uart.o
                0x20000058                recv_buffer
 .bss.handle    0x2000005c       0x28 ./source/freertos_uart.o
                0x2000005c                handle
 .bss.t_handle  0x20000084       0x30 ./source/freertos_uart.o
                0x20000084                t_handle
 .bss.g_xtal0Freq
                0x200000b4        0x4 ./drivers/fsl_clock.o
                0x200000b4                g_xtal0Freq
 .bss.g_xtal32Freq
                0x200000b8        0x4 ./drivers/fsl_clock.o
                0x200000b8                g_xtal32Freq
 .bss.s_uartHandle
                0x200000bc       0x18 ./drivers/fsl_uart.o
 .bss.s_uartIsr
                0x200000d4        0x4 ./drivers/fsl_uart.o
 .bss.ucHeap    0x200000d8     0x2800 ./amazon-freertos/FreeRTOS/portable/heap_4.o
 .bss.xStart    0x200028d8        0x8 ./amazon-freertos/FreeRTOS/portable/heap_4.o
 .bss.pxEnd     0x200028e0        0x4 ./amazon-freertos/FreeRTOS/portable/heap_4.o
 .bss.xFreeBytesRemaining
                0x200028e4        0x4 ./amazon-freertos/FreeRTOS/portable/heap_4.o
 .bss.xMinimumEverFreeBytesRemaining
                0x200028e8        0x4 ./amazon-freertos/FreeRTOS/portable/heap_4.o
 .bss.xBlockAllocatedBit
                0x200028ec        0x4 ./amazon-freertos/FreeRTOS/portable/heap_4.o
 .bss.ulMaxPRIGROUPValue
                0x200028f0        0x4 ./amazon-freertos/FreeRTOS/portable/port.o
 .bss.xQueueRegistry
                0x200028f4       0x40 ./amazon-freertos/FreeRTOS/queue.o
                0x200028f4                xQueueRegistry
 .bss.pxCurrentTCB
                0x20002934        0x4 ./amazon-freertos/FreeRTOS/tasks.o
                0x20002934                pxCurrentTCB
 .bss.pxReadyTasksLists
                0x20002938       0x64 ./amazon-freertos/FreeRTOS/tasks.o
 .bss.xDelayedTaskList1
                0x2000299c       0x14 ./amazon-freertos/FreeRTOS/tasks.o
 .bss.xDelayedTaskList2
                0x200029b0       0x14 ./amazon-freertos/FreeRTOS/tasks.o
 .bss.pxDelayedTaskList
                0x200029c4        0x4 ./amazon-freertos/FreeRTOS/tasks.o
 .bss.pxOverflowDelayedTaskList
                0x200029c8        0x4 ./amazon-freertos/FreeRTOS/tasks.o
 .bss.xPendingReadyList
                0x200029cc       0x14 ./amazon-freertos/FreeRTOS/tasks.o
 .bss.xTasksWaitingTermination
                0x200029e0       0x14 ./amazon-freertos/FreeRTOS/tasks.o
 .bss.uxDeletedTasksWaitingCleanUp
                0x200029f4        0x4 ./amazon-freertos/FreeRTOS/tasks.o
 .bss.xSuspendedTaskList
                0x200029f8       0x14 ./amazon-freertos/FreeRTOS/tasks.o
 .bss.uxCurrentNumberOfTasks
                0x20002a0c        0x4 ./amazon-freertos/FreeRTOS/tasks.o
 .bss.xTickCount
                0x20002a10        0x4 ./amazon-freertos/FreeRTOS/tasks.o
 .bss.uxTopReadyPriority
                0x20002a14        0x4 ./amazon-freertos/FreeRTOS/tasks.o
 .bss.xSchedulerRunning
                0x20002a18        0x4 ./amazon-freertos/FreeRTOS/tasks.o
 .bss.uxPendedTicks
                0x20002a1c        0x4 ./amazon-freertos/FreeRTOS/tasks.o
 .bss.xYieldPending
                0x20002a20        0x4 ./amazon-freertos/FreeRTOS/tasks.o
 .bss.xNumOfOverflows
                0x20002a24        0x4 ./amazon-freertos/FreeRTOS/tasks.o
 .bss.uxTaskNumber
                0x20002a28        0x4 ./amazon-freertos/FreeRTOS/tasks.o
 .bss.xNextTaskUnblockTime
                0x20002a2c        0x4 ./amazon-freertos/FreeRTOS/tasks.o
 .bss.xIdleTaskHandle
                0x20002a30        0x4 ./amazon-freertos/FreeRTOS/tasks.o
 .bss.uxSchedulerSuspended
                0x20002a34        0x4 ./amazon-freertos/FreeRTOS/tasks.o
 .bss.xActiveTimerList1
                0x20002a38       0x14 ./amazon-freertos/FreeRTOS/timers.o
 .bss.xActiveTimerList2
                0x20002a4c       0x14 ./amazon-freertos/FreeRTOS/timers.o
 .bss.pxCurrentTimerList
                0x20002a60        0x4 ./amazon-freertos/FreeRTOS/timers.o
 .bss.pxOverflowTimerList
                0x20002a64        0x4 ./amazon-freertos/FreeRTOS/timers.o
 .bss.xTimerQueue
                0x20002a68        0x4 ./amazon-freertos/FreeRTOS/timers.o
 .bss.xTimerTaskHandle
                0x20002a6c        0x4 ./amazon-freertos/FreeRTOS/timers.o
 .bss.xLastTime.5851
                0x20002a70        0x4 ./amazon-freertos/FreeRTOS/timers.o
 .bss.__Ciob    0x20002a74       0xb4 c:/nxp/mcuxpressoide_10.2.0_759/ide/tools/bin/../lib/gcc/arm-none-eabi/7.2.1/../../../../arm-none-eabi/lib/thumb/v7e-m/fpv4-sp/hard\libcr_semihost_nf.a(__ciob.o)
                0x20002a74                __Ciob
 .bss.__end_of_heap
                0x20002b28        0x4 c:/nxp/mcuxpressoide_10.2.0_759/ide/tools/bin/../lib/gcc/arm-none-eabi/7.2.1/../../../../arm-none-eabi/lib/thumb/v7e-m/fpv4-sp/hard\libcr_c.a(__init_alloc.o)
                0x20002b28                __end_of_heap
 .bss.__heaps   0x20002b2c        0x4 c:/nxp/mcuxpressoide_10.2.0_759/ide/tools/bin/../lib/gcc/arm-none-eabi/7.2.1/../../../../arm-none-eabi/lib/thumb/v7e-m/fpv4-sp/hard\libcr_c.a(__init_alloc.o)
                0x20002b2c                __heaps
 .bss.errno     0x20002b30        0x4 c:/nxp/mcuxpressoide_10.2.0_759/ide/tools/bin/../lib/gcc/arm-none-eabi/7.2.1/../../../../arm-none-eabi/lib/thumb/v7e-m/fpv4-sp/hard\libcr_c.a(errno.o)
                0x20002b30                errno
 .bss.ucMaxSysCallPriority
                0x20002b34        0x1 ./amazon-freertos/FreeRTOS/portable/port.o
 *(SORT_BY_ALIGNMENT(COMMON))
                0x20002b38                . = ALIGN (0x8)
 *fill*         0x20002b35        0x3 
                0x20002b38                _ebss = .
                [!provide]                PROVIDE (end, .)

.noinit_RAM2    0x1fff0000        0x0
 *(SORT_BY_ALIGNMENT(.noinit.$RAM2*))
 *(SORT_BY_ALIGNMENT(.noinit.$SRAM_LOWER*))
                0x1fff0000                . = ALIGN (0x8)

.noinit_RAM3    0x14000000        0x0
 *(SORT_BY_ALIGNMENT(.noinit.$RAM3*))
 *(SORT_BY_ALIGNMENT(.noinit.$FLEX_RAM*))
                0x14000000                . = ALIGN (0x8)

.noinit         0x20002b38        0x0
                0x20002b38                _noinit = .
 *(SORT_BY_ALIGNMENT(.noinit*))
                0x20002b38                . = ALIGN (0x8)
                0x20002b38                _end_noinit = .
                0x00001000                _HeapSize = 0x1000

.heap           0x20002b38     0x1000
                0x20002b38                _pvHeapStart = .
                0x20003b38                . = (. + _HeapSize)
 *fill*         0x20002b38     0x1000 
                0x20003b38                . = ALIGN (0x8)
                0x20003b38                _pvHeapLimit = .
                0x00001000                _StackSize = 0x1000

.heap2stackfill
                0x20003b38     0x1000
                0x20004b38                . = (. + _StackSize)
 *fill*         0x20003b38     0x1000 

.stack          0x2002f000        0x0
                0x2002f000                _vStackBase = .
                0x2002f000                . = ALIGN (0x8)
                0x20030000                _vStackTop = (. + _StackSize)
                0x00000000                _image_start = LOADADDR (.text)
                0x00007a30                _image_end = (LOADADDR (.data) + SIZEOF (.data))
                0x00007a30                _image_size = (_image_end - _image_start)
OUTPUT(frdmk64f_freertos_uart_120918.axf elf32-littlearm)

.debug_info     0x00000000     0xcfeb
 .debug_info    0x00000000      0x8ac ./startup/startup_mk64f12.o
 .debug_info    0x000008ac     0x130c ./source/freertos_uart.o
 .debug_info    0x00001bb8       0x37 ./source/semihost_hardfault.o
 .debug_info    0x00001bef      0xa35 ./drivers/freertos/fsl_uart_freertos.o
 .debug_info    0x00002624     0x1e9b ./drivers/fsl_clock.o
 .debug_info    0x000044bf     0x19db ./drivers/fsl_uart.o
 .debug_info    0x00005e9a      0xaa2 ./board/src/clock_config.o
 .debug_info    0x0000693c      0x64d ./board/pin_mux.o
 .debug_info    0x00006f89       0xe1 ./amazon-freertos/portable/fsl_tickless_systick.o
 .debug_info    0x0000706a      0x3e6 ./amazon-freertos/FreeRTOS/portable/heap_4.o
 .debug_info    0x00007450      0x52a ./amazon-freertos/FreeRTOS/portable/port.o
 .debug_info    0x0000797a      0x9c9 ./amazon-freertos/FreeRTOS/event_groups.o
 .debug_info    0x00008343      0x2c5 ./amazon-freertos/FreeRTOS/list.o
 .debug_info    0x00008608     0x168c ./amazon-freertos/FreeRTOS/queue.o
 .debug_info    0x00009c94     0x1f89 ./amazon-freertos/FreeRTOS/tasks.o
 .debug_info    0x0000bc1d      0xda1 ./amazon-freertos/FreeRTOS/timers.o
 .debug_info    0x0000c9be      0x62d ./CMSIS/system_MK64F12.o

.debug_abbrev   0x00000000     0x20e1
 .debug_abbrev  0x00000000      0x159 ./startup/startup_mk64f12.o
 .debug_abbrev  0x00000159      0x237 ./source/freertos_uart.o
 .debug_abbrev  0x00000390       0x2c ./source/semihost_hardfault.o
 .debug_abbrev  0x000003bc      0x233 ./drivers/freertos/fsl_uart_freertos.o
 .debug_abbrev  0x000005ef      0x31e ./drivers/fsl_clock.o
 .debug_abbrev  0x0000090d      0x300 ./drivers/fsl_uart.o
 .debug_abbrev  0x00000c0d      0x1f1 ./board/src/clock_config.o
 .debug_abbrev  0x00000dfe      0x196 ./board/pin_mux.o
 .debug_abbrev  0x00000f94       0x8f ./amazon-freertos/portable/fsl_tickless_systick.o
 .debug_abbrev  0x00001023      0x1e5 ./amazon-freertos/FreeRTOS/portable/heap_4.o
 .debug_abbrev  0x00001208      0x249 ./amazon-freertos/FreeRTOS/portable/port.o
 .debug_abbrev  0x00001451      0x23b ./amazon-freertos/FreeRTOS/event_groups.o
 .debug_abbrev  0x0000168c      0x116 ./amazon-freertos/FreeRTOS/list.o
 .debug_abbrev  0x000017a2      0x2b3 ./amazon-freertos/FreeRTOS/queue.o
 .debug_abbrev  0x00001a55      0x2e8 ./amazon-freertos/FreeRTOS/tasks.o
 .debug_abbrev  0x00001d3d      0x253 ./amazon-freertos/FreeRTOS/timers.o
 .debug_abbrev  0x00001f90      0x151 ./CMSIS/system_MK64F12.o

.debug_aranges  0x00000000      0xd88
 .debug_aranges
                0x00000000      0x330 ./startup/startup_mk64f12.o
 .debug_aranges
                0x00000330       0x30 ./source/freertos_uart.o
 .debug_aranges
                0x00000360       0x20 ./source/semihost_hardfault.o
 .debug_aranges
                0x00000380       0x50 ./drivers/freertos/fsl_uart_freertos.o
 .debug_aranges
                0x000003d0      0x1e8 ./drivers/fsl_clock.o
 .debug_aranges
                0x000005b8      0x170 ./drivers/fsl_uart.o
 .debug_aranges
                0x00000728       0x50 ./board/src/clock_config.o
 .debug_aranges
                0x00000778       0x30 ./board/pin_mux.o
 .debug_aranges
                0x000007a8       0x20 ./amazon-freertos/portable/fsl_tickless_systick.o
 .debug_aranges
                0x000007c8       0x50 ./amazon-freertos/FreeRTOS/portable/heap_4.o
 .debug_aranges
                0x00000818       0x78 ./amazon-freertos/FreeRTOS/portable/port.o
 .debug_aranges
                0x00000890       0x88 ./amazon-freertos/FreeRTOS/event_groups.o
 .debug_aranges
                0x00000918       0x40 ./amazon-freertos/FreeRTOS/list.o
 .debug_aranges
                0x00000958      0x130 ./amazon-freertos/FreeRTOS/queue.o
 .debug_aranges
                0x00000a88      0x1f8 ./amazon-freertos/FreeRTOS/tasks.o
 .debug_aranges
                0x00000c80       0xd8 ./amazon-freertos/FreeRTOS/timers.o
 .debug_aranges
                0x00000d58       0x30 ./CMSIS/system_MK64F12.o

.debug_ranges   0x00000000      0xc78
 .debug_ranges  0x00000000      0x320 ./startup/startup_mk64f12.o
 .debug_ranges  0x00000320       0x20 ./source/freertos_uart.o
 .debug_ranges  0x00000340       0x10 ./source/semihost_hardfault.o
 .debug_ranges  0x00000350       0x40 ./drivers/freertos/fsl_uart_freertos.o
 .debug_ranges  0x00000390      0x1d8 ./drivers/fsl_clock.o
 .debug_ranges  0x00000568      0x160 ./drivers/fsl_uart.o
 .debug_ranges  0x000006c8       0x40 ./board/src/clock_config.o
 .debug_ranges  0x00000708       0x20 ./board/pin_mux.o
 .debug_ranges  0x00000728       0x10 ./amazon-freertos/portable/fsl_tickless_systick.o
 .debug_ranges  0x00000738       0x40 ./amazon-freertos/FreeRTOS/portable/heap_4.o
 .debug_ranges  0x00000778       0x68 ./amazon-freertos/FreeRTOS/portable/port.o
 .debug_ranges  0x000007e0       0x78 ./amazon-freertos/FreeRTOS/event_groups.o
 .debug_ranges  0x00000858       0x30 ./amazon-freertos/FreeRTOS/list.o
 .debug_ranges  0x00000888      0x120 ./amazon-freertos/FreeRTOS/queue.o
 .debug_ranges  0x000009a8      0x1e8 ./amazon-freertos/FreeRTOS/tasks.o
 .debug_ranges  0x00000b90       0xc8 ./amazon-freertos/FreeRTOS/timers.o
 .debug_ranges  0x00000c58       0x20 ./CMSIS/system_MK64F12.o

.debug_line     0x00000000     0x4e73
 .debug_line    0x00000000      0x6d4 ./startup/startup_mk64f12.o
 .debug_line    0x000006d4      0x269 ./source/freertos_uart.o
 .debug_line    0x0000093d       0x54 ./source/semihost_hardfault.o
 .debug_line    0x00000991      0x2eb ./drivers/freertos/fsl_uart_freertos.o
 .debug_line    0x00000c7c      0x928 ./drivers/fsl_clock.o
 .debug_line    0x000015a4      0x938 ./drivers/fsl_uart.o
 .debug_line    0x00001edc      0x1ee ./board/src/clock_config.o
 .debug_line    0x000020ca      0x168 ./board/pin_mux.o
 .debug_line    0x00002232      0x133 ./amazon-freertos/portable/fsl_tickless_systick.o
 .debug_line    0x00002365      0x23f ./amazon-freertos/FreeRTOS/portable/heap_4.o
 .debug_line    0x000025a4      0x320 ./amazon-freertos/FreeRTOS/portable/port.o
 .debug_line    0x000028c4      0x40f ./amazon-freertos/FreeRTOS/event_groups.o
 .debug_line    0x00002cd3      0x1b5 ./amazon-freertos/FreeRTOS/list.o
 .debug_line    0x00002e88      0xaca ./amazon-freertos/FreeRTOS/queue.o
 .debug_line    0x00003952      0xe71 ./amazon-freertos/FreeRTOS/tasks.o
 .debug_line    0x000047c3      0x528 ./amazon-freertos/FreeRTOS/timers.o
 .debug_line    0x00004ceb      0x188 ./CMSIS/system_MK64F12.o

.debug_str      0x00000000     0x6054
 .debug_str     0x00000000      0x92b ./startup/startup_mk64f12.o
                                0x94d (size before relaxing)
 .debug_str     0x0000092b     0x178f ./source/freertos_uart.o
                               0x1972 (size before relaxing)
 .debug_str     0x000020ba       0x1f ./source/semihost_hardfault.o
                                0x16f (size before relaxing)
 .debug_str     0x000020d9      0x38b ./drivers/freertos/fsl_uart_freertos.o
                                0xbc0 (size before relaxing)
 .debug_str     0x00002464     0x101c ./drivers/fsl_clock.o
                               0x1d23 (size before relaxing)
 .debug_str     0x00003480      0x75c ./drivers/fsl_uart.o
                               0x1e7f (size before relaxing)
 .debug_str     0x00003bdc      0x226 ./board/src/clock_config.o
                                0xeec (size before relaxing)
 .debug_str     0x00003e02      0x164 ./board/pin_mux.o
                                0x715 (size before relaxing)
 .debug_str     0x00003f66       0x4c ./amazon-freertos/portable/fsl_tickless_systick.o
                                0x274 (size before relaxing)
 .debug_str     0x00003fb2      0x20b ./amazon-freertos/FreeRTOS/portable/heap_4.o
                                0x427 (size before relaxing)
 .debug_str     0x000041bd      0x203 ./amazon-freertos/FreeRTOS/portable/port.o
                                0x48a (size before relaxing)
 .debug_str     0x000043c0      0x3bf ./amazon-freertos/FreeRTOS/event_groups.o
                                0x689 (size before relaxing)
 .debug_str     0x0000477f       0xa5 ./amazon-freertos/FreeRTOS/list.o
                                0x36a (size before relaxing)
 .debug_str     0x00004824      0x5bc ./amazon-freertos/FreeRTOS/queue.o
                                0x97e (size before relaxing)
 .debug_str     0x00004de0      0xca8 ./amazon-freertos/FreeRTOS/tasks.o
                               0x1129 (size before relaxing)
 .debug_str     0x00005a88      0x510 ./amazon-freertos/FreeRTOS/timers.o
                                0x896 (size before relaxing)
 .debug_str     0x00005f98       0xbc ./CMSIS/system_MK64F12.o
                                0x418 (size before relaxing)

.comment        0x00000000       0x7e
 .comment       0x00000000       0x7e ./startup/startup_mk64f12.o
                                 0x7f (size before relaxing)
 .comment       0x0000007e       0x7f ./source/freertos_uart.o
 .comment       0x0000007e       0x7f ./source/semihost_hardfault.o
 .comment       0x0000007e       0x7f ./drivers/freertos/fsl_uart_freertos.o
 .comment       0x0000007e       0x7f ./drivers/fsl_clock.o
 .comment       0x0000007e       0x7f ./drivers/fsl_uart.o
 .comment       0x0000007e       0x7f ./board/src/clock_config.o
 .comment       0x0000007e       0x7f ./board/pin_mux.o
 .comment       0x0000007e       0x7f ./amazon-freertos/portable/fsl_tickless_systick.o
 .comment       0x0000007e       0x7f ./amazon-freertos/FreeRTOS/portable/heap_4.o
 .comment       0x0000007e       0x7f ./amazon-freertos/FreeRTOS/portable/port.o
 .comment       0x0000007e       0x7f ./amazon-freertos/FreeRTOS/event_groups.o
 .comment       0x0000007e       0x7f ./amazon-freertos/FreeRTOS/list.o
 .comment       0x0000007e       0x7f ./amazon-freertos/FreeRTOS/queue.o
 .comment       0x0000007e       0x7f ./amazon-freertos/FreeRTOS/tasks.o
 .comment       0x0000007e       0x7f ./amazon-freertos/FreeRTOS/timers.o
 .comment       0x0000007e       0x7f ./CMSIS/system_MK64F12.o
 .comment       0x0000007e       0x7f c:/nxp/mcuxpressoide_10.2.0_759/ide/tools/bin/../lib/gcc/arm-none-eabi/7.2.1/../../../../arm-none-eabi/lib/thumb/v7e-m/fpv4-sp/hard\libcr_semihost_nf.a(_cr__main.o)
 .comment       0x0000007e       0x7f c:/nxp/mcuxpressoide_10.2.0_759/ide/tools/bin/../lib/gcc/arm-none-eabi/7.2.1/../../../../arm-none-eabi/lib/thumb/v7e-m/fpv4-sp/hard\libcr_semihost_nf.a(_cr_assert.o)
 .comment       0x0000007e       0x7f c:/nxp/mcuxpressoide_10.2.0_759/ide/tools/bin/../lib/gcc/arm-none-eabi/7.2.1/../../../../arm-none-eabi/lib/thumb/v7e-m/fpv4-sp/hard\libcr_semihost_nf.a(__ciob.o)
 .comment       0x0000007e       0x7f c:/nxp/mcuxpressoide_10.2.0_759/ide/tools/bin/../lib/gcc/arm-none-eabi/7.2.1/../../../../arm-none-eabi/lib/thumb/v7e-m/fpv4-sp/hard\libcr_c.a(memcpy.o)
 .comment       0x0000007e       0x7f c:/nxp/mcuxpressoide_10.2.0_759/ide/tools/bin/../lib/gcc/arm-none-eabi/7.2.1/../../../../arm-none-eabi/lib/thumb/v7e-m/fpv4-sp/hard\libcr_c.a(memset.o)
 .comment       0x0000007e       0x7f c:/nxp/mcuxpressoide_10.2.0_759/ide/tools/bin/../lib/gcc/arm-none-eabi/7.2.1/../../../../arm-none-eabi/lib/thumb/v7e-m/fpv4-sp/hard\libcr_c.a(_deferredlazyseek.o)
 .comment       0x0000007e       0x7f c:/nxp/mcuxpressoide_10.2.0_759/ide/tools/bin/../lib/gcc/arm-none-eabi/7.2.1/../../../../arm-none-eabi/lib/thumb/v7e-m/fpv4-sp/hard\libcr_c.a(_fflush.o)
 .comment       0x0000007e       0x7f c:/nxp/mcuxpressoide_10.2.0_759/ide/tools/bin/../lib/gcc/arm-none-eabi/7.2.1/../../../../arm-none-eabi/lib/thumb/v7e-m/fpv4-sp/hard\libcr_c.a(_writebuf.o)
 .comment       0x0000007e       0x7f c:/nxp/mcuxpressoide_10.2.0_759/ide/tools/bin/../lib/gcc/arm-none-eabi/7.2.1/../../../../arm-none-eabi/lib/thumb/v7e-m/fpv4-sp/hard\libcr_c.a(alloc.o)
 .comment       0x0000007e       0x7f c:/nxp/mcuxpressoide_10.2.0_759/ide/tools/bin/../lib/gcc/arm-none-eabi/7.2.1/../../../../arm-none-eabi/lib/thumb/v7e-m/fpv4-sp/hard\libcr_c.a(fputs.o)
 .comment       0x0000007e       0x7f c:/nxp/mcuxpressoide_10.2.0_759/ide/tools/bin/../lib/gcc/arm-none-eabi/7.2.1/../../../../arm-none-eabi/lib/thumb/v7e-m/fpv4-sp/hard\libcr_c.a(fseek.o)
 .comment       0x0000007e       0x7f c:/nxp/mcuxpressoide_10.2.0_759/ide/tools/bin/../lib/gcc/arm-none-eabi/7.2.1/../../../../arm-none-eabi/lib/thumb/v7e-m/fpv4-sp/hard\libcr_c.a(ftell.o)
 .comment       0x0000007e       0x7f c:/nxp/mcuxpressoide_10.2.0_759/ide/tools/bin/../lib/gcc/arm-none-eabi/7.2.1/../../../../arm-none-eabi/lib/thumb/v7e-m/fpv4-sp/hard\libcr_c.a(initio.o)
 .comment       0x0000007e       0x7f c:/nxp/mcuxpressoide_10.2.0_759/ide/tools/bin/../lib/gcc/arm-none-eabi/7.2.1/../../../../arm-none-eabi/lib/thumb/v7e-m/fpv4-sp/hard\libcr_c.a(printf.o)
 .comment       0x0000007e       0x7f c:/nxp/mcuxpressoide_10.2.0_759/ide/tools/bin/../lib/gcc/arm-none-eabi/7.2.1/../../../../arm-none-eabi/lib/thumb/v7e-m/fpv4-sp/hard\libcr_c.a(setvbuf.o)
 .comment       0x0000007e       0x7f c:/nxp/mcuxpressoide_10.2.0_759/ide/tools/bin/../lib/gcc/arm-none-eabi/7.2.1/../../../../arm-none-eabi/lib/thumb/v7e-m/fpv4-sp/hard\libcr_c.a(strlen.o)
 .comment       0x0000007e       0x7f c:/nxp/mcuxpressoide_10.2.0_759/ide/tools/bin/../lib/gcc/arm-none-eabi/7.2.1/../../../../arm-none-eabi/lib/thumb/v7e-m/fpv4-sp/hard\libcr_c.a(__init_alloc.o)
 .comment       0x0000007e       0x7f c:/nxp/mcuxpressoide_10.2.0_759/ide/tools/bin/../lib/gcc/arm-none-eabi/7.2.1/../../../../arm-none-eabi/lib/thumb/v7e-m/fpv4-sp/hard\libcr_c.a(_cr_sbrk.o)
 .comment       0x0000007e       0x7f c:/nxp/mcuxpressoide_10.2.0_759/ide/tools/bin/../lib/gcc/arm-none-eabi/7.2.1/../../../../arm-none-eabi/lib/thumb/v7e-m/fpv4-sp/hard\libcr_c.a(_fdopen.o)
 .comment       0x0000007e       0x7f c:/nxp/mcuxpressoide_10.2.0_759/ide/tools/bin/../lib/gcc/arm-none-eabi/7.2.1/../../../../arm-none-eabi/lib/thumb/v7e-m/fpv4-sp/hard\libcr_c.a(errno.o)
 .comment       0x0000007e       0x7f c:/nxp/mcuxpressoide_10.2.0_759/ide/tools/bin/../lib/gcc/arm-none-eabi/7.2.1/../../../../arm-none-eabi/lib/thumb/v7e-m/fpv4-sp/hard\libcr_c.a(fclose.o)
 .comment       0x0000007e       0x7f c:/nxp/mcuxpressoide_10.2.0_759/ide/tools/bin/../lib/gcc/arm-none-eabi/7.2.1/../../../../arm-none-eabi/lib/thumb/v7e-m/fpv4-sp/hard\libcr_c.a(fflush.o)
 .comment       0x0000007e       0x7f c:/nxp/mcuxpressoide_10.2.0_759/ide/tools/bin/../lib/gcc/arm-none-eabi/7.2.1/../../../../arm-none-eabi/lib/thumb/v7e-m/fpv4-sp/hard\libcr_c.a(remove.o)
 .comment       0x0000007e       0x7f c:/nxp/mcuxpressoide_10.2.0_759/ide/tools/bin/../lib/gcc/arm-none-eabi/7.2.1/../../../../arm-none-eabi/lib/thumb/v7e-m/fpv4-sp/hard\libcr_c.a(_cr_check_heap.o)
 .comment       0x0000007e       0x7f c:/nxp/mcuxpressoide_10.2.0_759/ide/tools/bin/../lib/gcc/arm-none-eabi/7.2.1/../../../../arm-none-eabi/lib/thumb/v7e-m/fpv4-sp/hard\libcr_c.a(_do_fflush.o)

.ARM.attributes
                0x00000000       0x37
 .ARM.attributes
                0x00000000       0x39 ./startup/startup_mk64f12.o
 .ARM.attributes
                0x00000039       0x39 ./source/freertos_uart.o
 .ARM.attributes
                0x00000072       0x39 ./source/semihost_hardfault.o
 .ARM.attributes
                0x000000ab       0x39 ./drivers/freertos/fsl_uart_freertos.o
 .ARM.attributes
                0x000000e4       0x39 ./drivers/fsl_clock.o
 .ARM.attributes
                0x0000011d       0x39 ./drivers/fsl_uart.o
 .ARM.attributes
                0x00000156       0x39 ./board/src/clock_config.o
 .ARM.attributes
                0x0000018f       0x39 ./board/pin_mux.o
 .ARM.attributes
                0x000001c8       0x39 ./amazon-freertos/portable/fsl_tickless_systick.o
 .ARM.attributes
                0x00000201       0x39 ./amazon-freertos/FreeRTOS/portable/heap_4.o
 .ARM.attributes
                0x0000023a       0x39 ./amazon-freertos/FreeRTOS/portable/port.o
 .ARM.attributes
                0x00000273       0x39 ./amazon-freertos/FreeRTOS/event_groups.o
 .ARM.attributes
                0x000002ac       0x39 ./amazon-freertos/FreeRTOS/list.o
 .ARM.attributes
                0x000002e5       0x39 ./amazon-freertos/FreeRTOS/queue.o
 .ARM.attributes
                0x0000031e       0x39 ./amazon-freertos/FreeRTOS/tasks.o
 .ARM.attributes
                0x00000357       0x39 ./amazon-freertos/FreeRTOS/timers.o
 .ARM.attributes
                0x00000390       0x39 ./CMSIS/system_MK64F12.o
 .ARM.attributes
                0x000003c9       0x39 c:/nxp/mcuxpressoide_10.2.0_759/ide/tools/bin/../lib/gcc/arm-none-eabi/7.2.1/../../../../arm-none-eabi/lib/thumb/v7e-m/fpv4-sp/hard\libcr_semihost_nf.a(_cr__main.o)
 .ARM.attributes
                0x00000402       0x39 c:/nxp/mcuxpressoide_10.2.0_759/ide/tools/bin/../lib/gcc/arm-none-eabi/7.2.1/../../../../arm-none-eabi/lib/thumb/v7e-m/fpv4-sp/hard\libcr_semihost_nf.a(_cr_assert.o)
 .ARM.attributes
                0x0000043b       0x39 c:/nxp/mcuxpressoide_10.2.0_759/ide/tools/bin/../lib/gcc/arm-none-eabi/7.2.1/../../../../arm-none-eabi/lib/thumb/v7e-m/fpv4-sp/hard\libcr_semihost_nf.a(__ciob.o)
 .ARM.attributes
                0x00000474       0x25 c:/nxp/mcuxpressoide_10.2.0_759/ide/tools/bin/../lib/gcc/arm-none-eabi/7.2.1/../../../../arm-none-eabi/lib/thumb/v7e-m/fpv4-sp/hard\libcr_semihost_nf.a(__sys_appexit.o)
 .ARM.attributes
                0x00000499       0x39 c:/nxp/mcuxpressoide_10.2.0_759/ide/tools/bin/../lib/gcc/arm-none-eabi/7.2.1/../../../../arm-none-eabi/lib/thumb/v7e-m/fpv4-sp/hard\libcr_c.a(memcpy.o)
 .ARM.attributes
                0x000004d2       0x39 c:/nxp/mcuxpressoide_10.2.0_759/ide/tools/bin/../lib/gcc/arm-none-eabi/7.2.1/../../../../arm-none-eabi/lib/thumb/v7e-m/fpv4-sp/hard\libcr_c.a(memset.o)
 .ARM.attributes
                0x0000050b       0x39 c:/nxp/mcuxpressoide_10.2.0_759/ide/tools/bin/../lib/gcc/arm-none-eabi/7.2.1/../../../../arm-none-eabi/lib/thumb/v7e-m/fpv4-sp/hard\libcr_c.a(_deferredlazyseek.o)
 .ARM.attributes
                0x00000544       0x39 c:/nxp/mcuxpressoide_10.2.0_759/ide/tools/bin/../lib/gcc/arm-none-eabi/7.2.1/../../../../arm-none-eabi/lib/thumb/v7e-m/fpv4-sp/hard\libcr_c.a(_fflush.o)
 .ARM.attributes
                0x0000057d       0x39 c:/nxp/mcuxpressoide_10.2.0_759/ide/tools/bin/../lib/gcc/arm-none-eabi/7.2.1/../../../../arm-none-eabi/lib/thumb/v7e-m/fpv4-sp/hard\libcr_c.a(_writebuf.o)
 .ARM.attributes
                0x000005b6       0x39 c:/nxp/mcuxpressoide_10.2.0_759/ide/tools/bin/../lib/gcc/arm-none-eabi/7.2.1/../../../../arm-none-eabi/lib/thumb/v7e-m/fpv4-sp/hard\libcr_c.a(alloc.o)
 .ARM.attributes
                0x000005ef       0x39 c:/nxp/mcuxpressoide_10.2.0_759/ide/tools/bin/../lib/gcc/arm-none-eabi/7.2.1/../../../../arm-none-eabi/lib/thumb/v7e-m/fpv4-sp/hard\libcr_c.a(fputs.o)
 .ARM.attributes
                0x00000628       0x39 c:/nxp/mcuxpressoide_10.2.0_759/ide/tools/bin/../lib/gcc/arm-none-eabi/7.2.1/../../../../arm-none-eabi/lib/thumb/v7e-m/fpv4-sp/hard\libcr_c.a(fseek.o)
 .ARM.attributes
                0x00000661       0x39 c:/nxp/mcuxpressoide_10.2.0_759/ide/tools/bin/../lib/gcc/arm-none-eabi/7.2.1/../../../../arm-none-eabi/lib/thumb/v7e-m/fpv4-sp/hard\libcr_c.a(ftell.o)
 .ARM.attributes
                0x0000069a       0x39 c:/nxp/mcuxpressoide_10.2.0_759/ide/tools/bin/../lib/gcc/arm-none-eabi/7.2.1/../../../../arm-none-eabi/lib/thumb/v7e-m/fpv4-sp/hard\libcr_c.a(initio.o)
 .ARM.attributes
                0x000006d3       0x39 c:/nxp/mcuxpressoide_10.2.0_759/ide/tools/bin/../lib/gcc/arm-none-eabi/7.2.1/../../../../arm-none-eabi/lib/thumb/v7e-m/fpv4-sp/hard\libcr_c.a(printf.o)
 .ARM.attributes
                0x0000070c       0x39 c:/nxp/mcuxpressoide_10.2.0_759/ide/tools/bin/../lib/gcc/arm-none-eabi/7.2.1/../../../../arm-none-eabi/lib/thumb/v7e-m/fpv4-sp/hard\libcr_c.a(setvbuf.o)
 .ARM.attributes
                0x00000745       0x39 c:/nxp/mcuxpressoide_10.2.0_759/ide/tools/bin/../lib/gcc/arm-none-eabi/7.2.1/../../../../arm-none-eabi/lib/thumb/v7e-m/fpv4-sp/hard\libcr_c.a(strlen.o)
 .ARM.attributes
                0x0000077e       0x39 c:/nxp/mcuxpressoide_10.2.0_759/ide/tools/bin/../lib/gcc/arm-none-eabi/7.2.1/../../../../arm-none-eabi/lib/thumb/v7e-m/fpv4-sp/hard\libcr_c.a(__init_alloc.o)
 .ARM.attributes
                0x000007b7       0x39 c:/nxp/mcuxpressoide_10.2.0_759/ide/tools/bin/../lib/gcc/arm-none-eabi/7.2.1/../../../../arm-none-eabi/lib/thumb/v7e-m/fpv4-sp/hard\libcr_c.a(_cr_sbrk.o)
 .ARM.attributes
                0x000007f0       0x39 c:/nxp/mcuxpressoide_10.2.0_759/ide/tools/bin/../lib/gcc/arm-none-eabi/7.2.1/../../../../arm-none-eabi/lib/thumb/v7e-m/fpv4-sp/hard\libcr_c.a(_fdopen.o)
 .ARM.attributes
                0x00000829       0x39 c:/nxp/mcuxpressoide_10.2.0_759/ide/tools/bin/../lib/gcc/arm-none-eabi/7.2.1/../../../../arm-none-eabi/lib/thumb/v7e-m/fpv4-sp/hard\libcr_c.a(errno.o)
 .ARM.attributes
                0x00000862       0x39 c:/nxp/mcuxpressoide_10.2.0_759/ide/tools/bin/../lib/gcc/arm-none-eabi/7.2.1/../../../../arm-none-eabi/lib/thumb/v7e-m/fpv4-sp/hard\libcr_c.a(fclose.o)
 .ARM.attributes
                0x0000089b       0x39 c:/nxp/mcuxpressoide_10.2.0_759/ide/tools/bin/../lib/gcc/arm-none-eabi/7.2.1/../../../../arm-none-eabi/lib/thumb/v7e-m/fpv4-sp/hard\libcr_c.a(fflush.o)
 .ARM.attributes
                0x000008d4       0x39 c:/nxp/mcuxpressoide_10.2.0_759/ide/tools/bin/../lib/gcc/arm-none-eabi/7.2.1/../../../../arm-none-eabi/lib/thumb/v7e-m/fpv4-sp/hard\libcr_c.a(remove.o)
 .ARM.attributes
                0x0000090d       0x39 c:/nxp/mcuxpressoide_10.2.0_759/ide/tools/bin/../lib/gcc/arm-none-eabi/7.2.1/../../../../arm-none-eabi/lib/thumb/v7e-m/fpv4-sp/hard\libcr_c.a(_cr_check_heap.o)
 .ARM.attributes
                0x00000946       0x39 c:/nxp/mcuxpressoide_10.2.0_759/ide/tools/bin/../lib/gcc/arm-none-eabi/7.2.1/../../../../arm-none-eabi/lib/thumb/v7e-m/fpv4-sp/hard\libcr_c.a(_do_fflush.o)
 .ARM.attributes
                0x0000097f       0x25 c:/nxp/mcuxpressoide_10.2.0_759/ide/tools/bin/../lib/gcc/arm-none-eabi/7.2.1/thumb/v7e-m/fpv4-sp/hard\libcr_eabihelpers.a(memcpy.o)
 .ARM.attributes