Archive member included to satisfy reference by file (symbol)

c:/nxp/mcuxpressoide_10.1.1_606/ide/tools/bin/../lib/gcc/arm-none-eabi/6.3.1/../../../../arm-none-eabi/lib/thumb/v7e-m/fpv4-sp/hard\libcr_semihost_nf.a(_cr__main.o)
                              ./startup/startup_mk64f12.o (__main)
c:/nxp/mcuxpressoide_10.1.1_606/ide/tools/bin/../lib/gcc/arm-none-eabi/6.3.1/../../../../arm-none-eabi/lib/thumb/v7e-m/fpv4-sp/hard\libcr_semihost_nf.a(_cr_assert.o)
                              ./utilities/fsl_debug_console.o (__assertion_failed)
c:/nxp/mcuxpressoide_10.1.1_606/ide/tools/bin/../lib/gcc/arm-none-eabi/6.3.1/../../../../arm-none-eabi/lib/thumb/v7e-m/fpv4-sp/hard\libcr_semihost_nf.a(__ciob.o)
                              c:/nxp/mcuxpressoide_10.1.1_606/ide/tools/bin/../lib/gcc/arm-none-eabi/6.3.1/../../../../arm-none-eabi/lib/thumb/v7e-m/fpv4-sp/hard\libcr_semihost_nf.a(_cr_assert.o) (__Ciob)
c:/nxp/mcuxpressoide_10.1.1_606/ide/tools/bin/../lib/gcc/arm-none-eabi/6.3.1/../../../../arm-none-eabi/lib/thumb/v7e-m/fpv4-sp/hard\libcr_semihost_nf.a(__sys_appexit.o)
                              c:/nxp/mcuxpressoide_10.1.1_606/ide/tools/bin/../lib/gcc/arm-none-eabi/6.3.1/../../../../arm-none-eabi/lib/thumb/v7e-m/fpv4-sp/hard\libcr_semihost_nf.a(_cr_assert.o) (__sys_appexit)
c:/nxp/mcuxpressoide_10.1.1_606/ide/tools/bin/../lib/gcc/arm-none-eabi/6.3.1/../../../../arm-none-eabi/lib/thumb/v7e-m/fpv4-sp/hard\libcr_c.a(memcpy.o)
                              ./source/lin1d3_driver.o (memcpy)
c:/nxp/mcuxpressoide_10.1.1_606/ide/tools/bin/../lib/gcc/arm-none-eabi/6.3.1/../../../../arm-none-eabi/lib/thumb/v7e-m/fpv4-sp/hard\libcr_c.a(memset.o)
                              ./source/lin1d3_driver.o (memset)
c:/nxp/mcuxpressoide_10.1.1_606/ide/tools/bin/../lib/gcc/arm-none-eabi/6.3.1/../../../../arm-none-eabi/lib/thumb/v7e-m/fpv4-sp/hard\libcr_c.a(_deferredlazyseek.o)
                              c:/nxp/mcuxpressoide_10.1.1_606/ide/tools/bin/../lib/gcc/arm-none-eabi/6.3.1/../../../../arm-none-eabi/lib/thumb/v7e-m/fpv4-sp/hard\libcr_semihost_nf.a(_cr_assert.o) (__flsbuf)
c:/nxp/mcuxpressoide_10.1.1_606/ide/tools/bin/../lib/gcc/arm-none-eabi/6.3.1/../../../../arm-none-eabi/lib/thumb/v7e-m/fpv4-sp/hard\libcr_c.a(_fflush.o)
                              c:/nxp/mcuxpressoide_10.1.1_606/ide/tools/bin/../lib/gcc/arm-none-eabi/6.3.1/../../../../arm-none-eabi/lib/thumb/v7e-m/fpv4-sp/hard\libcr_c.a(_deferredlazyseek.o) (_fflush)
c:/nxp/mcuxpressoide_10.1.1_606/ide/tools/bin/../lib/gcc/arm-none-eabi/6.3.1/../../../../arm-none-eabi/lib/thumb/v7e-m/fpv4-sp/hard\libcr_c.a(_writebuf.o)
                              c:/nxp/mcuxpressoide_10.1.1_606/ide/tools/bin/../lib/gcc/arm-none-eabi/6.3.1/../../../../arm-none-eabi/lib/thumb/v7e-m/fpv4-sp/hard\libcr_c.a(_deferredlazyseek.o) (_Cwritebuf)
c:/nxp/mcuxpressoide_10.1.1_606/ide/tools/bin/../lib/gcc/arm-none-eabi/6.3.1/../../../../arm-none-eabi/lib/thumb/v7e-m/fpv4-sp/hard\libcr_c.a(alloc.o)
                              ./drivers/fsl_common.o (malloc)
c:/nxp/mcuxpressoide_10.1.1_606/ide/tools/bin/../lib/gcc/arm-none-eabi/6.3.1/../../../../arm-none-eabi/lib/thumb/v7e-m/fpv4-sp/hard\libcr_c.a(fputs.o)
                              c:/nxp/mcuxpressoide_10.1.1_606/ide/tools/bin/../lib/gcc/arm-none-eabi/6.3.1/../../../../arm-none-eabi/lib/thumb/v7e-m/fpv4-sp/hard\libcr_semihost_nf.a(_cr_assert.o) (fputs)
c:/nxp/mcuxpressoide_10.1.1_606/ide/tools/bin/../lib/gcc/arm-none-eabi/6.3.1/../../../../arm-none-eabi/lib/thumb/v7e-m/fpv4-sp/hard\libcr_c.a(fseek.o)
                              c:/nxp/mcuxpressoide_10.1.1_606/ide/tools/bin/../lib/gcc/arm-none-eabi/6.3.1/../../../../arm-none-eabi/lib/thumb/v7e-m/fpv4-sp/hard\libcr_c.a(_deferredlazyseek.o) (fseek)
c:/nxp/mcuxpressoide_10.1.1_606/ide/tools/bin/../lib/gcc/arm-none-eabi/6.3.1/../../../../arm-none-eabi/lib/thumb/v7e-m/fpv4-sp/hard\libcr_c.a(ftell.o)
                              c:/nxp/mcuxpressoide_10.1.1_606/ide/tools/bin/../lib/gcc/arm-none-eabi/6.3.1/../../../../arm-none-eabi/lib/thumb/v7e-m/fpv4-sp/hard\libcr_c.a(fseek.o) (ftell)
c:/nxp/mcuxpressoide_10.1.1_606/ide/tools/bin/../lib/gcc/arm-none-eabi/6.3.1/../../../../arm-none-eabi/lib/thumb/v7e-m/fpv4-sp/hard\libcr_c.a(initio.o)
                              c:/nxp/mcuxpressoide_10.1.1_606/ide/tools/bin/../lib/gcc/arm-none-eabi/6.3.1/../../../../arm-none-eabi/lib/thumb/v7e-m/fpv4-sp/hard\libcr_semihost_nf.a(_cr__main.o) (_initio)
c:/nxp/mcuxpressoide_10.1.1_606/ide/tools/bin/../lib/gcc/arm-none-eabi/6.3.1/../../../../arm-none-eabi/lib/thumb/v7e-m/fpv4-sp/hard\libcr_c.a(printf.o)
                              ./utilities/fsl_assert.o (_printf)
c:/nxp/mcuxpressoide_10.1.1_606/ide/tools/bin/../lib/gcc/arm-none-eabi/6.3.1/../../../../arm-none-eabi/lib/thumb/v7e-m/fpv4-sp/hard\libcr_c.a(setvbuf.o)
                              c:/nxp/mcuxpressoide_10.1.1_606/ide/tools/bin/../lib/gcc/arm-none-eabi/6.3.1/../../../../arm-none-eabi/lib/thumb/v7e-m/fpv4-sp/hard\libcr_c.a(initio.o) (setvbuf)
[...]
Memory Configuration

Name             Origin             Length             Attributes
PROGRAM_FLASH    0x00000000         0x00100000         xr
SRAM_UPPER       0x20000000         0x00030000         xrw
SRAM_LOWER       0x1fff0000         0x00010000         xrw
FLEX_RAM         0x14000000         0x00001000         xrw
*default*        0x00000000         0xffffffff

Linker script and memory map

LOAD ./utilities/fsl_assert.o
LOAD ./utilities/fsl_debug_console.o
LOAD ./utilities/fsl_io.o
LOAD ./utilities/fsl_log.o
LOAD ./utilities/fsl_str.o
LOAD ./startup/startup_mk64f12.o
LOAD ./source/Lin_Driver.o
LOAD ./source/freertos_uart.o
LOAD ./source/lin1d3_driver.o
LOAD ./source/lin_driver_test_main.o
LOAD ./source/main.o
LOAD ./source/semihost_hardfault.o
LOAD ./drivers/freertos/fsl_uart_freertos.o
LOAD ./drivers/fsl_clock.o
LOAD ./drivers/fsl_common.o
LOAD ./drivers/fsl_ftfx_cache.o
LOAD ./drivers/fsl_ftfx_controller.o
LOAD ./drivers/fsl_ftfx_flash.o
LOAD ./drivers/fsl_ftfx_flexnvm.o
LOAD ./drivers/fsl_gpio.o
LOAD ./drivers/fsl_smc.o
LOAD ./drivers/fsl_uart.o
LOAD ./board/src/board.o
LOAD ./board/src/clock_config.o
LOAD ./board/peripherals.o
LOAD ./board/pin_mux.o
LOAD ./amazon-freertos/portable/fsl_tickless_systick.o
LOAD ./amazon-freertos/FreeRTOS/portable/heap_4.o
LOAD ./amazon-freertos/FreeRTOS/portable/port.o
LOAD ./amazon-freertos/FreeRTOS/event_groups.o
LOAD ./amazon-freertos/FreeRTOS/list.o
LOAD ./amazon-freertos/FreeRTOS/queue.o
LOAD ./amazon-freertos/FreeRTOS/stream_buffer.o
LOAD ./amazon-freertos/FreeRTOS/tasks.o
LOAD ./amazon-freertos/FreeRTOS/timers.o
LOAD ./CMSIS/system_MK64F12.o
START GROUP
LOAD c:/nxp/mcuxpressoide_10.1.1_606/ide/tools/bin/../lib/gcc/arm-none-eabi/6.3.1/../../../../arm-none-eabi/lib/thumb/v7e-m/fpv4-sp/hard\libcr_semihost_nf.a
LOAD c:/nxp/mcuxpressoide_10.1.1_606/ide/tools/bin/../lib/gcc/arm-none-eabi/6.3.1/../../../../arm-none-eabi/lib/thumb/v7e-m/fpv4-sp/hard\libcr_c.a
LOAD c:/nxp/mcuxpressoide_10.1.1_606/ide/tools/bin/../lib/gcc/arm-none-eabi/6.3.1/thumb/v7e-m/fpv4-sp/hard\libcr_eabihelpers.a
END GROUP
                0x00000000                __base_PROGRAM_FLASH = 0x0
                0x00000000                __base_Flash = 0x0
                0x00100000                __top_PROGRAM_FLASH = 0x100000
                0x00100000                __top_Flash = 0x100000
                0x20000000                __base_SRAM_UPPER = 0x20000000
                0x20000000                __base_RAM = 0x20000000
                0x20030000                __top_SRAM_UPPER = 0x20030000
                0x20030000                __top_RAM = 0x20030000
                0x1fff0000                __base_SRAM_LOWER = 0x1fff0000
                0x1fff0000                __base_RAM2 = 0x1fff0000
                0x20000000                __top_SRAM_LOWER = 0x20000000
                0x20000000                __top_RAM2 = 0x20000000
                0x14000000                __base_FLEX_RAM = 0x14000000
                0x14000000                __base_RAM3 = 0x14000000
                0x14001000                __top_FLEX_RAM = 0x14001000
                0x14001000                __top_RAM3 = 0x14001000

.text           0x00000000     0x82a0
 FILL mask 0xff
                0x00000000                __vectors_start__ = ABSOLUTE (.)
 *(SORT(.isr_vector))
 .isr_vector    0x00000000      0x198 ./startup/startup_mk64f12.o
                0x00000000                g_pfnVectors
                0x00000000                __Vectors
                0x00000198                . = ALIGN (0x4)
                0x00000198                __section_table_start = .
                0x00000198                __data_section_table = .
                0x00000198        0x4 LONG 0x82a0 LOADADDR (.data)
                0x0000019c        0x4 LONG 0x20000000 ADDR (.data)
                0x000001a0        0x4 LONG 0x10 SIZEOF (.data)
                0x000001a4        0x4 LONG 0x82a0 LOADADDR (.data_RAM2)
                0x000001a8        0x4 LONG 0x1fff0000 ADDR (.data_RAM2)
                0x000001ac        0x4 LONG 0x0 SIZEOF (.data_RAM2)
                0x000001b0        0x4 LONG 0x82a0 LOADADDR (.data_RAM3)
                0x000001b4        0x4 LONG 0x14000000 ADDR (.data_RAM3)
                0x000001b8        0x4 LONG 0x0 SIZEOF (.data_RAM3)
                0x000001bc                __data_section_table_end = .
                0x000001bc                __bss_section_table = .
                0x000001bc        0x4 LONG 0x20000010 ADDR (.bss)
                0x000001c0        0x4 LONG 0x2a84 SIZEOF (.bss)
                0x000001c4        0x4 LONG 0x1fff0000 ADDR (.bss_RAM2)
                0x000001c8        0x4 LONG 0x0 SIZEOF (.bss_RAM2)
                0x000001cc        0x4 LONG 0x14000000 ADDR (.bss_RAM3)
                0x000001d0        0x4 LONG 0x0 SIZEOF (.bss_RAM3)
                0x000001d4                __bss_section_table_end = .
                0x000001d4                __section_table_end = .
 *(SORT(.after_vectors*))
 .after_vectors.reset
                0x000001d4       0x4c ./startup/startup_mk64f12.o
                0x000001d4                ResetISR
 .after_vectors.init_data
                0x00000220       0x1e ./startup/startup_mk64f12.o
                0x00000220                data_init
 .after_vectors.init_bss
                0x0000023e       0x12 ./startup/startup_mk64f12.o
                0x0000023e                bss_init
 .after_vectors
                0x00000250       0x14 ./startup/startup_mk64f12.o
                0x00000250                NMI_Handler
                0x00000254                MemManage_Handler
                0x00000256                BusFault_Handler
                0x00000258                UsageFault_Handler
                0x0000025c                DebugMon_Handler
                0x00000262                LPTMR0_DriverIRQHandler
                0x00000262                DMA_Error_DriverIRQHandler
                0x00000262                SPI1_DriverIRQHandler
                0x00000262                FTM1_DriverIRQHandler
                0x00000262                FTM2_DriverIRQHandler
                0x00000262                PIT2_DriverIRQHandler
                0x00000262                SDHC_DriverIRQHandler
                0x00000262                I2S0_Tx_DriverIRQHandler
                0x00000262                RTC_Seconds_DriverIRQHandler
                0x00000262                DMA6_DriverIRQHandler
                0x00000262                LLWU_DriverIRQHandler
                0x00000262                MCM_DriverIRQHandler
                0x00000262                MCG_DriverIRQHandler
                0x00000262                ENET_1588_Timer_DriverIRQHandler
                0x00000262                I2C2_DriverIRQHandler
                0x00000262                DAC1_DriverIRQHandler
                0x00000262                DMA12_DriverIRQHandler
                0x00000262                CMP1_DriverIRQHandler
                0x00000262                FTM0_DriverIRQHandler
                0x00000262                IntDefaultHandler
                0x00000262                USB0_DriverIRQHandler
                0x00000262                UART5_ERR_DriverIRQHandler
                0x00000262                PORTC_DriverIRQHandler
                0x00000262                DMA11_DriverIRQHandler
                0x00000262                DAC0_DriverIRQHandler
                0x00000262                DMA10_DriverIRQHandler
                0x00000262                CMP2_DriverIRQHandler
                0x00000262                UART2_ERR_DriverIRQHandler
                0x00000262                SPI2_DriverIRQHandler
                0x00000262                LVD_LVW_DriverIRQHandler
                0x00000262                PIT0_DriverIRQHandler
                0x00000262                PORTB_DriverIRQHandler
                0x00000262                DMA5_DriverIRQHandler
                0x00000262                DMA4_DriverIRQHandler
                0x00000262                USBDCD_DriverIRQHandler
                0x00000262                UART3_ERR_DriverIRQHandler
                0x00000262                DMA3_DriverIRQHandler
                0x00000262                DMA8_DriverIRQHandler
                0x00000262                DMA9_DriverIRQHandler
                0x00000262                UART0_ERR_DriverIRQHandler
                0x00000262                CMT_DriverIRQHandler
                0x00000262                Reserved71_DriverIRQHandler
                0x00000262                ADC1_DriverIRQHandler
                0x00000262                PORTA_DriverIRQHandler
                0x00000262                DMA14_DriverIRQHandler
                0x00000262                PIT3_DriverIRQHandler
                0x00000262                PIT1_DriverIRQHandler
                0x00000262                WDOG_EWM_DriverIRQHandler
                0x00000262                PDB0_DriverIRQHandler
                0x00000262                RTC_DriverIRQHandler
                0x00000262                I2S0_Rx_DriverIRQHandler
                0x00000262                Read_Collision_DriverIRQHandler
                0x00000262                SWI_DriverIRQHandler
                0x00000262                UART4_ERR_DriverIRQHandler
                0x00000262                DMA0_DriverIRQHandler
                0x00000262                UART0_LON_DriverIRQHandler
                0x00000262                DMA1_DriverIRQHandler
                0x00000262                I2C1_DriverIRQHandler
                0x00000262                ENET_Receive_DriverIRQHandler
                0x00000262                DMA13_DriverIRQHandler
                0x00000262                ENET_Error_DriverIRQHandler
                0x00000262                DMA15_DriverIRQHandler
                0x00000262                SPI0_DriverIRQHandler
                0x00000262                ADC0_DriverIRQHandler
                0x00000262                CMP0_DriverIRQHandler
                0x00000262                CAN0_DriverIRQHandler
                0x00000262                FTM3_DriverIRQHandler
                0x00000262                RNG_DriverIRQHandler
                0x00000262                UART1_ERR_DriverIRQHandler
                0x00000262                DMA2_DriverIRQHandler
                0x00000262                ENET_Transmit_DriverIRQHandler
                0x00000262                PORTD_DriverIRQHandler
                0x00000262                PORTE_DriverIRQHandler
                0x00000262                FTFE_DriverIRQHandler
                0x00000262                I2C0_DriverIRQHandler
                0x00000262                DMA7_DriverIRQHandler
                0x00000400                . = 0x400
 *fill*         0x00000264      0x19c ff
                0x00000400                PROVIDE (__FLASH_CONFIG_START__, .)
 *(SORT(.FlashConfig))
 .FlashConfig   0x00000400       0x10 ./startup/startup_mk64f12.o
                0x00000400                Flash_Config
                0x00000410                PROVIDE (__FLASH_CONFIG_END__, .)
                0x00000001                ASSERT (! ((__FLASH_CONFIG_START__ == __FLASH_CONFIG_END__)), Linker Flash Config Support Enabled, but no .FlashConfig section provided within application)
 *(SORT(.text*))
 .text.SVC_Handler
                0x00000410       0x28 ./amazon-freertos/FreeRTOS/portable/port.o
                0x00000410                SVC_Handler
 *fill*         0x00000438        0x8 ff
 .text.PendSV_Handler
                0x00000440       0x68 ./amazon-freertos/FreeRTOS/portable/port.o
                0x00000440                PendSV_Handler
 .text.lin1d3_InitNode
                0x000004a8      0x180 ./source/lin1d3_driver.o
                0x000004a8                lin1d3_InitNode
 .text.master_task
                0x00000628      0x258 ./source/lin1d3_driver.o
 .text.slave_task
                0x00000880      0x24c ./source/lin1d3_driver.o
 .text.__NVIC_SetPriority
                0x00000acc       0x54 ./source/lin_driver_test_main.o
 .text.main     0x00000b20       0x5c ./source/lin_driver_test_main.o
                0x00000b20                main
 .text.test_task
                0x00000b7c      0x150 ./source/lin_driver_test_main.o
 .text.message_1_callback_master
                0x00000ccc       0x2c ./source/lin_driver_test_main.o
 .text.message_2_callback_master
                0x00000cf8       0x40 ./source/lin_driver_test_main.o
 .text.message_3_callback_master
                0x00000d38       0x6c ./source/lin_driver_test_main.o
 .text.message_1_callback_slave
                0x00000da4       0x2c ./source/lin_driver_test_main.o
 .text.message_2_callback_slave
                0x00000dd0       0x3c ./source/lin_driver_test_main.o
 .text.message_3_callback_slave
                0x00000e0c       0x5c ./source/lin_driver_test_main.o
 .text.UART_RTOS_Callback
                0x00000e68       0xc0 ./drivers/freertos/fsl_uart_freertos.o
 .text.UART_RTOS_Init
                0x00000f28      0x16c ./drivers/freertos/fsl_uart_freertos.o
                0x00000f28                UART_RTOS_Init
 .text.CLOCK_SetEr32kClock
                0x00001094       0x30 ./drivers/fsl_clock.o
 .text.CLOCK_SetPllFllSelClock
                0x000010c4       0x3c ./drivers/fsl_clock.o
 .text.CLOCK_GetMcgExtClkFreq
                0x00001100       0x78 ./drivers/fsl_clock.o
 .text.CLOCK_GetFllExtRefClkFreq
                0x00001178       0xcc ./drivers/fsl_clock.o
 .text.CLOCK_GetInternalRefClkSelectFreq
                0x00001244       0x44 ./drivers/fsl_clock.o
 .text.CLOCK_GetFllRefClkFreq
                0x00001288       0x2c ./drivers/fsl_clock.o
 .text.CLOCK_GetOscRangeFromFreq
                0x000012b4       0x3c ./drivers/fsl_clock.o
 .text.CLOCK_GetOsc0ErClkFreq
                0x000012f0       0x38 ./drivers/fsl_clock.o
                0x000012f0                CLOCK_GetOsc0ErClkFreq
 .text.CLOCK_GetEr32kClkFreq
                0x00001328       0x70 ./drivers/fsl_clock.o
                0x00001328                CLOCK_GetEr32kClkFreq
 .text.CLOCK_GetPllFllSelClkFreq
                0x00001398       0x54 ./drivers/fsl_clock.o
                0x00001398                CLOCK_GetPllFllSelClkFreq
 .text.CLOCK_GetFreq
                0x000013ec      0x148 ./drivers/fsl_clock.o
                0x000013ec                CLOCK_GetFreq
 .text.CLOCK_SetSimConfig
                0x00001534       0x38 ./drivers/fsl_clock.o
                0x00001534                CLOCK_SetSimConfig
 .text.CLOCK_GetOutClkFreq
                0x0000156c       0x64 ./drivers/fsl_clock.o
                0x0000156c                CLOCK_GetOutClkFreq
 .text.CLOCK_GetFllFreq
                0x000015d0       0x7c ./drivers/fsl_clock.o
                0x000015d0                CLOCK_GetFllFreq
 .text.CLOCK_GetInternalRefClkFreq
                0x0000164c       0x24 ./drivers/fsl_clock.o
                0x0000164c                CLOCK_GetInternalRefClkFreq
 .text.CLOCK_GetPll0Freq
                0x00001670       0x68 ./drivers/fsl_clock.o
                0x00001670                CLOCK_GetPll0Freq
 .text.CLOCK_SetExternalRefClkConfig
                0x000016d8       0x6c ./drivers/fsl_clock.o
                0x000016d8                CLOCK_SetExternalRefClkConfig
 .text.CLOCK_SetInternalRefClkConfig
                0x00001744      0x104 ./drivers/fsl_clock.o
                0x00001744                CLOCK_SetInternalRefClkConfig
 .text.CLOCK_EnablePll0
                0x00001848       0x84 ./drivers/fsl_clock.o
                0x00001848                CLOCK_EnablePll0
 .text.CLOCK_InitOsc0
                0x000018cc       0x8c ./drivers/fsl_clock.o
                0x000018cc                CLOCK_InitOsc0
 .text.CLOCK_SetPbeMode
                0x00001958       0xa8 ./drivers/fsl_clock.o
                0x00001958                CLOCK_SetPbeMode
 .text.CLOCK_BootToPeeMode
                0x00001a00       0x64 ./drivers/fsl_clock.o
                0x00001a00                CLOCK_BootToPeeMode
 .text.__NVIC_EnableIRQ
                0x00001a64       0x3c ./drivers/fsl_uart.o
 .text.UART_GetInstance
                0x00001aa0       0x54 ./drivers/fsl_uart.o
                0x00001aa0                UART_GetInstance
 .text.UART_TransferGetRxRingBufferLength
                0x00001af4       0x60 ./drivers/fsl_uart.o
                0x00001af4                UART_TransferGetRxRingBufferLength
 .text.UART_TransferIsRxRingBufferFull
                0x00001b54       0x40 ./drivers/fsl_uart.o
 .text.UART_Init
                0x00001b94      0x2d8 ./drivers/fsl_uart.o
                0x00001b94                UART_Init
 .text.UART_GetDefaultConfig
                0x00001e6c       0x60 ./drivers/fsl_uart.o
                0x00001e6c                UART_GetDefaultConfig
 .text.UART_EnableInterrupts
                0x00001ecc       0x70 ./drivers/fsl_uart.o
                0x00001ecc                UART_EnableInterrupts
 .text.UART_DisableInterrupts
                0x00001f3c       0x80 ./drivers/fsl_uart.o
                0x00001f3c                UART_DisableInterrupts
 .text.UART_WriteNonBlocking
                0x00001fbc       0x44 ./drivers/fsl_uart.o
 .text.UART_ReadNonBlocking
                0x00002000       0x48 ./drivers/fsl_uart.o
 .text.UART_TransferCreateHandle
                0x00002048       0x84 ./drivers/fsl_uart.o
                0x00002048                UART_TransferCreateHandle
 .text.UART_TransferStartRingBuffer
                0x000020cc       0x74 ./drivers/fsl_uart.o
                0x000020cc                UART_TransferStartRingBuffer
 .text.UART_TransferSendNonBlocking
                0x00002140       0x9c ./drivers/fsl_uart.o
                0x00002140                UART_TransferSendNonBlocking
 .text.UART_TransferReceiveNonBlocking
                0x000021dc      0x1b0 ./drivers/fsl_uart.o
                0x000021dc                UART_TransferReceiveNonBlocking
 .text.UART_TransferAbortReceive
                0x0000238c       0x5c ./drivers/fsl_uart.o
                0x0000238c                UART_TransferAbortReceive
 .text.UART_TransferHandleIRQ
                0x000023e8      0x510 ./drivers/fsl_uart.o
                0x000023e8                UART_TransferHandleIRQ
 .text.UART0_DriverIRQHandler
                0x000028f8       0x28 ./drivers/fsl_uart.o
                0x000028f8                UART0_DriverIRQHandler
 .text.UART1_DriverIRQHandler
                0x00002920       0x28 ./drivers/fsl_uart.o
                0x00002920                UART1_DriverIRQHandler
 .text.UART2_DriverIRQHandler
                0x00002948       0x28 ./drivers/fsl_uart.o
                0x00002948                UART2_DriverIRQHandler
 .text.UART3_DriverIRQHandler
                0x00002970       0x28 ./drivers/fsl_uart.o
                0x00002970                UART3_DriverIRQHandler
 .text.UART4_DriverIRQHandler
                0x00002998       0x28 ./drivers/fsl_uart.o
                0x00002998                UART4_DriverIRQHandler
 .text.UART5_DriverIRQHandler
                0x000029c0       0x28 ./drivers/fsl_uart.o
                0x000029c0                UART5_DriverIRQHandler
 .text.CLOCK_SetSimSafeDivs
                0x000029e8       0x20 ./board/src/clock_config.o
 .text.CLOCK_SetXtal0Freq
                0x00002a08       0x20 ./board/src/clock_config.o
 .text.CLOCK_CONFIG_SetFllExtRefDiv
                0x00002a28       0x3c ./board/src/clock_config.o
 .text.BOARD_BootClockRUN
                0x00002a64       0x60 ./board/src/clock_config.o
                0x00002a64                BOARD_BootClockRUN
 .text.BOARD_InitPins
                0x00002ac4       0x7c ./board/pin_mux.o
                0x00002ac4                BOARD_InitPins
 .text.vPortSetupTimerInterrupt
                0x00002b40       0x48 ./amazon-freertos/portable/fsl_tickless_systick.o
                0x00002b40                vPortSetupTimerInterrupt
 .text.pvPortMalloc
                0x00002b88      0x184 ./amazon-freertos/FreeRTOS/portable/heap_4.o
                0x00002b88                pvPortMalloc
 .text.vPortFree
                0x00002d0c       0xb0 ./amazon-freertos/FreeRTOS/portable/heap_4.o
                0x00002d0c                vPortFree
 .text.prvHeapInit
                0x00002dbc       0xc4 ./amazon-freertos/FreeRTOS/portable/heap_4.o
 .text.prvInsertBlockIntoFreeList
                0x00002e80       0xb4 ./amazon-freertos/FreeRTOS/portable/heap_4.o
 .text.pxPortInitialiseStack
                0x00002f34       0x68 ./amazon-freertos/FreeRTOS/portable/port.o
                0x00002f34                pxPortInitialiseStack
 .text.prvTaskExitError
                0x00002f9c       0x54 ./amazon-freertos/FreeRTOS/portable/port.o
 .text.prvPortStartFirstTask
                0x00002ff0       0x28 ./amazon-freertos/FreeRTOS/portable/port.o
 .text.xPortStartScheduler
                0x00003018      0x13c ./amazon-freertos/FreeRTOS/portable/port.o
                0x00003018                xPortStartScheduler
 .text.vPortEnterCritical
                0x00003154       0x5c ./amazon-freertos/FreeRTOS/portable/port.o
                0x00003154                vPortEnterCritical
 .text.vPortExitCritical
                0x000031b0       0x50 ./amazon-freertos/FreeRTOS/portable/port.o
                0x000031b0                vPortExitCritical
 .text.SysTick_Handler
                0x00003200       0x40 ./amazon-freertos/FreeRTOS/portable/port.o
                0x00003200                SysTick_Handler
 .text.vPortEnableVFP
                0x00003240       0x14 ./amazon-freertos/FreeRTOS/portable/port.o
 .text.vPortValidateInterruptPriority
                0x00003254       0x7c ./amazon-freertos/FreeRTOS/portable/port.o
                0x00003254                vPortValidateInterruptPriority
 .text.xEventGroupWaitBits
                0x000032d0      0x194 ./amazon-freertos/FreeRTOS/event_groups.o
                0x000032d0                xEventGroupWaitBits
 .text.xEventGroupSetBitsFromISR
                0x00003464       0x28 ./amazon-freertos/FreeRTOS/event_groups.o
                0x00003464                xEventGroupSetBitsFromISR
 .text.xQueueGenericReset
                0x0000348c       0xd0 ./amazon-freertos/FreeRTOS/queue.o
                0x0000348c                xQueueGenericReset
 .text.xQueueGenericSend
                0x0000355c      0x1f4 ./amazon-freertos/FreeRTOS/queue.o
                0x0000355c                xQueueGenericSend
 .text.xQueueReceive
                0x00003750      0x1b8 ./amazon-freertos/FreeRTOS/queue.o
                0x00003750                xQueueReceive
 .text.xQueueSemaphoreTake
                0x00003908      0x214 ./amazon-freertos/FreeRTOS/queue.o
                0x00003908                xQueueSemaphoreTake
 .text.vQueueAddToRegistry
                0x00003b1c       0x50 ./amazon-freertos/FreeRTOS/queue.o
                0x00003b1c                vQueueAddToRegistry
 .text.vQueueUnregisterQueue
                0x00003b6c       0x54 ./amazon-freertos/FreeRTOS/queue.o
                0x00003b6c                vQueueUnregisterQueue
 .text.prvAddNewTaskToReadyList
                0x00003bc0       0xdc ./amazon-freertos/FreeRTOS/tasks.o
 .text.vTaskDelay
                0x00003c9c       0x68 ./amazon-freertos/FreeRTOS/tasks.o
                0x00003c9c                vTaskDelay
 .text.vTaskSuspend
                0x00003d04      0x124 ./amazon-freertos/FreeRTOS/tasks.o
                0x00003d04                vTaskSuspend
 .text.vTaskStartScheduler
                0x00003e28       0x98 ./amazon-freertos/FreeRTOS/tasks.o
                0x00003e28                vTaskStartScheduler
 .text.vTaskSuspendAll
                0x00003ec0       0x1c ./amazon-freertos/FreeRTOS/tasks.o
                0x00003ec0                vTaskSuspendAll
 .text.xTaskResumeAll
                0x00003edc      0x138 ./amazon-freertos/FreeRTOS/tasks.o
                0x00003edc                xTaskResumeAll
 .text.xTaskGetTickCount
                0x00004014       0x20 ./amazon-freertos/FreeRTOS/tasks.o
                0x00004014                xTaskGetTickCount
 .text.xTaskIncrementTick
                0x00004034      0x158 ./amazon-freertos/FreeRTOS/tasks.o
                0x00004034                xTaskIncrementTick
 .text.vTaskSwitchContext
                0x0000418c       0xb4 ./amazon-freertos/FreeRTOS/tasks.o
                0x0000418c                vTaskSwitchContext
 .text.vTaskPlaceOnEventList
                0x00004240       0x48 ./amazon-freertos/FreeRTOS/tasks.o
                0x00004240                vTaskPlaceOnEventList
 .text.vTaskPlaceOnUnorderedEventList
                0x00004288       0x74 ./amazon-freertos/FreeRTOS/tasks.o
                0x00004288                vTaskPlaceOnUnorderedEventList
 .text.vTaskPlaceOnEventListRestricted
                0x000042fc       0x54 ./amazon-freertos/FreeRTOS/tasks.o
                0x000042fc                vTaskPlaceOnEventListRestricted
 .text.xTaskRemoveFromEventList
                0x00004350       0xc4 ./amazon-freertos/FreeRTOS/tasks.o
                0x00004350                xTaskRemoveFromEventList
 .text.vTaskRemoveFromUnorderedEventList
                0x00004414       0xc0 ./amazon-freertos/FreeRTOS/tasks.o
                0x00004414                vTaskRemoveFromUnorderedEventList
 .text.vTaskInternalSetTimeOutState
                0x000044d4       0x2c ./amazon-freertos/FreeRTOS/tasks.o
                0x000044d4                vTaskInternalSetTimeOutState
 .text.xTaskCheckForTimeOut
                0x00004500       0xc0 ./amazon-freertos/FreeRTOS/tasks.o
                0x00004500                xTaskCheckForTimeOut
 .text.vTaskMissedYield
                0x000045c0       0x18 ./amazon-freertos/FreeRTOS/tasks.o
                0x000045c0                vTaskMissedYield
 .text.prvIdleTask
                0x000045d8       0x30 ./amazon-freertos/FreeRTOS/tasks.o
 .text.prvInitialiseTaskLists
                0x00004608       0x80 ./amazon-freertos/FreeRTOS/tasks.o
 .text.prvCheckTasksWaitingTermination
                0x00004688       0x58 ./amazon-freertos/FreeRTOS/tasks.o
 .text.prvResetNextTaskUnblockTime
                0x000046e0       0x4c ./amazon-freertos/FreeRTOS/tasks.o
 .text.xTaskGetSchedulerState
                0x0000472c       0x3c ./amazon-freertos/FreeRTOS/tasks.o
                0x0000472c                xTaskGetSchedulerState
 .text.xTaskPriorityInherit
                0x00004768      0x10c ./amazon-freertos/FreeRTOS/tasks.o
                0x00004768                xTaskPriorityInherit
 .text.xTaskPriorityDisinherit
                0x00004874      0x108 ./amazon-freertos/FreeRTOS/tasks.o
                0x00004874                xTaskPriorityDisinherit
 .text.vTaskPriorityDisinheritAfterTimeout
                0x0000497c      0x13c ./amazon-freertos/FreeRTOS/tasks.o
                0x0000497c                vTaskPriorityDisinheritAfterTimeout
 .text.uxTaskResetEventItemValue
                0x00004ab8       0x30 ./amazon-freertos/FreeRTOS/tasks.o
                0x00004ab8                uxTaskResetEventItemValue
 .text.pvTaskIncrementMutexHeldCount
                0x00004ae8       0x28 ./amazon-freertos/FreeRTOS/tasks.o
                0x00004ae8                pvTaskIncrementMutexHeldCount
 .text.prvAddCurrentTaskToDelayedList
                0x00004b10       0xcc ./amazon-freertos/FreeRTOS/tasks.o
 .text.xTimerCreateTimerTask
                0x00004bdc       0x60 ./amazon-freertos/FreeRTOS/timers.o
                0x00004bdc                xTimerCreateTimerTask
 .text.xTimerGenericCommand
                0x00004c3c       0x98 ./amazon-freertos/FreeRTOS/timers.o
                0x00004c3c                xTimerGenericCommand
 .text.prvProcessExpiredTimer
                0x00004cd4       0x80 ./amazon-freertos/FreeRTOS/timers.o
 .text.prvProcessTimerOrBlockTask
                0x00004d54       0x9c ./amazon-freertos/FreeRTOS/timers.o
 .text.prvGetNextExpireTime
                0x00004df0       0x48 ./amazon-freertos/FreeRTOS/timers.o
 .text.prvSampleTimeNow
                0x00004e38       0x40 ./amazon-freertos/FreeRTOS/timers.o
 .text.prvInsertTimerInActiveList
                0x00004e78       0x84 ./amazon-freertos/FreeRTOS/timers.o
 .text.prvProcessReceivedCommands
                0x00004efc      0x154 ./amazon-freertos/FreeRTOS/timers.o
 .text.prvSwitchTimerLists
                0x00005050       0xc0 ./amazon-freertos/FreeRTOS/timers.o
 .text.prvCheckForValidListAndQueue
                0x00005110       0x6c ./amazon-freertos/FreeRTOS/timers.o
 .text.xTimerPendFunctionCallFromISR
                0x0000517c       0x40 ./amazon-freertos/FreeRTOS/timers.o
                0x0000517c                xTimerPendFunctionCallFromISR
 .text.SystemInit
                0x000051bc       0x3c ./CMSIS/system_MK64F12.o
                0x000051bc                SystemInit
 .text.__assertion_failed
                0x000051f8       0x4c c:/nxp/mcuxpressoide_10.1.1_606/ide/tools/bin/../lib/gcc/arm-none-eabi/6.3.1/../../../../arm-none-eabi/lib/thumb/v7e-m/fpv4-sp/hard\libcr_semihost_nf.a(_cr_assert.o)
                0x000051f8                __assertion_failed
 .text.__sys_appexit
                0x00005244        0xc c:/nxp/mcuxpressoide_10.1.1_606/ide/tools/bin/../lib/gcc/arm-none-eabi/6.3.1/../../../../arm-none-eabi/lib/thumb/v7e-m/fpv4-sp/hard\libcr_semihost_nf.a(__sys_appexit.o)
                0x00005244                __sys_appexit
                0x00005244                __exit
 .text._Cwritebuf
                0x00005250       0x6c c:/nxp/mcuxpressoide_10.1.1_606/ide/tools/bin/../lib/gcc/arm-none-eabi/6.3.1/../../../../arm-none-eabi/lib/thumb/v7e-m/fpv4-sp/hard\libcr_c.a(_writebuf.o)
                0x00005250                _Cwritebuf
 .text.malloc   0x000052bc       0xc4 c:/nxp/mcuxpressoide_10.1.1_606/ide/tools/bin/../lib/gcc/arm-none-eabi/6.3.1/../../../../arm-none-eabi/lib/thumb/v7e-m/fpv4-sp/hard\libcr_c.a(alloc.o)
                0x000052bc                malloc
 .text._Csys_alloc
                0x00005380       0x20 c:/nxp/mcuxpressoide_10.1.1_606/ide/tools/bin/../lib/gcc/arm-none-eabi/6.3.1/../../../../arm-none-eabi/lib/thumb/v7e-m/fpv4-sp/hard\libcr_c.a(alloc.o)
                0x00005380                _Csys_alloc
 .text.fseek    0x000053a0      0x100 c:/nxp/mcuxpressoide_10.1.1_606/ide/tools/bin/../lib/gcc/arm-none-eabi/6.3.1/../../../../arm-none-eabi/lib/thumb/v7e-m/fpv4-sp/hard\libcr_c.a(fseek.o)
                0x000053a0                fseek
 .text.ftell    0x000054a0       0x48 c:/nxp/mcuxpressoide_10.1.1_606/ide/tools/bin/../lib/gcc/arm-none-eabi/6.3.1/../../../../arm-none-eabi/lib/thumb/v7e-m/fpv4-sp/hard\libcr_c.a(ftell.o)
                0x000054a0                ftell
 .text._initio  0x000054e8       0x78 c:/nxp/mcuxpressoide_10.1.1_606/ide/tools/bin/../lib/gcc/arm-none-eabi/6.3.1/../../../../arm-none-eabi/lib/thumb/v7e-m/fpv4-sp/hard\libcr_c.a(initio.o)
                0x000054e8                _initio
 .text.__vfprintf
                0x00005560      0xb7c c:/nxp/mcuxpressoide_10.1.1_606/ide/tools/bin/../lib/gcc/arm-none-eabi/6.3.1/../../../../arm-none-eabi/lib/thumb/v7e-m/fpv4-sp/hard\libcr_c.a(printf.o)
                0x00005560                __vfprintf
 .text._vsnprintf
                0x000060dc       0x5c c:/nxp/mcuxpressoide_10.1.1_606/ide/tools/bin/../lib/gcc/arm-none-eabi/6.3.1/../../../../arm-none-eabi/lib/thumb/v7e-m/fpv4-sp/hard\libcr_c.a(printf.o)
                0x000060dc                _vsnprintf
 .text._printf  0x00006138       0x54 c:/nxp/mcuxpressoide_10.1.1_606/ide/tools/bin/../lib/gcc/arm-none-eabi/6.3.1/../../../../arm-none-eabi/lib/thumb/v7e-m/fpv4-sp/hard\libcr_c.a(printf.o)
                0x00006138                _printf
 .text.setvbuf  0x0000618c       0x40 c:/nxp/mcuxpressoide_10.1.1_606/ide/tools/bin/../lib/gcc/arm-none-eabi/6.3.1/../../../../arm-none-eabi/lib/thumb/v7e-m/fpv4-sp/hard\libcr_c.a(setvbuf.o)
                0x0000618c                setvbuf
 .text._sbrk    0x000061cc       0x3c c:/nxp/mcuxpressoide_10.1.1_606/ide/tools/bin/../lib/gcc/arm-none-eabi/6.3.1/../../../../arm-none-eabi/lib/thumb/v7e-m/fpv4-sp/hard\libcr_c.a(_cr_sbrk.o)
                0x000061cc                _sbrk
 .text.fflush   0x00006208       0x44 c:/nxp/mcuxpressoide_10.1.1_606/ide/tools/bin/../lib/gcc/arm-none-eabi/6.3.1/../../../../arm-none-eabi/lib/thumb/v7e-m/fpv4-sp/hard\libcr_c.a(fflush.o)
                0x00006208                fflush
 .text.__check_heap_overflow
                0x0000624c       0x18 c:/nxp/mcuxpressoide_10.1.1_606/ide/tools/bin/../lib/gcc/arm-none-eabi/6.3.1/../../../../arm-none-eabi/lib/thumb/v7e-m/fpv4-sp/hard\libcr_c.a(_cr_check_heap.o)
                0x0000624c                __check_heap_overflow
 .text.DMA0_IRQHandler
                0x00006264        0x8 ./startup/startup_mk64f12.o
                0x00006264                DMA0_IRQHandler
 .text.DMA1_IRQHandler
                0x0000626c        0x8 ./startup/startup_mk64f12.o
                0x0000626c                DMA1_IRQHandler
 .text.DMA2_IRQHandler
                0x00006274        0x8 ./startup/startup_mk64f12.o
                0x00006274                DMA2_IRQHandler
 .text.DMA3_IRQHandler
                0x0000627c        0x8 ./startup/startup_mk64f12.o
                0x0000627c                DMA3_IRQHandler
 .text.DMA4_IRQHandler
                0x00006284        0x8 ./startup/startup_mk64f12.o
                0x00006284                DMA4_IRQHandler
 .text.DMA5_IRQHandler
                0x0000628c        0x8 ./startup/startup_mk64f12.o
                0x0000628c                DMA5_IRQHandler
 .text.DMA6_IRQHandler
                0x00006294        0x8 ./startup/startup_mk64f12.o
                0x00006294                DMA6_IRQHandler
 .text.DMA7_IRQHandler
                0x0000629c        0x8 ./startup/startup_mk64f12.o
                0x0000629c                DMA7_IRQHandler
 .text.DMA8_IRQHandler
                0x000062a4        0x8 ./startup/startup_mk64f12.o
                0x000062a4                DMA8_IRQHandler
 .text.DMA9_IRQHandler
                0x000062ac        0x8 ./startup/startup_mk64f12.o
                0x000062ac                DMA9_IRQHandler
 .text.DMA10_IRQHandler
                0x000062b4        0x8 ./startup/startup_mk64f12.o
                0x000062b4                DMA10_IRQHandler
 .text.DMA11_IRQHandler
                0x000062bc        0x8 ./startup/startup_mk64f12.o
                0x000062bc                DMA11_IRQHandler
 .text.DMA12_IRQHandler
                0x000062c4        0x8 ./startup/startup_mk64f12.o
                0x000062c4                DMA12_IRQHandler
 .text.DMA13_IRQHandler
                0x000062cc        0x8 ./startup/startup_mk64f12.o
                0x000062cc                DMA13_IRQHandler
 .text.DMA14_IRQHandler
                0x000062d4        0x8 ./startup/startup_mk64f12.o
                0x000062d4                DMA14_IRQHandler
 .text.DMA15_IRQHandler
                0x000062dc        0x8 ./startup/startup_mk64f12.o
                0x000062dc                DMA15_IRQHandler
 .text.DMA_Error_IRQHandler
                0x000062e4        0x8 ./startup/startup_mk64f12.o
                0x000062e4                DMA_Error_IRQHandler
 .text.MCM_IRQHandler
                0x000062ec        0x8 ./startup/startup_mk64f12.o
                0x000062ec                MCM_IRQHandler
 .text.FTFE_IRQHandler
                0x000062f4        0x8 ./startup/startup_mk64f12.o
                0x000062f4                FTFE_IRQHandler
 .text.Read_Collision_IRQHandler
                0x000062fc        0x8 ./startup/startup_mk64f12.o
                0x000062fc                Read_Collision_IRQHandler
 .text.LVD_LVW_IRQHandler
                0x00006304        0x8 ./startup/startup_mk64f12.o
                0x00006304                LVD_LVW_IRQHandler
 .text.LLWU_IRQHandler
                0x0000630c        0x8 ./startup/startup_mk64f12.o
                0x0000630c                LLWU_IRQHandler
 .text.WDOG_EWM_IRQHandler
                0x00006314        0x8 ./startup/startup_mk64f12.o
                0x00006314                WDOG_EWM_IRQHandler
 .text.RNG_IRQHandler
                0x0000631c        0x8 ./startup/startup_mk64f12.o
                0x0000631c                RNG_IRQHandler
 .text.I2C0_IRQHandler
                0x00006324        0x8 ./startup/startup_mk64f12.o
                0x00006324                I2C0_IRQHandler
 .text.I2C1_IRQHandler
                0x0000632c        0x8 ./startup/startup_mk64f12.o
                0x0000632c                I2C1_IRQHandler
 .text.SPI0_IRQHandler
                0x00006334        0x8 ./startup/startup_mk64f12.o
                0x00006334                SPI0_IRQHandler
 .text.SPI1_IRQHandler
                0x0000633c        0x8 ./startup/startup_mk64f12.o
                0x0000633c                SPI1_IRQHandler
 .text.I2S0_Tx_IRQHandler
                0x00006344        0x8 ./startup/startup_mk64f12.o
                0x00006344                I2S0_Tx_IRQHandler
 .text.I2S0_Rx_IRQHandler
                0x0000634c        0x8 ./startup/startup_mk64f12.o
                0x0000634c                I2S0_Rx_IRQHandler
 .text.UART0_LON_IRQHandler
                0x00006354        0x8 ./startup/startup_mk64f12.o
                0x00006354                UART0_LON_IRQHandler
 .text.UART0_RX_TX_IRQHandler
                0x0000635c        0x8 ./startup/startup_mk64f12.o
                0x0000635c                UART0_RX_TX_IRQHandler
 .text.UART0_ERR_IRQHandler
                0x00006364        0x8 ./startup/startup_mk64f12.o
                0x00006364                UART0_ERR_IRQHandler
 .text.UART1_RX_TX_IRQHandler
                0x0000636c        0x8 ./startup/startup_mk64f12.o
                0x0000636c                UART1_RX_TX_IRQHandler
 .text.UART1_ERR_IRQHandler
                0x00006374        0x8 ./startup/startup_mk64f12.o
                0x00006374                UART1_ERR_IRQHandler
 .text.UART2_RX_TX_IRQHandler
                0x0000637c        0x8 ./startup/startup_mk64f12.o
                0x0000637c                UART2_RX_TX_IRQHandler
 .text.UART2_ERR_IRQHandler
                0x00006384        0x8 ./startup/startup_mk64f12.o
                0x00006384                UART2_ERR_IRQHandler
 .text.UART3_RX_TX_IRQHandler
                0x0000638c        0x8 ./startup/startup_mk64f12.o
                0x0000638c                UART3_RX_TX_IRQHandler
 .text.UART3_ERR_IRQHandler
                0x00006394        0x8 ./startup/startup_mk64f12.o
                0x00006394                UART3_ERR_IRQHandler
 .text.ADC0_IRQHandler
                0x0000639c        0x8 ./startup/startup_mk64f12.o
                0x0000639c                ADC0_IRQHandler
 .text.CMP0_IRQHandler
                0x000063a4        0x8 ./startup/startup_mk64f12.o
                0x000063a4                CMP0_IRQHandler
 .text.CMP1_IRQHandler
                0x000063ac        0x8 ./startup/startup_mk64f12.o
                0x000063ac                CMP1_IRQHandler
 .text.FTM0_IRQHandler
                0x000063b4        0x8 ./startup/startup_mk64f12.o
                0x000063b4                FTM0_IRQHandler
 .text.FTM1_IRQHandler
                0x000063bc        0x8 ./startup/startup_mk64f12.o
                0x000063bc                FTM1_IRQHandler
 .text.FTM2_IRQHandler
                0x000063c4        0x8 ./startup/startup_mk64f12.o
                0x000063c4                FTM2_IRQHandler
 .text.CMT_IRQHandler
                0x000063cc        0x8 ./startup/startup_mk64f12.o
                0x000063cc                CMT_IRQHandler
 .text.RTC_IRQHandler
                0x000063d4        0x8 ./startup/startup_mk64f12.o
                0x000063d4                RTC_IRQHandler
 .text.RTC_Seconds_IRQHandler
                0x000063dc        0x8 ./startup/startup_mk64f12.o
                0x000063dc                RTC_Seconds_IRQHandler
 .text.PIT0_IRQHandler
                0x000063e4        0x8 ./startup/startup_mk64f12.o
                0x000063e4                PIT0_IRQHandler
 .text.PIT1_IRQHandler
                0x000063ec        0x8 ./startup/startup_mk64f12.o
                0x000063ec                PIT1_IRQHandler
 .text.PIT2_IRQHandler
                0x000063f4        0x8 ./startup/startup_mk64f12.o
                0x000063f4                PIT2_IRQHandler
 .text.PIT3_IRQHandler
                0x000063fc        0x8 ./startup/startup_mk64f12.o
                0x000063fc                PIT3_IRQHandler
 .text.PDB0_IRQHandler
                0x00006404        0x8 ./startup/startup_mk64f12.o
                0x00006404                PDB0_IRQHandler
 .text.USB0_IRQHandler
                0x0000640c        0x8 ./startup/startup_mk64f12.o
                0x0000640c                USB0_IRQHandler
 .text.USBDCD_IRQHandler
                0x00006414        0x8 ./startup/startup_mk64f12.o
                0x00006414                USBDCD_IRQHandler
 .text.Reserved71_IRQHandler
                0x0000641c        0x8 ./startup/startup_mk64f12.o
                0x0000641c                Reserved71_IRQHandler
 .text.DAC0_IRQHandler
                0x00006424        0x8 ./startup/startup_mk64f12.o
                0x00006424                DAC0_IRQHandler
 .text.MCG_IRQHandler
                0x0000642c        0x8 ./startup/startup_mk64f12.o
                0x0000642c                MCG_IRQHandler
 .text.LPTMR0_IRQHandler
                0x00006434        0x8 ./startup/startup_mk64f12.o
                0x00006434                LPTMR0_IRQHandler
 .text.PORTA_IRQHandler
                0x0000643c        0x8 ./startup/startup_mk64f12.o
                0x0000643c                PORTA_IRQHandler
 .text.PORTB_IRQHandler
                0x00006444        0x8 ./startup/startup_mk64f12.o
                0x00006444                PORTB_IRQHandler
 .text.PORTC_IRQHandler
                0x0000644c        0x8 ./startup/startup_mk64f12.o
                0x0000644c                PORTC_IRQHandler
 .text.PORTD_IRQHandler
                0x00006454        0x8 ./startup/startup_mk64f12.o
                0x00006454                PORTD_IRQHandler
 .text.PORTE_IRQHandler
                0x0000645c        0x8 ./startup/startup_mk64f12.o
                0x0000645c                PORTE_IRQHandler
 .text.SWI_IRQHandler
                0x00006464        0x8 ./startup/startup_mk64f12.o
                0x00006464                SWI_IRQHandler
 .text.SPI2_IRQHandler
                0x0000646c        0x8 ./startup/startup_mk64f12.o
                0x0000646c                SPI2_IRQHandler
 .text.UART4_RX_TX_IRQHandler
                0x00006474        0x8 ./startup/startup_mk64f12.o
                0x00006474                UART4_RX_TX_IRQHandler
 .text.UART4_ERR_IRQHandler
                0x0000647c        0x8 ./startup/startup_mk64f12.o
                0x0000647c                UART4_ERR_IRQHandler
 .text.UART5_RX_TX_IRQHandler
                0x00006484        0x8 ./startup/startup_mk64f12.o
                0x00006484                UART5_RX_TX_IRQHandler
 .text.UART5_ERR_IRQHandler
                0x0000648c        0x8 ./startup/startup_mk64f12.o
                0x0000648c                UART5_ERR_IRQHandler
 .text.CMP2_IRQHandler
                0x00006494        0x8 ./startup/startup_mk64f12.o
                0x00006494                CMP2_IRQHandler
 .text.FTM3_IRQHandler
                0x0000649c        0x8 ./startup/startup_mk64f12.o
                0x0000649c                FTM3_IRQHandler
 .text.DAC1_IRQHandler
                0x000064a4        0x8 ./startup/startup_mk64f12.o
                0x000064a4                DAC1_IRQHandler
 .text.ADC1_IRQHandler
                0x000064ac        0x8 ./startup/startup_mk64f12.o
                0x000064ac                ADC1_IRQHandler
 .text.I2C2_IRQHandler
                0x000064b4        0x8 ./startup/startup_mk64f12.o
                0x000064b4                I2C2_IRQHandler
 .text.CAN0_ORed_Message_buffer_IRQHandler
                0x000064bc        0x8 ./startup/startup_mk64f12.o
                0x000064bc                CAN0_ORed_Message_buffer_IRQHandler
 .text.CAN0_Bus_Off_IRQHandler
                0x000064c4        0x8 ./startup/startup_mk64f12.o
                0x000064c4                CAN0_Bus_Off_IRQHandler
 .text.CAN0_Error_IRQHandler
                0x000064cc        0x8 ./startup/startup_mk64f12.o
                0x000064cc                CAN0_Error_IRQHandler
 .text.CAN0_Tx_Warning_IRQHandler
                0x000064d4        0x8 ./startup/startup_mk64f12.o
                0x000064d4                CAN0_Tx_Warning_IRQHandler
 .text.CAN0_Rx_Warning_IRQHandler
                0x000064dc        0x8 ./startup/startup_mk64f12.o
                0x000064dc                CAN0_Rx_Warning_IRQHandler
 .text.CAN0_Wake_Up_IRQHandler
                0x000064e4        0x8 ./startup/startup_mk64f12.o
                0x000064e4                CAN0_Wake_Up_IRQHandler
 .text.SDHC_IRQHandler
                0x000064ec        0x8 ./startup/startup_mk64f12.o
                0x000064ec                SDHC_IRQHandler
 .text.ENET_1588_Timer_IRQHandler
                0x000064f4        0x8 ./startup/startup_mk64f12.o
                0x000064f4                ENET_1588_Timer_IRQHandler
 .text.ENET_Transmit_IRQHandler
                0x000064fc        0x8 ./startup/startup_mk64f12.o
                0x000064fc                ENET_Transmit_IRQHandler
 .text.ENET_Receive_IRQHandler
                0x00006504        0x8 ./startup/startup_mk64f12.o
                0x00006504                ENET_Receive_IRQHandler
 .text.ENET_Error_IRQHandler
                0x0000650c        0x8 ./startup/startup_mk64f12.o
                0x0000650c                ENET_Error_IRQHandler
 .text.lin1d3_masterSendMessage
                0x00006514       0x2c ./source/lin1d3_driver.o
                0x00006514                lin1d3_masterSendMessage
 .text.HardFault_Handler
                0x00006540       0x2c ./source/semihost_hardfault.o
                0x00006540                HardFault_Handler
 .text.UART_EnableTx
                0x0000656c       0x40 ./drivers/freertos/fsl_uart_freertos.o
 .text.UART_EnableRx
                0x000065ac       0x40 ./drivers/freertos/fsl_uart_freertos.o
 .text.UART_RTOS_Send
                0x000065ec       0xaa ./drivers/freertos/fsl_uart_freertos.o
                0x000065ec                UART_RTOS_Send
 .text.UART_RTOS_Receive
                0x00006696      0x13a ./drivers/freertos/fsl_uart_freertos.o
                0x00006696                UART_RTOS_Receive
 .text.OSC_SetExtRefClkConfig
                0x000067d0       0x34 ./drivers/fsl_clock.o
 .text.OSC_SetCapLoad
                0x00006804       0x34 ./drivers/fsl_clock.o
 .text.CLOCK_GetPll0RefFreq
                0x00006838        0xe ./drivers/fsl_clock.o
 .text.CLOCK_GetFixedFreqClkFreq
                0x00006846       0x2e ./drivers/fsl_clock.o
                0x00006846                CLOCK_GetFixedFreqClkFreq
 .text.CLOCK_EnableClock
                0x00006874       0x36 ./drivers/fsl_uart.o
 .text.EnableIRQ
                0x000068aa       0x2c ./drivers/fsl_uart.o
 .text.UART_GetStatusFlags
                0x000068d6       0x46 ./drivers/fsl_uart.o
                0x000068d6                UART_GetStatusFlags
 .text.UART_ClearStatusFlags
                0x0000691c       0x8c ./drivers/fsl_uart.o
                0x0000691c                UART_ClearStatusFlags
 .text.UART0_RX_TX_DriverIRQHandler
                0x000069a8       0x10 ./drivers/fsl_uart.o
                0x000069a8                UART0_RX_TX_DriverIRQHandler
 .text.UART1_RX_TX_DriverIRQHandler
                0x000069b8       0x10 ./drivers/fsl_uart.o
                0x000069b8                UART1_RX_TX_DriverIRQHandler
 .text.UART2_RX_TX_DriverIRQHandler
                0x000069c8       0x10 ./drivers/fsl_uart.o
                0x000069c8                UART2_RX_TX_DriverIRQHandler
 .text.UART3_RX_TX_DriverIRQHandler
                0x000069d8       0x10 ./drivers/fsl_uart.o
                0x000069d8                UART3_RX_TX_DriverIRQHandler
 .text.UART4_RX_TX_DriverIRQHandler
                0x000069e8       0x10 ./drivers/fsl_uart.o
                0x000069e8                UART4_RX_TX_DriverIRQHandler
 .text.UART5_RX_TX_DriverIRQHandler
                0x000069f8       0x10 ./drivers/fsl_uart.o
                0x000069f8                UART5_RX_TX_DriverIRQHandler
 .text.CLOCK_EnableClock
                0x00006a08       0x36 ./board/pin_mux.o
 .text.PORT_SetPinMux
                0x00006a3e       0x3a ./board/pin_mux.o
 .text.xEventGroupCreate
                0x00006a78       0x2e ./amazon-freertos/FreeRTOS/event_groups.o
                0x00006a78                xEventGroupCreate
 .text.xEventGroupClearBits
                0x00006aa6       0x6c ./amazon-freertos/FreeRTOS/event_groups.o
                0x00006aa6                xEventGroupClearBits
 .text.xEventGroupSetBits
                0x00006b12      0x112 ./amazon-freertos/FreeRTOS/event_groups.o
                0x00006b12                xEventGroupSetBits
 .text.vEventGroupDelete
                0x00006c24       0x60 ./amazon-freertos/FreeRTOS/event_groups.o
                0x00006c24                vEventGroupDelete
 .text.vEventGroupSetBitsCallback
                0x00006c84       0x1a ./amazon-freertos/FreeRTOS/event_groups.o
                0x00006c84                vEventGroupSetBitsCallback
 .text.prvTestWaitCondition
                0x00006c9e       0x44 ./amazon-freertos/FreeRTOS/event_groups.o
 .text.vListInitialise
                0x00006ce2       0x40 ./amazon-freertos/FreeRTOS/list.o
                0x00006ce2                vListInitialise
 .text.vListInitialiseItem
                0x00006d22       0x1a ./amazon-freertos/FreeRTOS/list.o
                0x00006d22                vListInitialiseItem
 .text.vListInsertEnd
                0x00006d3c       0x48 ./amazon-freertos/FreeRTOS/list.o
                0x00006d3c                vListInsertEnd
 .text.vListInsert
                0x00006d84       0x72 ./amazon-freertos/FreeRTOS/list.o
                0x00006d84                vListInsert
 .text.uxListRemove
                0x00006df6       0x54 ./amazon-freertos/FreeRTOS/list.o
                0x00006df6                uxListRemove
 .text.xQueueGenericCreate
                0x00006e4a       0x72 ./amazon-freertos/FreeRTOS/queue.o
                0x00006e4a                xQueueGenericCreate
 .text.prvInitialiseNewQueue
                0x00006ebc       0x46 ./amazon-freertos/FreeRTOS/queue.o
 .text.prvInitialiseMutex
                0x00006f02       0x34 ./amazon-freertos/FreeRTOS/queue.o
 .text.xQueueCreateMutex
                0x00006f36       0x30 ./amazon-freertos/FreeRTOS/queue.o
                0x00006f36                xQueueCreateMutex
 .text.xQueueGenericSendFromISR
                0x00006f66      0x128 ./amazon-freertos/FreeRTOS/queue.o
                0x00006f66                xQueueGenericSendFromISR
 .text.vQueueDelete
                0x0000708e       0x3a ./amazon-freertos/FreeRTOS/queue.o
                0x0000708e                vQueueDelete
 .text.prvGetDisinheritPriorityAfterTimeout
                0x000070c8       0x30 ./amazon-freertos/FreeRTOS/queue.o
 .text.prvCopyDataToQueue
                0x000070f8       0xd4 ./amazon-freertos/FreeRTOS/queue.o
 .text.prvCopyDataFromQueue
                0x000071cc       0x4c ./amazon-freertos/FreeRTOS/queue.o
 .text.prvUnlockQueue
                0x00007218       0xa4 ./amazon-freertos/FreeRTOS/queue.o
 .text.prvIsQueueEmpty
                0x000072bc       0x2c ./amazon-freertos/FreeRTOS/queue.o
 .text.prvIsQueueFull
                0x000072e8       0x30 ./amazon-freertos/FreeRTOS/queue.o
 .text.vQueueWaitForMessageRestricted
                0x00007318       0x68 ./amazon-freertos/FreeRTOS/queue.o
                0x00007318                vQueueWaitForMessageRestricted
 .text.xTaskCreate
                0x00007380       0x82 ./amazon-freertos/FreeRTOS/tasks.o
                0x00007380                xTaskCreate
 .text.prvInitialiseNewTask
                0x00007402      0x132 ./amazon-freertos/FreeRTOS/tasks.o
 .text.prvDeleteTCB
                0x00007534       0x20 ./amazon-freertos/FreeRTOS/tasks.o
 .text.prvTimerTask
                0x00007554       0x24 ./amazon-freertos/FreeRTOS/timers.o
 .text.SystemInitHook
                0x00007578        0xe ./CMSIS/system_MK64F12.o
                0x00007578                SystemInitHook
 .text.__main   0x00007586        0xe c:/nxp/mcuxpressoide_10.1.1_606/ide/tools/bin/../lib/gcc/arm-none-eabi/6.3.1/../../../../arm-none-eabi/lib/thumb/v7e-m/fpv4-sp/hard\libcr_semihost_nf.a(_cr__main.o)
                0x00007586                __CR_SEMIHOST
                0x00007586                __main
 .text.memcpy   0x00007594        0x4 c:/nxp/mcuxpressoide_10.1.1_606/ide/tools/bin/../lib/gcc/arm-none-eabi/6.3.1/../../../../arm-none-eabi/lib/thumb/v7e-m/fpv4-sp/hard\libcr_c.a(memcpy.o)
                0x00007594                memcpy
 .text.memset   0x00007598        0x4 c:/nxp/mcuxpressoide_10.1.1_606/ide/tools/bin/../lib/gcc/arm-none-eabi/6.3.1/../../../../arm-none-eabi/lib/thumb/v7e-m/fpv4-sp/hard\libcr_c.a(memset.o)
                0x00007598                memset
 .text._deferredlazyseek
                0x0000759c       0x40 c:/nxp/mcuxpressoide_10.1.1_606/ide/tools/bin/../lib/gcc/arm-none-eabi/6.3.1/../../../../arm-none-eabi/lib/thumb/v7e-m/fpv4-sp/hard\libcr_c.a(_deferredlazyseek.o)
                0x0000759c                _deferredlazyseek
 .text.__flsbuf
                0x000075dc      0x148 c:/nxp/mcuxpressoide_10.1.1_606/ide/tools/bin/../lib/gcc/arm-none-eabi/6.3.1/../../../../arm-none-eabi/lib/thumb/v7e-m/fpv4-sp/hard\libcr_c.a(_deferredlazyseek.o)
                0x000075dc                __flsbuf
 .text._fflush  0x00007724       0x54 c:/nxp/mcuxpressoide_10.1.1_606/ide/tools/bin/../lib/gcc/arm-none-eabi/6.3.1/../../../../arm-none-eabi/lib/thumb/v7e-m/fpv4-sp/hard\libcr_c.a(_fflush.o)
                0x00007724                _fflush
 .text.free     0x00007778       0x30 c:/nxp/mcuxpressoide_10.1.1_606/ide/tools/bin/../lib/gcc/arm-none-eabi/6.3.1/../../../../arm-none-eabi/lib/thumb/v7e-m/fpv4-sp/hard\libcr_c.a(alloc.o)
                0x00007778                free
 .text.fputs    0x000077a8       0x2c c:/nxp/mcuxpressoide_10.1.1_606/ide/tools/bin/../lib/gcc/arm-none-eabi/6.3.1/../../../../arm-none-eabi/lib/thumb/v7e-m/fpv4-sp/hard\libcr_c.a(fputs.o)
                0x000077a8                fputs
 .text.no_fp_display
                0x000077d4        0x4 c:/nxp/mcuxpressoide_10.1.1_606/ide/tools/bin/../lib/gcc/arm-none-eabi/6.3.1/../../../../arm-none-eabi/lib/thumb/v7e-m/fpv4-sp/hard\libcr_c.a(printf.o)
 .text.strlen   0x000077d8       0x4a c:/nxp/mcuxpressoide_10.1.1_606/ide/tools/bin/../lib/gcc/arm-none-eabi/6.3.1/../../../../arm-none-eabi/lib/thumb/v7e-m/fpv4-sp/hard\libcr_c.a(strlen.o)
                0x000077d8                strlen
 .text._fdopen  0x00007822       0x68 c:/nxp/mcuxpressoide_10.1.1_606/ide/tools/bin/../lib/gcc/arm-none-eabi/6.3.1/../../../../arm-none-eabi/lib/thumb/v7e-m/fpv4-sp/hard\libcr_c.a(_fdopen.o)
                0x00007822                _fdopen
 .text.fclose   0x0000788a       0x58 c:/nxp/mcuxpressoide_10.1.1_606/ide/tools/bin/../lib/gcc/arm-none-eabi/6.3.1/../../../../arm-none-eabi/lib/thumb/v7e-m/fpv4-sp/hard\libcr_c.a(fclose.o)
                0x0000788a                fclose
 .text.remove   0x000078e2       0x14 c:/nxp/mcuxpressoide_10.1.1_606/ide/tools/bin/../lib/gcc/arm-none-eabi/6.3.1/../../../../arm-none-eabi/lib/thumb/v7e-m/fpv4-sp/hard\libcr_c.a(remove.o)
                0x000078e2                remove
 .text._do_fflush
                0x000078f6       0x40 c:/nxp/mcuxpressoide_10.1.1_606/ide/tools/bin/../lib/gcc/arm-none-eabi/6.3.1/../../../../arm-none-eabi/lib/thumb/v7e-m/fpv4-sp/hard\libcr_c.a(_do_fflush.o)
                0x000078f6                _do_fflush
 .text.__aeabi_memcpy
                0x00007936       0x34 c:/nxp/mcuxpressoide_10.1.1_606/ide/tools/bin/../lib/gcc/arm-none-eabi/6.3.1/thumb/v7e-m/fpv4-sp/hard\libcr_eabihelpers.a(memcpy.o)
                0x00007936                __aeabi_memcpy
                0x00007940                __aeabi_memcpy8
                0x00007940                __aeabi_memcpy4
 .text.__aeabi_memset_lowlevel
                0x0000796a       0x32 c:/nxp/mcuxpressoide_10.1.1_606/ide/tools/bin/../lib/gcc/arm-none-eabi/6.3.1/thumb/v7e-m/fpv4-sp/hard\libcr_eabihelpers.a(memcpy.o)
                0x0000796a                __aeabi_lowlevel_memset
 .text.__sys_close
                0x0000799c        0xc c:/nxp/mcuxpressoide_10.1.1_606/ide/tools/bin/../lib/gcc/arm-none-eabi/6.3.1/../../../../arm-none-eabi/lib/thumb/v7e-m/fpv4-sp/hard\libcr_semihost_nf.a(__sys_close.o)
                0x0000799c                __sys_close
 .text.__sys_flen
                0x000079a8        0xc c:/nxp/mcuxpressoide_10.1.1_606/ide/tools/bin/../lib/gcc/arm-none-eabi/6.3.1/../../../../arm-none-eabi/lib/thumb/v7e-m/fpv4-sp/hard\libcr_semihost_nf.a(__sys_flen.o)
                0x000079a8                __sys_flen
 .text.__sys_istty
                0x000079b4        0xc c:/nxp/mcuxpressoide_10.1.1_606/ide/tools/bin/../lib/gcc/arm-none-eabi/6.3.1/../../../../arm-none-eabi/lib/thumb/v7e-m/fpv4-sp/hard\libcr_semihost_nf.a(__sys_istty.o)
                0x000079b4                __sys_istty
 .text.__sys_remove
                0x000079c0        0xc c:/nxp/mcuxpressoide_10.1.1_606/ide/tools/bin/../lib/gcc/arm-none-eabi/6.3.1/../../../../arm-none-eabi/lib/thumb/v7e-m/fpv4-sp/hard\libcr_semihost_nf.a(__sys_remove.o)
                0x000079c0                __sys_remove
 .text.__sys_seek
                0x000079cc        0xc c:/nxp/mcuxpressoide_10.1.1_606/ide/tools/bin/../lib/gcc/arm-none-eabi/6.3.1/../../../../arm-none-eabi/lib/thumb/v7e-m/fpv4-sp/hard\libcr_semihost_nf.a(__sys_seek.o)
                0x000079cc                __sys_seek
 .text.__sys_tmpnam
                0x000079d8        0xc c:/nxp/mcuxpressoide_10.1.1_606/ide/tools/bin/../lib/gcc/arm-none-eabi/6.3.1/../../../../arm-none-eabi/lib/thumb/v7e-m/fpv4-sp/hard\libcr_semihost_nf.a(__sys_tmpnam.o)
                0x000079d8                __sys_tmpnam
 .text.__sys_write
                0x000079e4        0xc c:/nxp/mcuxpressoide_10.1.1_606/ide/tools/bin/../lib/gcc/arm-none-eabi/6.3.1/../../../../arm-none-eabi/lib/thumb/v7e-m/fpv4-sp/hard\libcr_semihost_nf.a(__sys_write.o)
                0x000079e4                __sys_write
 *(SORT(.rodata) SORT(.rodata.*) SORT(.constdata) SORT(.constdata.*))
 .rodata        0x000079f0       0x16 ./source/lin1d3_driver.o
 *fill*         0x00007a06        0x2 ff
 .rodata        0x00007a08      0x13e ./source/lin_driver_test_main.o
 *fill*         0x00007b46        0x2 ff
 .rodata        0x00007b48      0x149 ./drivers/fsl_clock.o
 *fill*         0x00007c91        0x3 ff
 .rodata.fllFactorTable.7610
                0x00007c94       0x10 ./drivers/fsl_clock.o
 .rodata.s_uartBases
                0x00007ca4       0x18 ./drivers/fsl_uart.o
 .rodata.s_uartIRQ
                0x00007cbc        0x6 ./drivers/fsl_uart.o
 *fill*         0x00007cc2        0x2 ff
 .rodata.s_uartClock
                0x00007cc4       0x18 ./drivers/fsl_uart.o
 .rodata        0x00007cdc      0x513 ./drivers/fsl_uart.o
 *fill*         0x000081ef        0x1 ff
 .rodata.mcgConfig_BOARD_BootClockRUN
                0x000081f0        0xb ./board/src/clock_config.o
                0x000081f0                mcgConfig_BOARD_BootClockRUN
 *fill*         0x000081fb        0x1 ff
 .rodata.simConfig_BOARD_BootClockRUN
                0x000081fc        0x8 ./board/src/clock_config.o
                0x000081fc                simConfig_BOARD_BootClockRUN
 .rodata.oscConfig_BOARD_BootClockRUN
                0x00008204        0x8 ./board/src/clock_config.o
                0x00008204                oscConfig_BOARD_BootClockRUN
 .rodata        0x0000820c       0x18 ./amazon-freertos/FreeRTOS/tasks.o
                0x00008214                FreeRTOSDebugConfig
 .rodata        0x00008224        0xd ./amazon-freertos/FreeRTOS/timers.o
 *fill*         0x00008231        0x3 ff
 .rodata.__num_Ciob_streams
                0x00008234        0x4 c:/nxp/mcuxpressoide_10.1.1_606/ide/tools/bin/../lib/gcc/arm-none-eabi/6.3.1/../../../../arm-none-eabi/lib/thumb/v7e-m/fpv4-sp/hard\libcr_semihost_nf.a(__ciob.o)
                0x00008234                __num_Ciob_streams
 .rodata.__assertion_failed.str1.1
                0x00008238       0x15 c:/nxp/mcuxpressoide_10.1.1_606/ide/tools/bin/../lib/gcc/arm-none-eabi/6.3.1/../../../../arm-none-eabi/lib/thumb/v7e-m/fpv4-sp/hard\libcr_semihost_nf.a(_cr_assert.o)
 .rodata._Csys_alloc.str1.1
                0x0000824d       0x18 c:/nxp/mcuxpressoide_10.1.1_606/ide/tools/bin/../lib/gcc/arm-none-eabi/6.3.1/../../../../arm-none-eabi/lib/thumb/v7e-m/fpv4-sp/hard\libcr_c.a(alloc.o)
 .rodata._initio.str1.1
                0x00008265        0x4 c:/nxp/mcuxpressoide_10.1.1_606/ide/tools/bin/../lib/gcc/arm-none-eabi/6.3.1/../../../../arm-none-eabi/lib/thumb/v7e-m/fpv4-sp/hard\libcr_c.a(initio.o)
 .rodata.__vfprintf.str1.1
                0x00008269       0x35 c:/nxp/mcuxpressoide_10.1.1_606/ide/tools/bin/../lib/gcc/arm-none-eabi/6.3.1/../../../../arm-none-eabi/lib/thumb/v7e-m/fpv4-sp/hard\libcr_c.a(printf.o)
                                 0x38 (size before relaxing)
                0x000082a0                . = ALIGN (0x4)
 *fill*         0x0000829e        0x2 ff

.glue_7         0x000082a0        0x0
 .glue_7        0x000082a0        0x0 linker stubs

.glue_7t        0x000082a0        0x0
 .glue_7t       0x000082a0        0x0 linker stubs

.vfp11_veneer   0x000082a0        0x0
 .vfp11_veneer  0x000082a0        0x0 linker stubs

.v4_bx          0x000082a0        0x0
 .v4_bx         0x000082a0        0x0 linker stubs

.iplt           0x000082a0        0x0
 .iplt          0x000082a0        0x0 ./utilities/fsl_assert.o

.rel.dyn        0x000082a0        0x0
 .rel.iplt      0x000082a0        0x0 ./utilities/fsl_assert.o

.ARM.extab
 *(SORT(.ARM.extab*) SORT(.gnu.linkonce.armextab.*))
                0x000082a0                __exidx_start = .

.ARM.exidx
 *(SORT(.ARM.exidx*) SORT(.gnu.linkonce.armexidx.*))
                0x000082a0                __exidx_end = .
                0x000082a0                _etext = .

.m_usb_data
 *(SORT(m_usb_bdt))

.data_RAM2      0x1fff0000        0x0 load address 0x000082a0
 FILL mask 0xff
                [!provide]                PROVIDE (__start_data_RAM2, .)
 *(SORT(.ramfunc.$RAM2))
 *(SORT(.ramfunc.$SRAM_LOWER))
 *(SORT(.data.$RAM2*))
 *(SORT(.data.$SRAM_LOWER*))
                0x1fff0000                . = ALIGN (0x4)
                [!provide]                PROVIDE (__end_data_RAM2, .)

.data_RAM3      0x14000000        0x0 load address 0x000082a0
 FILL mask 0xff
                [!provide]                PROVIDE (__start_data_RAM3, .)
 *(SORT(.ramfunc.$RAM3))
 *(SORT(.ramfunc.$FLEX_RAM))
 *(SORT(.data.$RAM3*))
 *(SORT(.data.$FLEX_RAM*))
                0x14000000                . = ALIGN (0x4)
                [!provide]                PROVIDE (__end_data_RAM3, .)

.uninit_RESERVED
                0x20000000        0x0
 *(SORT(.bss.$RESERVED*))
                0x20000000                . = ALIGN (0x4)
                0x20000000                _end_uninit_RESERVED = .

.data           0x20000000       0x10 load address 0x000082a0
 FILL mask 0xff
                0x20000000                _data = .
 *(SORT(vtable))
 *(SORT(.ramfunc*))
 *(SORT(.data*))
 .data.s_slowIrcFreq
                0x20000000        0x4 ./drivers/fsl_clock.o
 .data.s_fastIrcFreq
                0x20000004        0x4 ./drivers/fsl_clock.o
 .data.uxCriticalNesting
                0x20000008        0x4 ./amazon-freertos/FreeRTOS/portable/port.o
 .data.SystemCoreClock
                0x2000000c        0x4 ./CMSIS/system_MK64F12.o
                0x2000000c                SystemCoreClock
                0x20000010                . = ALIGN (0x4)
                0x20000010                _edata = .

.igot.plt       0x20000010        0x0 load address 0x000082b0
 .igot.plt      0x20000010        0x0 ./utilities/fsl_assert.o

.bss_RAM2       0x1fff0000        0x0
                [!provide]                PROVIDE (__start_bss_RAM2, .)
 *(SORT(.bss.$RAM2*))
 *(SORT(.bss.$SRAM_LOWER*))
                0x1fff0000                . = ALIGN ((. != 0x0)?0x4:0x1)
                [!provide]                PROVIDE (__end_bss_RAM2, .)

.bss_RAM3       0x14000000        0x0
                [!provide]                PROVIDE (__start_bss_RAM3, .)
 *(SORT(.bss.$RAM3*))
 *(SORT(.bss.$FLEX_RAM*))
                0x14000000                . = ALIGN ((. != 0x0)?0x4:0x1)
                [!provide]                PROVIDE (__end_bss_RAM3, .)

.bss            0x20000010     0x2a84
                0x20000010                _bss = .
 *(SORT(.bss*))
 .bss.g_xtal0Freq
                0x20000010        0x4 ./drivers/fsl_clock.o
                0x20000010                g_xtal0Freq
 .bss.g_xtal32Freq
                0x20000014        0x4 ./drivers/fsl_clock.o
                0x20000014                g_xtal32Freq
 .bss.s_uartHandle
                0x20000018       0x18 ./drivers/fsl_uart.o
 .bss.s_uartIsr
                0x20000030        0x4 ./drivers/fsl_uart.o
 .bss.ucHeap    0x20000034     0x2800 ./amazon-freertos/FreeRTOS/portable/heap_4.o
 .bss.xStart    0x20002834        0x8 ./amazon-freertos/FreeRTOS/portable/heap_4.o
 .bss.pxEnd     0x2000283c        0x4 ./amazon-freertos/FreeRTOS/portable/heap_4.o
 .bss.xFreeBytesRemaining
                0x20002840        0x4 ./amazon-freertos/FreeRTOS/portable/heap_4.o
 .bss.xMinimumEverFreeBytesRemaining
                0x20002844        0x4 ./amazon-freertos/FreeRTOS/portable/heap_4.o
 .bss.xBlockAllocatedBit
                0x20002848        0x4 ./amazon-freertos/FreeRTOS/portable/heap_4.o
 .bss.ulMaxPRIGROUPValue
                0x2000284c        0x4 ./amazon-freertos/FreeRTOS/portable/port.o
 .bss.xQueueRegistry
                0x20002850       0x40 ./amazon-freertos/FreeRTOS/queue.o
                0x20002850                xQueueRegistry
 .bss.pxCurrentTCB
                0x20002890        0x4 ./amazon-freertos/FreeRTOS/tasks.o
                0x20002890                pxCurrentTCB
 .bss.pxReadyTasksLists
                0x20002894       0x64 ./amazon-freertos/FreeRTOS/tasks.o
 .bss.xDelayedTaskList1
                0x200028f8       0x14 ./amazon-freertos/FreeRTOS/tasks.o
 .bss.xDelayedTaskList2
                0x2000290c       0x14 ./amazon-freertos/FreeRTOS/tasks.o
 .bss.pxDelayedTaskList
                0x20002920        0x4 ./amazon-freertos/FreeRTOS/tasks.o
 .bss.pxOverflowDelayedTaskList
                0x20002924        0x4 ./amazon-freertos/FreeRTOS/tasks.o
 .bss.xPendingReadyList
                0x20002928       0x14 ./amazon-freertos/FreeRTOS/tasks.o
 .bss.xTasksWaitingTermination
                0x2000293c       0x14 ./amazon-freertos/FreeRTOS/tasks.o
 .bss.uxDeletedTasksWaitingCleanUp
                0x20002950        0x4 ./amazon-freertos/FreeRTOS/tasks.o
 .bss.xSuspendedTaskList
                0x20002954       0x14 ./amazon-freertos/FreeRTOS/tasks.o
 .bss.uxCurrentNumberOfTasks
                0x20002968        0x4 ./amazon-freertos/FreeRTOS/tasks.o
 .bss.xTickCount
                0x2000296c        0x4 ./amazon-freertos/FreeRTOS/tasks.o
 .bss.uxTopReadyPriority
                0x20002970        0x4 ./amazon-freertos/FreeRTOS/tasks.o
 .bss.xSchedulerRunning
                0x20002974        0x4 ./amazon-freertos/FreeRTOS/tasks.o
 .bss.uxPendedTicks
                0x20002978        0x4 ./amazon-freertos/FreeRTOS/tasks.o
 .bss.xYieldPending
                0x2000297c        0x4 ./amazon-freertos/FreeRTOS/tasks.o
 .bss.xNumOfOverflows
                0x20002980        0x4 ./amazon-freertos/FreeRTOS/tasks.o
 .bss.uxTaskNumber
                0x20002984        0x4 ./amazon-freertos/FreeRTOS/tasks.o
 .bss.xNextTaskUnblockTime
                0x20002988        0x4 ./amazon-freertos/FreeRTOS/tasks.o
 .bss.xIdleTaskHandle
                0x2000298c        0x4 ./amazon-freertos/FreeRTOS/tasks.o
 .bss.uxSchedulerSuspended
                0x20002990        0x4 ./amazon-freertos/FreeRTOS/tasks.o
 .bss.xActiveTimerList1
                0x20002994       0x14 ./amazon-freertos/FreeRTOS/timers.o
 .bss.xActiveTimerList2
                0x200029a8       0x14 ./amazon-freertos/FreeRTOS/timers.o
 .bss.pxCurrentTimerList
                0x200029bc        0x4 ./amazon-freertos/FreeRTOS/timers.o
 .bss.pxOverflowTimerList
                0x200029c0        0x4 ./amazon-freertos/FreeRTOS/timers.o
 .bss.xTimerQueue
                0x200029c4        0x4 ./amazon-freertos/FreeRTOS/timers.o
 .bss.xTimerTaskHandle
                0x200029c8        0x4 ./amazon-freertos/FreeRTOS/timers.o
 .bss.xLastTime.5713
                0x200029cc        0x4 ./amazon-freertos/FreeRTOS/timers.o
 .bss.__Ciob    0x200029d0       0xb4 c:/nxp/mcuxpressoide_10.1.1_606/ide/tools/bin/../lib/gcc/arm-none-eabi/6.3.1/../../../../arm-none-eabi/lib/thumb/v7e-m/fpv4-sp/hard\libcr_semihost_nf.a(__ciob.o)
                0x200029d0                __Ciob
 .bss.__end_of_heap
                0x20002a84        0x4 c:/nxp/mcuxpressoide_10.1.1_606/ide/tools/bin/../lib/gcc/arm-none-eabi/6.3.1/../../../../arm-none-eabi/lib/thumb/v7e-m/fpv4-sp/hard\libcr_c.a(__init_alloc.o)
                0x20002a84                __end_of_heap
 .bss.__heaps   0x20002a88        0x4 c:/nxp/mcuxpressoide_10.1.1_606/ide/tools/bin/../lib/gcc/arm-none-eabi/6.3.1/../../../../arm-none-eabi/lib/thumb/v7e-m/fpv4-sp/hard\libcr_c.a(__init_alloc.o)
                0x20002a88                __heaps
 .bss.errno     0x20002a8c        0x4 c:/nxp/mcuxpressoide_10.1.1_606/ide/tools/bin/../lib/gcc/arm-none-eabi/6.3.1/../../../../arm-none-eabi/lib/thumb/v7e-m/fpv4-sp/hard\libcr_c.a(errno.o)
                0x20002a8c                errno
 .bss.node_idx.8562
                0x20002a90        0x1 ./source/lin1d3_driver.o
 .bss.ucMaxSysCallPriority
                0x20002a91        0x1 ./amazon-freertos/FreeRTOS/portable/port.o
 *(SORT(COMMON))
                0x20002a94                . = ALIGN (0x4)
 *fill*         0x20002a92        0x2 
                0x20002a94                _ebss = .
                [!provide]                PROVIDE (end, .)

.noinit_RAM2    0x1fff0000        0x0
 *(SORT(.noinit.$RAM2*))
 *(SORT(.noinit.$SRAM_LOWER*))
                0x1fff0000                . = ALIGN (0x4)

.noinit_RAM3    0x14000000        0x0
 *(SORT(.noinit.$RAM3*))
 *(SORT(.noinit.$FLEX_RAM*))
                0x14000000                . = ALIGN (0x4)

.noinit         0x20002a94        0x0
                0x20002a94                _noinit = .
 *(SORT(.noinit*))
                0x20002a94                . = ALIGN (0x4)
                0x20002a94                _end_noinit = .
                0x00001000                _HeapSize = 0x1000

.heap           0x20002a94     0x1000
                0x20002a94                _pvHeapStart = .
                0x20003a94                . = (. + _HeapSize)
 *fill*         0x20002a94     0x1000 
                0x20003a94                . = ALIGN (0x4)
                0x20003a94                _pvHeapLimit = .
                0x00001000                _StackSize = 0x1000

.heap2stackfill
                0x20003a94     0x1000
                0x20004a94                . = (. + _StackSize)
 *fill*         0x20003a94     0x1000 

.stack          0x2002f000        0x0
                0x2002f000                _vStackBase = .
                0x2002f000                . = ALIGN (0x4)
                0x20030000                _vStackTop = (. + _StackSize)
                0x00000000                _image_start = LOADADDR (.text)
                0x000082b0                _image_end = (LOADADDR (.data) + SIZEOF (.data))
                0x000082b0                _image_size = (_image_end - _image_start)
OUTPUT(Tarea-Practica-02-redes.axf elf32-littlearm)

.debug_info     0x00000000     0xdd0b
 .debug_info    0x00000000      0x8b3 ./startup/startup_mk64f12.o
 .debug_info    0x000008b3      0xd3e ./source/lin1d3_driver.o
 .debug_info    0x000015f1     0x12bc ./source/lin_driver_test_main.o
 .debug_info    0x000028ad       0x37 ./source/semihost_hardfault.o
 .debug_info    0x000028e4      0xa36 ./drivers/freertos/fsl_uart_freertos.o
 .debug_info    0x0000331a     0x1e8c ./drivers/fsl_clock.o
 .debug_info    0x000051a6     0x19d7 ./drivers/fsl_uart.o
 .debug_info    0x00006b7d      0xa9d ./board/src/clock_config.o
 .debug_info    0x0000761a      0x652 ./board/pin_mux.o
 .debug_info    0x00007c6c       0xe8 ./amazon-freertos/portable/fsl_tickless_systick.o
 .debug_info    0x00007d54      0x3ed ./amazon-freertos/FreeRTOS/portable/heap_4.o
 .debug_info    0x00008141      0x531 ./amazon-freertos/FreeRTOS/portable/port.o
 .debug_info    0x00008672      0x9d0 ./amazon-freertos/FreeRTOS/event_groups.o
 .debug_info    0x00009042      0x2cc ./amazon-freertos/FreeRTOS/list.o
 .debug_info    0x0000930e     0x1693 ./amazon-freertos/FreeRTOS/queue.o
 .debug_info    0x0000a9a1     0x1f8e ./amazon-freertos/FreeRTOS/tasks.o
 .debug_info    0x0000c92f      0xda8 ./amazon-freertos/FreeRTOS/timers.o
 .debug_info    0x0000d6d7      0x634 ./CMSIS/system_MK64F12.o

.debug_abbrev   0x00000000     0x2315
 .debug_abbrev  0x00000000      0x159 ./startup/startup_mk64f12.o
 .debug_abbrev  0x00000159      0x22e ./source/lin1d3_driver.o
 .debug_abbrev  0x00000387      0x251 ./source/lin_driver_test_main.o
 .debug_abbrev  0x000005d8       0x2c ./source/semihost_hardfault.o
 .debug_abbrev  0x00000604      0x231 ./drivers/freertos/fsl_uart_freertos.o
 .debug_abbrev  0x00000835      0x31a ./drivers/fsl_clock.o
 .debug_abbrev  0x00000b4f      0x2fc ./drivers/fsl_uart.o
 .debug_abbrev  0x00000e4b      0x1ed ./board/src/clock_config.o
 .debug_abbrev  0x00001038      0x192 ./board/pin_mux.o
 .debug_abbrev  0x000011ca       0x8f ./amazon-freertos/portable/fsl_tickless_systick.o
 .debug_abbrev  0x00001259      0x1e5 ./amazon-freertos/FreeRTOS/portable/heap_4.o
 .debug_abbrev  0x0000143e      0x249 ./amazon-freertos/FreeRTOS/portable/port.o
 .debug_abbrev  0x00001687      0x23b ./amazon-freertos/FreeRTOS/event_groups.o
 .debug_abbrev  0x000018c2      0x116 ./amazon-freertos/FreeRTOS/list.o
 .debug_abbrev  0x000019d8      0x2b3 ./amazon-freertos/FreeRTOS/queue.o
 .debug_abbrev  0x00001c8b      0x2e6 ./amazon-freertos/FreeRTOS/tasks.o
 .debug_abbrev  0x00001f71      0x253 ./amazon-freertos/FreeRTOS/timers.o
 .debug_abbrev  0x000021c4      0x151 ./CMSIS/system_MK64F12.o

.debug_aranges  0x00000000      0xdf0
 .debug_aranges
                0x00000000      0x330 ./startup/startup_mk64f12.o
 .debug_aranges
                0x00000330       0x38 ./source/lin1d3_driver.o
 .debug_aranges
                0x00000368       0x60 ./source/lin_driver_test_main.o
 .debug_aranges
                0x000003c8       0x20 ./source/semihost_hardfault.o
 .debug_aranges
                0x000003e8       0x50 ./drivers/freertos/fsl_uart_freertos.o
 .debug_aranges
                0x00000438      0x1e8 ./drivers/fsl_clock.o
 .debug_aranges
                0x00000620      0x170 ./drivers/fsl_uart.o
 .debug_aranges
                0x00000790       0x50 ./board/src/clock_config.o
 .debug_aranges
                0x000007e0       0x30 ./board/pin_mux.o
 .debug_aranges
                0x00000810       0x20 ./amazon-freertos/portable/fsl_tickless_systick.o
 .debug_aranges
                0x00000830       0x50 ./amazon-freertos/FreeRTOS/portable/heap_4.o
 .debug_aranges
                0x00000880       0x78 ./amazon-freertos/FreeRTOS/portable/port.o
 .debug_aranges
                0x000008f8       0x88 ./amazon-freertos/FreeRTOS/event_groups.o
 .debug_aranges
                0x00000980       0x40 ./amazon-freertos/FreeRTOS/list.o
 .debug_aranges
                0x000009c0      0x130 ./amazon-freertos/FreeRTOS/queue.o
 .debug_aranges
                0x00000af0      0x1f8 ./amazon-freertos/FreeRTOS/tasks.o
 .debug_aranges
                0x00000ce8       0xd8 ./amazon-freertos/FreeRTOS/timers.o
 .debug_aranges
                0x00000dc0       0x30 ./CMSIS/system_MK64F12.o

.debug_ranges   0x00000000      0xcd0
 .debug_ranges  0x00000000      0x320 ./startup/startup_mk64f12.o
 .debug_ranges  0x00000320       0x28 ./source/lin1d3_driver.o
 .debug_ranges  0x00000348       0x50 ./source/lin_driver_test_main.o
 .debug_ranges  0x00000398       0x10 ./source/semihost_hardfault.o
 .debug_ranges  0x000003a8       0x40 ./drivers/freertos/fsl_uart_freertos.o
 .debug_ranges  0x000003e8      0x1d8 ./drivers/fsl_clock.o
 .debug_ranges  0x000005c0      0x160 ./drivers/fsl_uart.o
 .debug_ranges  0x00000720       0x40 ./board/src/clock_config.o
 .debug_ranges  0x00000760       0x20 ./board/pin_mux.o
 .debug_ranges  0x00000780       0x10 ./amazon-freertos/portable/fsl_tickless_systick.o
 .debug_ranges  0x00000790       0x40 ./amazon-freertos/FreeRTOS/portable/heap_4.o
 .debug_ranges  0x000007d0       0x68 ./amazon-freertos/FreeRTOS/portable/port.o
 .debug_ranges  0x00000838       0x78 ./amazon-freertos/FreeRTOS/event_groups.o
 .debug_ranges  0x000008b0       0x30 ./amazon-freertos/FreeRTOS/list.o
 .debug_ranges  0x000008e0      0x120 ./amazon-freertos/FreeRTOS/queue.o
 .debug_ranges  0x00000a00      0x1e8 ./amazon-freertos/FreeRTOS/tasks.o
 .debug_ranges  0x00000be8       0xc8 ./amazon-freertos/FreeRTOS/timers.o
 .debug_ranges  0x00000cb0       0x20 ./CMSIS/system_MK64F12.o

.debug_line     0x00000000     0x5224
 .debug_line    0x00000000      0x67e ./startup/startup_mk64f12.o
 .debug_line    0x0000067e      0x32d ./source/lin1d3_driver.o
 .debug_line    0x000009ab      0x341 ./source/lin_driver_test_main.o
 .debug_line    0x00000cec       0x54 ./source/semihost_hardfault.o
 .debug_line    0x00000d40      0x2eb ./drivers/freertos/fsl_uart_freertos.o
 .debug_line    0x0000102b      0x924 ./drivers/fsl_clock.o
 .debug_line    0x0000194f      0x939 ./drivers/fsl_uart.o
 .debug_line    0x00002288      0x1ee ./board/src/clock_config.o
 .debug_line    0x00002476      0x16d ./board/pin_mux.o
 .debug_line    0x000025e3      0x133 ./amazon-freertos/portable/fsl_tickless_systick.o
 .debug_line    0x00002716      0x23f ./amazon-freertos/FreeRTOS/portable/heap_4.o
 .debug_line    0x00002955      0x320 ./amazon-freertos/FreeRTOS/portable/port.o
 .debug_line    0x00002c75      0x40f ./amazon-freertos/FreeRTOS/event_groups.o
 .debug_line    0x00003084      0x1b5 ./amazon-freertos/FreeRTOS/list.o
 .debug_line    0x00003239      0xaca ./amazon-freertos/FreeRTOS/queue.o
 .debug_line    0x00003d03      0xe71 ./amazon-freertos/FreeRTOS/tasks.o
 .debug_line    0x00004b74      0x528 ./amazon-freertos/FreeRTOS/timers.o
 .debug_line    0x0000509c      0x188 ./CMSIS/system_MK64F12.o

.debug_str      0x00000000     0x6285
 .debug_str     0x00000000      0x932 ./startup/startup_mk64f12.o
                                0x954 (size before relaxing)
 .debug_str     0x00000932      0xa13 ./source/lin1d3_driver.o
                                0xc0d (size before relaxing)
 .debug_str     0x00001345      0x8c3 ./source/lin_driver_test_main.o
                               0x1415 (size before relaxing)
 .debug_str     0x00001c08       0x1f ./source/semihost_hardfault.o
                                0x16d (size before relaxing)
 .debug_str     0x00001c27      0x520 ./drivers/freertos/fsl_uart_freertos.o
                                0xbc7 (size before relaxing)
 .debug_str     0x00002147     0x1577 ./drivers/fsl_clock.o
                               0x1d2a (size before relaxing)
 .debug_str     0x000036be      0x75c ./drivers/fsl_uart.o
                               0x1e86 (size before relaxing)
 .debug_str     0x00003e1a      0x226 ./board/src/clock_config.o
                                0xef3 (size before relaxing)
 .debug_str     0x00004040      0x164 ./board/pin_mux.o
                                0x71c (size before relaxing)
 .debug_str     0x000041a4       0x4c ./amazon-freertos/portable/fsl_tickless_systick.o
                                0x27b (size before relaxing)
 .debug_str     0x000041f0      0x20b ./amazon-freertos/FreeRTOS/portable/heap_4.o
                                0x42e (size before relaxing)
 .debug_str     0x000043fb      0x203 ./amazon-freertos/FreeRTOS/portable/port.o
                                0x491 (size before relaxing)
 .debug_str     0x000045fe      0x3bf ./amazon-freertos/FreeRTOS/event_groups.o
                                0x690 (size before relaxing)
 .debug_str     0x000049bd       0xa5 ./amazon-freertos/FreeRTOS/list.o
                                0x371 (size before relaxing)
 .debug_str     0x00004a62      0x5bc ./amazon-freertos/FreeRTOS/queue.o
                                0x985 (size before relaxing)
 .debug_str     0x0000501e      0xc9b ./amazon-freertos/FreeRTOS/tasks.o
                               0x1130 (size before relaxing)
 .debug_str     0x00005cb9      0x510 ./amazon-freertos/FreeRTOS/timers.o
                                0x89d (size before relaxing)
 .debug_str     0x000061c9       0xbc ./CMSIS/system_MK64F12.o
                                0x41f (size before relaxing)

.comment        0x00000000       0x7f
 .comment       0x00000000       0x7f ./startup/startup_mk64f12.o
                                 0x80 (size before relaxing)
 .comment       0x0000007f       0x80 ./source/lin1d3_driver.o
 .comment       0x0000007f       0x80 ./source/lin_driver_test_main.o
 .comment       0x0000007f       0x80 ./source/semihost_hardfault.o
 .comment       0x0000007f       0x80 ./drivers/freertos/fsl_uart_freertos.o
 .comment       0x0000007f       0x80 ./drivers/fsl_clock.o
 .comment       0x0000007f       0x80 ./drivers/fsl_uart.o
 .comment       0x0000007f       0x80 ./board/src/clock_config.o
 .comment       0x0000007f       0x80 ./board/pin_mux.o
 .comment       0x0000007f       0x80 ./amazon-freertos/portable/fsl_tickless_systick.o
 .comment       0x0000007f       0x80 ./amazon-freertos/FreeRTOS/portable/heap_4.o
 .comment       0x0000007f       0x80 ./amazon-freertos/FreeRTOS/portable/port.o
 .comment       0x0000007f       0x80 ./amazon-freertos/FreeRTOS/event_groups.o
 .comment       0x0000007f       0x80 ./amazon-freertos/FreeRTOS/list.o
 .comment       0x0000007f       0x80 ./amazon-freertos/FreeRTOS/queue.o
 .comment       0x0000007f       0x80 ./amazon-freertos/FreeRTOS/tasks.o
 .comment       0x0000007f       0x80 ./amazon-freertos/FreeRTOS/timers.o
 .comment       0x0000007f       0x80 ./CMSIS/system_MK64F12.o
 .comment       0x0000007f       0x80 c:/nxp/mcuxpressoide_10.1.1_606/ide/tools/bin/../lib/gcc/arm-none-eabi/6.3.1/../../../../arm-none-eabi/lib/thumb/v7e-m/fpv4-sp/hard\libcr_semihost_nf.a(_cr__main.o)
 .comment       0x0000007f       0x80 c:/nxp/mcuxpressoide_10.1.1_606/ide/tools/bin/../lib/gcc/arm-none-eabi/6.3.1/../../../../arm-none-eabi/lib/thumb/v7e-m/fpv4-sp/hard\libcr_semihost_nf.a(_cr_assert.o)
 .comment       0x0000007f       0x80 c:/nxp/mcuxpressoide_10.1.1_606/ide/tools/bin/../lib/gcc/arm-none-eabi/6.3.1/../../../../arm-none-eabi/lib/thumb/v7e-m/fpv4-sp/hard\libcr_semihost_nf.a(__ciob.o)
 .comment       0x0000007f       0x80 c:/nxp/mcuxpressoide_10.1.1_606/ide/tools/bin/../lib/gcc/arm-none-eabi/6.3.1/../../../../arm-none-eabi/lib/thumb/v7e-m/fpv4-sp/hard\libcr_c.a(memcpy.o)
 .comment       0x0000007f       0x80 c:/nxp/mcuxpressoide_10.1.1_606/ide/tools/bin/../lib/gcc/arm-none-eabi/6.3.1/../../../../arm-none-eabi/lib/thumb/v7e-m/fpv4-sp/hard\libcr_c.a(memset.o)
 .comment       0x0000007f       0x80 c:/nxp/mcuxpressoide_10.1.1_606/ide/tools/bin/../lib/gcc/arm-none-eabi/6.3.1/../../../../arm-none-eabi/lib/thumb/v7e-m/fpv4-sp/hard\libcr_c.a(_deferredlazyseek.o)
 .comment       0x0000007f       0x80 c:/nxp/mcuxpressoide_10.1.1_606/ide/tools/bin/../lib/gcc/arm-none-eabi/6.3.1/../../../../arm-none-eabi/lib/thumb/v7e-m/fpv4-sp/hard\libcr_c.a(_fflush.o)
 .comment       0x0000007f       0x80 c:/nxp/mcuxpressoide_10.1.1_606/ide/tools/bin/../lib/gcc/arm-none-eabi/6.3.1/../../../../arm-none-eabi/lib/thumb/v7e-m/fpv4-sp/hard\libcr_c.a(_writebuf.o)
 .comment       0x0000007f       0x80 c:/nxp/mcuxpressoide_10.1.1_606/ide/tools/bin/../lib/gcc/arm-none-eabi/6.3.1/../../../../arm-none-eabi/lib/thumb/v7e-m/fpv4-sp/hard\libcr_c.a(alloc.o)
 .comment       0x0000007f       0x80 c:/nxp/mcuxpressoide_10.1.1_606/ide/tools/bin/../lib/gcc/arm-none-eabi/6.3.1/../../../../arm-none-eabi/lib/thumb/v7e-m/fpv4-sp/hard\libcr_c.a(fputs.o)
 .comment       0x0000007f       0x80 c:/nxp/mcuxpressoide_10.1.1_606/ide/tools/bin/../lib/gcc/arm-none-eabi/6.3.1/../../../../arm-none-eabi/lib/thumb/v7e-m/fpv4-sp/hard\libcr_c.a(fseek.o)
 .comment       0x0000007f       0x80 c:/nxp/mcuxpressoide_10.1.1_606/ide/tools/bin/../lib/gcc/arm-none-eabi/6.3.1/../../../../arm-none-eabi/lib/thumb/v7e-m/fpv4-sp/hard\libcr_c.a(ftell.o)
 .comment       0x0000007f       0x80 c:/nxp/mcuxpressoide_10.1.1_606/ide/tools/bin/../lib/gcc/arm-none-eabi/6.3.1/../../../../arm-none-eabi/lib/thumb/v7e-m/fpv4-sp/hard\libcr_c.a(initio.o)
 .comment       0x0000007f       0x80 c:/nxp/mcuxpressoide_10.1.1_606/ide/tools/bin/../lib/gcc/arm-none-eabi/6.3.1/../../../../arm-none-eabi/lib/thumb/v7e-m/fpv4-sp/hard\libcr_c.a(printf.o)
 .comment       0x0000007f       0x80 c:/nxp/mcuxpressoide_10.1.1_606/ide/tools/bin/../lib/gcc/arm-none-eabi/6.3.1/../../../../arm-none-eabi/lib/thumb/v7e-m/fpv4-sp/hard\libcr_c.a(setvbuf.o)
 .comment       0x0000007f       0x80 c:/nxp/mcuxpressoide_10.1.1_606/ide/tools/bin/../lib/gcc/arm-none-eabi/6.3.1/../../../../arm-none-eabi/lib/thumb/v7e-m/fpv4-sp/hard\libcr_c.a(strlen.o)
 .comment       0x0000007f       0x80 c:/nxp/mcuxpressoide_10.1.1_606/ide/tools/bin/../lib/gcc/arm-none-eabi/6.3.1/../../../../arm-none-eabi/lib/thumb/v7e-m/fpv4-sp/hard\libcr_c.a(__init_alloc.o)
 .comment       0x0000007f       0x80 c:/nxp/mcuxpressoide_10.1.1_606/ide/tools/bin/../lib/gcc/arm-none-eabi/6.3.1/../../../../arm-none-eabi/lib/thumb/v7e-m/fpv4-sp/hard\libcr_c.a(_cr_sbrk.o)
 .comment       0x0000007f       0x80 c:/nxp/mcuxpressoide_10.1.1_606/ide/tools/bin/../lib/gcc/arm-none-eabi/6.3.1/../../../../arm-none-eabi/lib/thumb/v7e-m/fpv4-sp/hard\libcr_c.a(_fdopen.o)
 .comment       0x0000007f       0x80 c:/nxp/mcuxpressoide_10.1.1_606/ide/tools/bin/../lib/gcc/arm-none-eabi/6.3.1/../../../../arm-none-eabi/lib/thumb/v7e-m/fpv4-sp/hard\libcr_c.a(errno.o)
 .comment       0x0000007f       0x80 c:/nxp/mcuxpressoide_10.1.1_606/ide/tools/bin/../lib/gcc/arm-none-eabi/6.3.1/../../../../arm-none-eabi/lib/thumb/v7e-m/fpv4-sp/hard\libcr_c.a(fclose.o)
 .comment       0x0000007f       0x80 c:/nxp/mcuxpressoide_10.1.1_606/ide/tools/bin/../lib/gcc/arm-none-eabi/6.3.1/../../../../arm-none-eabi/lib/thumb/v7e-m/fpv4-sp/hard\libcr_c.a(fflush.o)
 .comment       0x0000007f       0x80 c:/nxp/mcuxpressoide_10.1.1_606/ide/tools/bin/../lib/gcc/arm-none-eabi/6.3.1/../../../../arm-none-eabi/lib/thumb/v7e-m/fpv4-sp/hard\libcr_c.a(remove.o)
 .comment       0x0000007f       0x80 c:/nxp/mcuxpressoide_10.1.1_606/ide/tools/bin/../lib/gcc/arm-none-eabi/6.3.1/../../../../arm-none-eabi/lib/thumb/v7e-m/fpv4-sp/hard\libcr_c.a(_cr_check_heap.o)
 .comment       0x0000007f       0x80 c:/nxp/mcuxpressoide_10.1.1_606/ide/tools/bin/../lib/gcc/arm-none-eabi/6.3.1/../../../../arm-none-eabi/lib/thumb/v7e-m/fpv4-sp/hard\libcr_c.a(_do_fflush.o)

.ARM.attributes
                0x00000000       0x37
 .ARM.attributes
                0x00000000       0x39 ./startup/startup_mk64f12.o
 .ARM.attributes
                0x00000039       0x39 ./source/lin1d3_driver.o
 .ARM.attributes
                0x00000072       0x39 ./source/lin_driver_test_main.o
 .ARM.attributes
                0x000000ab       0x39 ./source/semihost_hardfault.o
 .ARM.attributes
                0x000000e4       0x39 ./drivers/freertos/fsl_uart_freertos.o
 .ARM.attributes
                0x0000011d       0x39 ./drivers/fsl_clock.o
 .ARM.attributes
                0x00000156       0x39 ./drivers/fsl_uart.o
 .ARM.attributes
                0x0000018f       0x39 ./board/src/clock_config.o
 .ARM.attributes
                0x000001c8       0x39 ./board/pin_mux.o
 .ARM.attributes
                0x00000201       0x39 ./amazon-freertos/portable/fsl_tickless_systick.o
 .ARM.attributes
                0x0000023a       0x39 ./amazon-freertos/FreeRTOS/portable/heap_4.o
 .ARM.attributes
                0x00000273       0x39 ./amazon-freertos/FreeRTOS/portable/port.o
 .ARM.attributes
                0x000002ac       0x39 ./amazon-freertos/FreeRTOS/event_groups.o
 .ARM.attributes
                0x000002e5       0x39 ./amazon-freertos/FreeRTOS/list.o
 .ARM.attributes
                0x0000031e       0x39 ./amazon-freertos/FreeRTOS/queue.o
 .ARM.attributes
                0x00000357       0x39 ./amazon-freertos/FreeRTOS/tasks.o
 .ARM.attributes
                0x00000390       0x39 ./amazon-freertos/FreeRTOS/timers.o
 .ARM.attributes
                0x000003c9       0x39 ./CMSIS/system_MK64F12.o
 .ARM.attributes
                0x00000402       0x39 c:/nxp/mcuxpressoide_10.1.1_606/ide/tools/bin/../lib/gcc/arm-none-eabi/6.3.1/../../../../arm-none-eabi/lib/thumb/v7e-m/fpv4-sp/hard\libcr_semihost_nf.a(_cr__main.o)
 .ARM.attributes
                0x0000043b       0x39 c:/nxp/mcuxpressoide_10.1.1_606/ide/tools/bin/../lib/gcc/arm-none-eabi/6.3.1/../../../../arm-none-eabi/lib/thumb/v7e-m/fpv4-sp/hard\libcr_semihost_nf.a(_cr_assert.o)
 .ARM.attributes
                0x00000474       0x39 c:/nxp/mcuxpressoide_10.1.1_606/ide/tools/bin/../lib/gcc/arm-none-eabi/6.3.1/../../../../arm-none-eabi/lib/thumb/v7e-m/fpv4-sp/hard\libcr_semihost_nf.a(__ciob.o)
 .ARM.attributes
                0x000004ad       0x25 c:/nxp/mcuxpressoide_10.1.1_606/ide/tools/bin/../lib/gcc/arm-none-eabi/6.3.1/../../../../arm-none-eabi/lib/thumb/v7e-m/fpv4-sp/hard\libcr_semihost_nf.a(__sys_appexit.o)
 .ARM.attributes
                0x000004d2       0x39 c:/nxp/mcuxpressoide_10.1.1_606/ide/tools/bin/../lib/gcc/arm-none-eabi/6.3.1/../../../../arm-none-eabi/lib/thumb/v7e-m/fpv4-sp/hard\libcr_c.a(memcpy.o)
 .ARM.attributes
                0x0000050b       0x39 c:/nxp/mcuxpressoide_10.1.1_606/ide/tools/bin/../lib/gcc/arm-none-eabi/6.3.1/../../../../arm-none-eabi/lib/thumb/v7e-m/fpv4-sp/hard\libcr_c.a(memset.o)
 .ARM.attributes
                0x00000544       0x39 c:/nxp/mcuxpressoide_10.1.1_606/ide/tools/bin/../lib/gcc/arm-none-eabi/6.3.1/../../../../arm-none-eabi/lib/thumb/v7e-m/fpv4-sp/hard\libcr_c.a(_deferredlazyseek.o)
 .ARM.attributes
                0x0000057d       0x39 c:/nxp/mcuxpressoide_10.1.1_606/ide/tools/bin/../lib/gcc/arm-none-eabi/6.3.1/../../../../arm-none-eabi/lib/thumb/v7e-m/fpv4-sp/hard\libcr_c.a(_fflush.o)
 .ARM.attributes
                0x000005b6       0x39 c:/nxp/mcuxpressoide_10.1.1_606/ide/tools/bin/../lib/gcc/arm-none-eabi/6.3.1/../../../../arm-none-eabi/lib/thumb/v7e-m/fpv4-sp/hard\libcr_c.a(_writebuf.o)
 .ARM.attributes
                0x000005ef       0x39 c:/nxp/mcuxpressoide_10.1.1_606/ide/tools/bin/../lib/gcc/arm-none-eabi/6.3.1/../../../../arm-none-eabi/lib/thumb/v7e-m/fpv4-sp/hard\libcr_c.a(alloc.o)
 .ARM.attributes
                0x00000628       0x39 c:/nxp/mcuxpressoide_10.1.1_606/ide/tools/bin/../lib/gcc/arm-none-eabi/6.3.1/../../../../arm-none-eabi/lib/thumb/v7e-m/fpv4-sp/hard\libcr_c.a(fputs.o)
 .ARM.attributes
                0x00000661       0x39 c:/nxp/mcuxpressoide_10.1.1_606/ide/tools/bin/../lib/gcc/arm-none-eabi/6.3.1/../../../../arm-none-eabi/lib/thumb/v7e-m/fpv4-sp/hard\libcr_c.a(fseek.o)
 .ARM.attributes
                0x0000069a       0x39 c:/nxp/mcuxpressoide_10.1.1_606/ide/tools/bin/../lib/gcc/arm-none-eabi/6.3.1/../../../../arm-none-eabi/lib/thumb/v7e-m/fpv4-sp/hard\libcr_c.a(ftell.o)
 .ARM.attributes
                0x000006d3       0x39 c:/nxp/mcuxpressoide_10.1.1_606/ide/tools/bin/../lib/gcc/arm-none-eabi/6.3.1/../../../../arm-none-eabi/lib/thumb/v7e-m/fpv4-sp/hard\libcr_c.a(initio.o)
 .ARM.attributes
                0x0000070c       0x39 c:/nxp/mcuxpressoide_10.1.1_606/ide/tools/bin/../lib/gcc/arm-none-eabi/6.3.1/../../../../arm-none-eabi/lib/thumb/v7e-m/fpv4-sp/hard\libcr_c.a(printf.o)
 .ARM.attributes
                0x00000745       0x39 c:/nxp/mcuxpressoide_10.1.1_606/ide/tools/bin/../lib/gcc/arm-none-eabi/6.3.1/../../../../arm-none-eabi/lib/thumb/v7e-m/fpv4-sp/hard\libcr_c.a(setvbuf.o)
 .ARM.attributes
                0x0000077e       0x39 c:/nxp/mcuxpressoide_10.1.1_606/ide/tools/bin/../lib/gcc/arm-none-eabi/6.3.1/../../../../arm-none-eabi/lib/thumb/v7e-m/fpv4-sp/hard\libcr_c.a(strlen.o)
 .ARM.attributes
                0x000007b7       0x39 c:/nxp/mcuxpressoide_10.1.1_606/ide/tools/bin/../lib/gcc/arm-none-eabi/6.3.1/../../../../arm-none-eabi/lib/thumb/v7e-m/fpv4-sp/hard\libcr_c.a(__init_alloc.o)
 .ARM.attributes
                0x000007f0       0x39 c:/nxp/mcuxpressoide_10.1.1_606/ide/tools/bin/../lib/gcc/arm-none-eabi/6.3.1/../../../../arm-none-eabi/lib/thumb/v7e-m/fpv4-sp/hard\libcr_c.a(_cr_sbrk.o)
 .ARM.attributes
                0x00000829       0x39 c:/nxp/mcuxpressoide_10.1.1_606/ide/tools/bin/../lib/gcc/arm-none-eabi/6.3.1/../../../../arm-none-eabi/lib/thumb/v7e-m/fpv4-sp/hard\libcr_c.a(_fdopen.o)
 .ARM.attributes
                0x00000862       0x39 c:/nxp/mcuxpressoide_10.1.1_606/ide/tools/bin/../lib/gcc/arm-none-eabi/6.3.1/../../../../arm-none-eabi/lib/thumb/v7e-m/fpv4-sp/hard\libcr_c.a(errno.o)
 .ARM.attributes
                0x0000089b       0x39 c:/nxp/mcuxpressoide_10.1.1_606/ide/tools/bin/../lib/gcc/arm-none-eabi/6.3.1/../../../../arm-none-eabi/lib/thumb/v7e-m/fpv4-sp/hard\libcr_c.a(fclose.o)
 .ARM.attributes
                0x000008d4       0x39 c:/nxp/mcuxpressoide_10.1.1_606/ide/tools/bin/../lib/gcc/arm-none-eabi/6.3.1/../../../../arm-none-eabi/lib/thumb/v7e-m/fpv4-sp/hard\libcr_c.a(fflush.o)
 .ARM.attributes
                0x0000090d       0x39 c:/nxp/mcuxpressoide_10.1.1_606/ide/tools/bin/../lib/gcc/arm-none-eabi/6.3.1/../../../../arm-none-eabi/lib/thumb/v7e-m/fpv4-sp/hard\libcr_c.a(remove.o)
 .ARM.attributes
                0x00000946       0x39 c:/nxp/mcuxpressoide_10.1.1_606/ide/tools/bin/../lib/gcc/arm-none-eabi/6.3.1/../../../../arm-none-eabi/lib/thumb/v7e-m/fpv4-sp/hard\libcr_c.a(_cr_check_heap.o)
 .ARM.attributes
                0x0000097f       0x39 c:/nxp/mcuxpressoide_10.1.1_606/ide/tools/bin/../lib/gcc/arm-none-eabi/6.3.1/../../../../arm-none-eabi/lib/thumb/v7e-m/fpv4-sp/hard\libcr_c.a(_do_fflush.o)
 .ARM.attributes